Component: ARM Compiler 5.06 update 7 (build 960) Tool: armlink [4d3601]

==============================================================================

Section Cross References

    startup_stm32f103xe.o(RESET) refers to startup_stm32f103xe.o(STACK) for __initial_sp
    startup_stm32f103xe.o(RESET) refers to startup_stm32f103xe.o(.text) for Reset_Handler
    startup_stm32f103xe.o(RESET) refers to stm32f1xx_it.o(i.NMI_Handler) for NMI_Handler
    startup_stm32f103xe.o(RESET) refers to stm32f1xx_it.o(i.HardFault_Handler) for HardFault_Handler
    startup_stm32f103xe.o(RESET) refers to stm32f1xx_it.o(i.MemManage_Handler) for MemManage_Handler
    startup_stm32f103xe.o(RESET) refers to stm32f1xx_it.o(i.BusFault_Handler) for BusFault_Handler
    startup_stm32f103xe.o(RESET) refers to stm32f1xx_it.o(i.UsageFault_Handler) for UsageFault_Handler
    startup_stm32f103xe.o(RESET) refers to stm32f1xx_it.o(i.SVC_Handler) for SVC_Handler
    startup_stm32f103xe.o(RESET) refers to stm32f1xx_it.o(i.DebugMon_Handler) for DebugMon_Handler
    startup_stm32f103xe.o(RESET) refers to stm32f1xx_it.o(i.PendSV_Handler) for PendSV_Handler
    startup_stm32f103xe.o(RESET) refers to stm32f1xx_it.o(i.SysTick_Handler) for SysTick_Handler
    startup_stm32f103xe.o(RESET) refers to stm32f1xx_it.o(i.EXTI9_5_IRQHandler) for EXTI9_5_IRQHandler
    startup_stm32f103xe.o(RESET) refers to stm32f1xx_it.o(i.TIM2_IRQHandler) for TIM2_IRQHandler
    startup_stm32f103xe.o(RESET) refers to stm32f1xx_it.o(i.TIM3_IRQHandler) for TIM3_IRQHandler
    startup_stm32f103xe.o(RESET) refers to stm32f1xx_it.o(i.SPI1_IRQHandler) for SPI1_IRQHandler
    startup_stm32f103xe.o(RESET) refers to stm32f1xx_it.o(i.USART1_IRQHandler) for USART1_IRQHandler
    startup_stm32f103xe.o(RESET) refers to stm32f1xx_it.o(i.USART2_IRQHandler) for USART2_IRQHandler
    startup_stm32f103xe.o(RESET) refers to stm32f1xx_it.o(i.EXTI15_10_IRQHandler) for EXTI15_10_IRQHandler
    startup_stm32f103xe.o(RESET) refers to stm32f1xx_it.o(i.TIM8_UP_IRQHandler) for TIM8_UP_IRQHandler
    startup_stm32f103xe.o(RESET) refers to stm32f1xx_it.o(i.TIM8_TRG_COM_IRQHandler) for TIM8_TRG_COM_IRQHandler
    startup_stm32f103xe.o(RESET) refers to stm32f1xx_it.o(i.TIM8_CC_IRQHandler) for TIM8_CC_IRQHandler
    startup_stm32f103xe.o(RESET) refers to stm32f1xx_it.o(i.UART4_IRQHandler) for UART4_IRQHandler
    startup_stm32f103xe.o(RESET) refers to stm32f1xx_it.o(i.TIM6_IRQHandler) for TIM6_IRQHandler
    startup_stm32f103xe.o(.text) refers to system_stm32f1xx.o(i.SystemInit) for SystemInit
    startup_stm32f103xe.o(.text) refers to entry.o(.ARM.Collect$$$$00000000) for __main
    main.o(i.KTY81) refers to f2d.o(.text) for __aeabi_f2d
    main.o(i.KTY81) refers to dadd.o(.text) for __aeabi_drsub
    main.o(i.KTY81) refers to fmul.o(.text) for __aeabi_fmul
    main.o(i.KTY81) refers to ddiv.o(.text) for __aeabi_ddiv
    main.o(i.KTY81) refers to d2f.o(.text) for __aeabi_d2f
    main.o(i.KTY81) refers to fadd.o(.text) for __aeabi_fadd
    main.o(i.KTY81) refers to fdiv.o(.text) for __aeabi_fdiv
    main.o(i.MX_ADC1_Init) refers to stm32f1xx_hal_adc.o(i.HAL_ADC_Init) for HAL_ADC_Init
    main.o(i.MX_ADC1_Init) refers to main.o(i.Error_Handler) for Error_Handler
    main.o(i.MX_ADC1_Init) refers to stm32f1xx_hal_adc.o(i.HAL_ADC_ConfigChannel) for HAL_ADC_ConfigChannel
    main.o(i.MX_ADC1_Init) refers to main.o(.bss) for hadc1
    main.o(i.MX_GPIO_Init) refers to stm32f1xx_hal_gpio.o(i.HAL_GPIO_WritePin) for HAL_GPIO_WritePin
    main.o(i.MX_GPIO_Init) refers to stm32f1xx_hal_gpio.o(i.HAL_GPIO_Init) for HAL_GPIO_Init
    main.o(i.MX_IWDG_Init) refers to stm32f1xx_hal_iwdg.o(i.HAL_IWDG_Init) for HAL_IWDG_Init
    main.o(i.MX_IWDG_Init) refers to main.o(i.Error_Handler) for Error_Handler
    main.o(i.MX_IWDG_Init) refers to main.o(.bss) for hiwdg
    main.o(i.MX_NVIC_Init) refers to stm32f1xx_hal_cortex.o(i.HAL_NVIC_SetPriority) for HAL_NVIC_SetPriority
    main.o(i.MX_NVIC_Init) refers to stm32f1xx_hal_cortex.o(i.HAL_NVIC_EnableIRQ) for HAL_NVIC_EnableIRQ
    main.o(i.MX_SPI1_Init) refers to stm32f1xx_hal_spi.o(i.HAL_SPI_Init) for HAL_SPI_Init
    main.o(i.MX_SPI1_Init) refers to main.o(i.Error_Handler) for Error_Handler
    main.o(i.MX_SPI1_Init) refers to main.o(.bss) for hspi1
    main.o(i.MX_TIM2_Init) refers to memseta.o(.text) for __aeabi_memclr4
    main.o(i.MX_TIM2_Init) refers to stm32f1xx_hal_tim.o(i.HAL_TIM_Base_Init) for HAL_TIM_Base_Init
    main.o(i.MX_TIM2_Init) refers to main.o(i.Error_Handler) for Error_Handler
    main.o(i.MX_TIM2_Init) refers to stm32f1xx_hal_tim.o(i.HAL_TIM_ConfigClockSource) for HAL_TIM_ConfigClockSource
    main.o(i.MX_TIM2_Init) refers to stm32f1xx_hal_tim.o(i.HAL_TIM_SlaveConfigSynchro) for HAL_TIM_SlaveConfigSynchro
    main.o(i.MX_TIM2_Init) refers to stm32f1xx_hal_tim_ex.o(i.HAL_TIMEx_MasterConfigSynchronization) for HAL_TIMEx_MasterConfigSynchronization
[...]
    SPI_EndRxTxTransaction                   0x080056e1   Thumb Code    68  stm32f1xx_hal_spi.o(i.SPI_EndRxTxTransaction)
    i.SPI_WaitFlagStateUntilTimeout          0x08005724   Section        0  stm32f1xx_hal_spi.o(i.SPI_WaitFlagStateUntilTimeout)
    SPI_WaitFlagStateUntilTimeout            0x08005725   Thumb Code   210  stm32f1xx_hal_spi.o(i.SPI_WaitFlagStateUntilTimeout)
    i.SVC_Handler                            0x080057fc   Section        0  stm32f1xx_it.o(i.SVC_Handler)
    i.SaftyCheck                             0x08005800   Section        0  function.o(i.SaftyCheck)
    i.SelfCheck                              0x08005a2c   Section        0  function.o(i.SelfCheck)
    i.SendDSPCommand                         0x08005b08   Section        0  masterrtu.o(i.SendDSPCommand)
    i.StopMoto                               0x08005c24   Section        0  function.o(i.StopMoto)
    i.SysTick_Handler                        0x08005d30   Section        0  stm32f1xx_it.o(i.SysTick_Handler)
    i.SystemClock_Config                     0x08005d38   Section        0  main.o(i.SystemClock_Config)
    i.SystemInit                             0x08005d9e   Section        0  system_stm32f1xx.o(i.SystemInit)
    i.TIM2_IRQHandler                        0x08005da0   Section        0  stm32f1xx_it.o(i.TIM2_IRQHandler)
    i.TIM3_IRQHandler                        0x08005db0   Section        0  stm32f1xx_it.o(i.TIM3_IRQHandler)
    i.TIM6_IRQHandler                        0x08005dc0   Section        0  stm32f1xx_it.o(i.TIM6_IRQHandler)
    i.TIM8_CC_IRQHandler                     0x08005dd0   Section        0  stm32f1xx_it.o(i.TIM8_CC_IRQHandler)
    i.TIM8_TRG_COM_IRQHandler                0x08005de0   Section        0  stm32f1xx_it.o(i.TIM8_TRG_COM_IRQHandler)
    i.TIM8_UP_IRQHandler                     0x08005df0   Section        0  stm32f1xx_it.o(i.TIM8_UP_IRQHandler)
    i.TIM_Base_SetConfig                     0x08005e00   Section        0  stm32f1xx_hal_tim.o(i.TIM_Base_SetConfig)
    i.TIM_CCxChannelCmd                      0x08005eac   Section        0  stm32f1xx_hal_tim.o(i.TIM_CCxChannelCmd)
    i.TIM_ETR_SetConfig                      0x08005ece   Section        0  stm32f1xx_hal_tim.o(i.TIM_ETR_SetConfig)
    i.TIM_ITRx_SetConfig                     0x08005ee4   Section        0  stm32f1xx_hal_tim.o(i.TIM_ITRx_SetConfig)
    TIM_ITRx_SetConfig                       0x08005ee5   Thumb Code    18  stm32f1xx_hal_tim.o(i.TIM_ITRx_SetConfig)
    i.TIM_SlaveTimer_SetConfig               0x08005ef6   Section        0  stm32f1xx_hal_tim.o(i.TIM_SlaveTimer_SetConfig)
    TIM_SlaveTimer_SetConfig                 0x08005ef7   Thumb Code   178  stm32f1xx_hal_tim.o(i.TIM_SlaveTimer_SetConfig)
    i.TIM_TI1_ConfigInputStage               0x08005fa8   Section        0  stm32f1xx_hal_tim.o(i.TIM_TI1_ConfigInputStage)
    TIM_TI1_ConfigInputStage                 0x08005fa9   Thumb Code    38  stm32f1xx_hal_tim.o(i.TIM_TI1_ConfigInputStage)
    i.TIM_TI1_SetConfig                      0x08005fd0   Section        0  stm32f1xx_hal_tim.o(i.TIM_TI1_SetConfig)
    i.TIM_TI2_ConfigInputStage               0x0800604c   Section        0  stm32f1xx_hal_tim.o(i.TIM_TI2_ConfigInputStage)
    TIM_TI2_ConfigInputStage                 0x0800604d   Thumb Code    40  stm32f1xx_hal_tim.o(i.TIM_TI2_ConfigInputStage)
    i.TIM_TI2_SetConfig                      0x08006074   Section        0  stm32f1xx_hal_tim.o(i.TIM_TI2_SetConfig)
    TIM_TI2_SetConfig                        0x08006075   Thumb Code    58  stm32f1xx_hal_tim.o(i.TIM_TI2_SetConfig)
    i.TIM_TI3_SetConfig                      0x080060ae   Section        0  stm32f1xx_hal_tim.o(i.TIM_TI3_SetConfig)
    TIM_TI3_SetConfig                        0x080060af   Thumb Code    56  stm32f1xx_hal_tim.o(i.TIM_TI3_SetConfig)
    i.TIM_TI4_SetConfig                      0x080060e6   Section        0  stm32f1xx_hal_tim.o(i.TIM_TI4_SetConfig)
    TIM_TI4_SetConfig                        0x080060e7   Thumb Code    60  stm32f1xx_hal_tim.o(i.TIM_TI4_SetConfig)
    i.TM1650_Init                            0x08006124   Section        0  tm1650.o(i.TM1650_Init)
    i.TM1650_Set                             0x0800616c   Section        0  tm1650.o(i.TM1650_Set)
    i.UART4_IRQHandler                       0x08006190   Section        0  stm32f1xx_it.o(i.UART4_IRQHandler)
    i.UART_DMAAbortOnError                   0x080061a0   Section        0  stm32f1xx_hal_uart.o(i.UART_DMAAbortOnError)
    UART_DMAAbortOnError                     0x080061a1   Thumb Code    20  stm32f1xx_hal_uart.o(i.UART_DMAAbortOnError)
    i.UART_EndRxTransfer                     0x080061b4   Section        0  stm32f1xx_hal_uart.o(i.UART_EndRxTransfer)
    UART_EndRxTransfer                       0x080061b5   Thumb Code   108  stm32f1xx_hal_uart.o(i.UART_EndRxTransfer)
    i.UART_EndTransmit_IT                    0x08006220   Section        0  stm32f1xx_hal_uart.o(i.UART_EndTransmit_IT)
    UART_EndTransmit_IT                      0x08006221   Thumb Code    32  stm32f1xx_hal_uart.o(i.UART_EndTransmit_IT)
    i.UART_Receive_IT                        0x08006240   Section        0  stm32f1xx_hal_uart.o(i.UART_Receive_IT)
    UART_Receive_IT                          0x08006241   Thumb Code   252  stm32f1xx_hal_uart.o(i.UART_Receive_IT)
    i.UART_SetConfig                         0x0800633c   Section        0  stm32f1xx_hal_uart.o(i.UART_SetConfig)
    UART_SetConfig                           0x0800633d   Thumb Code   248  stm32f1xx_hal_uart.o(i.UART_SetConfig)
    i.UART_Start_Receive_IT                  0x08006438   Section        0  stm32f1xx_hal_uart.o(i.UART_Start_Receive_IT)
    i.UART_Transmit_IT                       0x08006478   Section        0  stm32f1xx_hal_uart.o(i.UART_Transmit_IT)
    UART_Transmit_IT                         0x08006479   Thumb Code    96  stm32f1xx_hal_uart.o(i.UART_Transmit_IT)
    i.USART1_IRQHandler                      0x080064d8   Section        0  stm32f1xx_it.o(i.USART1_IRQHandler)
    i.USART2_IRQHandler                      0x080064e8   Section        0  stm32f1xx_it.o(i.USART2_IRQHandler)
    i.UsageFault_Handler                     0x080064f8   Section        0  stm32f1xx_it.o(i.UsageFault_Handler)
    i.__NVIC_GetPriorityGrouping             0x080064fc   Section        0  stm32f1xx_hal_cortex.o(i.__NVIC_GetPriorityGrouping)
    __NVIC_GetPriorityGrouping               0x080064fd   Thumb Code    10  stm32f1xx_hal_cortex.o(i.__NVIC_GetPriorityGrouping)
    i.__NVIC_SetPriority                     0x0800650c   Section        0  stm32f1xx_hal_cortex.o(i.__NVIC_SetPriority)
    __NVIC_SetPriority                       0x0800650d   Thumb Code    32  stm32f1xx_hal_cortex.o(i.__NVIC_SetPriority)
    i.__scatterload_copy                     0x08006534   Section       14  handlers.o(i.__scatterload_copy)
    i.__scatterload_null                     0x08006542   Section        2  handlers.o(i.__scatterload_null)
    i.__scatterload_zeroinit                 0x08006544   Section       14  handlers.o(i.__scatterload_zeroinit)
    i.adcGetBatteryVoltage                   0x08006554   Section        0  main.o(i.adcGetBatteryVoltage)
    i.armReset                               0x080065ac   Section        0  function.o(i.armReset)
    i.bsp_InitI2c                            0x080065c4   Section        0  24cxx.o(i.bsp_InitI2c)
    i.crc16bitbybit                          0x08006644   Section        0  masterrtu.o(i.crc16bitbybit)
    i.delay_us                               0x08006686   Section        0  myiic.o(i.delay_us)
    i.eeprom_ReadBytes                       0x080066a0   Section        0  24cxx.o(i.eeprom_ReadBytes)
    i.eeprom_WriteBytes                      0x08006726   Section        0  24cxx.o(i.eeprom_WriteBytes)
    i.i2c_Ack                                0x080067f8   Section        0  24cxx.o(i.i2c_Ack)
    i.i2c_Delay                              0x08006830   Section        0  24cxx.o(i.i2c_Delay)
    i2c_Delay                                0x08006831   Thumb Code    10  24cxx.o(i.i2c_Delay)
    i.i2c_NAck                               0x0800683c   Section        0  24cxx.o(i.i2c_NAck)
    i.i2c_ReadByte                           0x08006874   Section        0  24cxx.o(i.i2c_ReadByte)
    i.i2c_SendByte                           0x080068c8   Section        0  24cxx.o(i.i2c_SendByte)
    i.i2c_WaitAck                            0x0800692c   Section        0  24cxx.o(i.i2c_WaitAck)
    i.i2c_start                              0x08006990   Section        0  24cxx.o(i.i2c_start)
    i.i2c_stop                               0x080069d4   Section        0  24cxx.o(i.i2c_stop)
    i.init_PA                                0x08006a18   Section        0  function.o(i.init_PA)
    i.main                                   0x08006a98   Section        0  main.o(i.main)
    i.setSendCRC                             0x08006f70   Section        0  masterrtu.o(i.setSendCRC)
    .constdata                               0x08007054   Section       18  stm32f1xx_hal_rcc.o(.constdata)
    aPLLMULFactorTable                       0x08007054   Data          16  stm32f1xx_hal_rcc.o(.constdata)
    aPredivFactorTable                       0x08007064   Data           2  stm32f1xx_hal_rcc.o(.constdata)
    .constdata                               0x08007066   Section       18  stm32f1xx_hal_rcc_ex.o(.constdata)
    aPLLMULFactorTable                       0x08007066   Data          16  stm32f1xx_hal_rcc_ex.o(.constdata)
    aPredivFactorTable                       0x08007076   Data           2  stm32f1xx_hal_rcc_ex.o(.constdata)
    .constdata                               0x08007078   Section       24  system_stm32f1xx.o(.constdata)
    .data                                    0x20000000   Section      166  main.o(.data)
    .data                                    0x200000a8   Section      132  stm32f1xx_it.o(.data)
    .data                                    0x2000012c   Section        9  stm32f1xx_hal.o(.data)
    .data                                    0x20000138   Section        4  system_stm32f1xx.o(.data)
    .data                                    0x2000013c   Section       24  pid.o(.data)
    .data                                    0x20000154   Section       22  masterrtu.o(.data)
    .data                                    0x2000016a   Section       46  tm1650.o(.data)
    .data                                    0x20000198   Section        6  pc485slave.o(.data)
    .data                                    0x200001a0   Section       84  function.o(.data)
    .bss                                     0x200001f4   Section      724  main.o(.bss)
    .bss                                     0x200004c8   Section      160  stm32f1xx_it.o(.bss)
    .bss                                     0x20000568   Section      200  pc485slave.o(.bss)
    .bss                                     0x20000630   Section     8392  24cxx.o(.bss)
    STACK                                    0x200026f8   Section     1024  startup_stm32f103xe.o(STACK)

    Global Symbols

    Symbol Name                              Value     Ov Type        Size  Object(Section)

    BuildAttributes$$THM_ISAv4$P$D$K$B$S$PE$A:L22UL41UL21$X:L11$S22US41US21$IEEE1$IW$USESV6$~STKCKD$USESV7$~SHL$OTIME$ROPI$EBA8$MICROLIB$REQ8$PRES8$EABIv2 0x00000000   Number         0  anon$$obj.o ABSOLUTE
    __ARM_use_no_argv                        0x00000000   Number         0  main.o ABSOLUTE
    __arm_fini_                               - Undefined Weak Reference
    __cpp_initialize__aeabi_                  - Undefined Weak Reference
    __cxa_finalize                            - Undefined Weak Reference
    _clock_init                               - Undefined Weak Reference
    _microlib_exit                            - Undefined Weak Reference
    __Vectors_Size                           0x00000130   Number         0  startup_stm32f103xe.o ABSOLUTE
    __Vectors                                0x08000000   Data           4  startup_stm32f103xe.o(RESET)
    __Vectors_End                            0x08000130   Data           0  startup_stm32f103xe.o(RESET)
    __main                                   0x08000131   Thumb Code     0  entry.o(.ARM.Collect$$$$00000000)
    _main_stk                                0x08000131   Thumb Code     0  entry2.o(.ARM.Collect$$$$00000001)
    _main_scatterload                        0x08000135   Thumb Code     0  entry5.o(.ARM.Collect$$$$00000004)
    __main_after_scatterload                 0x08000139   Thumb Code     0  entry5.o(.ARM.Collect$$$$00000004)
    _main_clock                              0x08000139   Thumb Code     0  entry7b.o(.ARM.Collect$$$$00000008)
    _main_cpp_init                           0x08000139   Thumb Code     0  entry8b.o(.ARM.Collect$$$$0000000A)
    _main_init                               0x08000139   Thumb Code     0  entry9a.o(.ARM.Collect$$$$0000000B)
    __rt_lib_shutdown_fini                   0x08000141   Thumb Code     0  entry12b.o(.ARM.Collect$$$$0000000E)
    __rt_final_cpp                           0x08000145   Thumb Code     0  entry10a.o(.ARM.Collect$$$$0000000F)
    __rt_final_exit                          0x08000145   Thumb Code     0  entry11a.o(.ARM.Collect$$$$00000011)
    Reset_Handler                            0x08000149   Thumb Code     8  startup_stm32f103xe.o(.text)
    ADC1_2_IRQHandler                        0x08000163   Thumb Code     0  startup_stm32f103xe.o(.text)
    ADC3_IRQHandler                          0x08000163   Thumb Code     0  startup_stm32f103xe.o(.text)
    CAN1_RX1_IRQHandler                      0x08000163   Thumb Code     0  startup_stm32f103xe.o(.text)
    CAN1_SCE_IRQHandler                      0x08000163   Thumb Code     0  startup_stm32f103xe.o(.text)
    DMA1_Channel1_IRQHandler                 0x08000163   Thumb Code     0  startup_stm32f103xe.o(.text)
    DMA1_Channel2_IRQHandler                 0x08000163   Thumb Code     0  startup_stm32f103xe.o(.text)
    DMA1_Channel3_IRQHandler                 0x08000163   Thumb Code     0  startup_stm32f103xe.o(.text)
    DMA1_Channel4_IRQHandler                 0x08000163   Thumb Code     0  startup_stm32f103xe.o(.text)
    DMA1_Channel5_IRQHandler                 0x08000163   Thumb Code     0  startup_stm32f103xe.o(.text)
    DMA1_Channel6_IRQHandler                 0x08000163   Thumb Code     0  startup_stm32f103xe.o(.text)
    DMA1_Channel7_IRQHandler                 0x08000163   Thumb Code     0  startup_stm32f103xe.o(.text)
    DMA2_Channel1_IRQHandler                 0x08000163   Thumb Code     0  startup_stm32f103xe.o(.text)
    DMA2_Channel2_IRQHandler                 0x08000163   Thumb Code     0  startup_stm32f103xe.o(.text)
    DMA2_Channel3_IRQHandler                 0x08000163   Thumb Code     0  startup_stm32f103xe.o(.text)
    DMA2_Channel4_5_IRQHandler               0x08000163   Thumb Code     0  startup_stm32f103xe.o(.text)
    EXTI0_IRQHandler                         0x08000163   Thumb Code     0  startup_stm32f103xe.o(.text)
    EXTI1_IRQHandler                         0x08000163   Thumb Code     0  startup_stm32f103xe.o(.text)
    EXTI2_IRQHandler                         0x08000163   Thumb Code     0  startup_stm32f103xe.o(.text)
    EXTI3_IRQHandler                         0x08000163   Thumb Code     0  startup_stm32f103xe.o(.text)
    EXTI4_IRQHandler                         0x08000163   Thumb Code     0  startup_stm32f103xe.o(.text)
    FLASH_IRQHandler                         0x08000163   Thumb Code     0  startup_stm32f103xe.o(.text)
    FSMC_IRQHandler                          0x08000163   Thumb Code     0  startup_stm32f103xe.o(.text)
    I2C1_ER_IRQHandler                       0x08000163   Thumb Code     0  startup_stm32f103xe.o(.text)
    I2C1_EV_IRQHandler                       0x08000163   Thumb Code     0  startup_stm32f103xe.o(.text)
    I2C2_ER_IRQHandler                       0x08000163   Thumb Code     0  startup_stm32f103xe.o(.text)
    I2C2_EV_IRQHandler                       0x08000163   Thumb Code     0  startup_stm32f103xe.o(.text)
    PVD_IRQHandler                           0x08000163   Thumb Code     0  startup_stm32f103xe.o(.text)
    RCC_IRQHandler                           0x08000163   Thumb Code     0  startup_stm32f103xe.o(.text)
    RTC_Alarm_IRQHandler                     0x08000163   Thumb Code     0  startup_stm32f103xe.o(.text)
    RTC_IRQHandler                           0x08000163   Thumb Code     0  startup_stm32f103xe.o(.text)
    SDIO_IRQHandler                          0x08000163   Thumb Code     0  startup_stm32f103xe.o(.text)
    SPI2_IRQHandler                          0x08000163   Thumb Code     0  startup_stm32f103xe.o(.text)
    SPI3_IRQHandler                          0x08000163   Thumb Code     0  startup_stm32f103xe.o(.text)
    TAMPER_IRQHandler                        0x08000163   Thumb Code     0  startup_stm32f103xe.o(.text)
    TIM1_BRK_IRQHandler                      0x08000163   Thumb Code     0  startup_stm32f103xe.o(.text)
    TIM1_CC_IRQHandler                       0x08000163   Thumb Code     0  startup_stm32f103xe.o(.text)
    TIM1_TRG_COM_IRQHandler                  0x08000163   Thumb Code     0  startup_stm32f103xe.o(.text)
    TIM1_UP_IRQHandler                       0x08000163   Thumb Code     0  startup_stm32f103xe.o(.text)
    TIM4_IRQHandler                          0x08000163   Thumb Code     0  startup_stm32f103xe.o(.text)
    TIM5_IRQHandler                          0x08000163   Thumb Code     0  startup_stm32f103xe.o(.text)
    TIM7_IRQHandler                          0x08000163   Thumb Code     0  startup_stm32f103xe.o(.text)
    TIM8_BRK_IRQHandler                      0x08000163   Thumb Code     0  startup_stm32f103xe.o(.text)
    UART5_IRQHandler                         0x08000163   Thumb Code     0  startup_stm32f103xe.o(.text)
    USART3_IRQHandler                        0x08000163   Thumb Code     0  startup_stm32f103xe.o(.text)
    USBWakeUp_IRQHandler                     0x08000163   Thumb Code     0  startup_stm32f103xe.o(.text)
    USB_HP_CAN1_TX_IRQHandler                0x08000163   Thumb Code     0  startup_stm32f103xe.o(.text)
    USB_LP_CAN1_RX0_IRQHandler               0x08000163   Thumb Code     0  startup_stm32f103xe.o(.text)
    WWDG_IRQHandler                          0x08000163   Thumb Code     0  startup_stm32f103xe.o(.text)
    __aeabi_llsr                             0x0800016d   Thumb Code    32  llushr.o(.text)
    _ll_ushift_r                             0x0800016d   Thumb Code     0  llushr.o(.text)
    __aeabi_memcpy                           0x0800018d   Thumb Code    36  memcpya.o(.text)
    __aeabi_memcpy4                          0x0800018d   Thumb Code     0  memcpya.o(.text)
    __aeabi_memcpy8                          0x0800018d   Thumb Code     0  memcpya.o(.text)
    __aeabi_memset                           0x080001b1   Thumb Code    14  memseta.o(.text)
    __aeabi_memset4                          0x080001b1   Thumb Code     0  memseta.o(.text)
    __aeabi_memset8                          0x080001b1   Thumb Code     0  memseta.o(.text)
    __aeabi_memclr                           0x080001bf   Thumb Code     4  memseta.o(.text)
    __aeabi_memclr4                          0x080001bf   Thumb Code     0  memseta.o(.text)
    __aeabi_memclr8                          0x080001bf   Thumb Code     0  memseta.o(.text)
    _memset$wrapper                          0x080001c3   Thumb Code    18  memseta.o(.text)
    __aeabi_fadd                             0x080001d5   Thumb Code   164  fadd.o(.text)
    __aeabi_fsub                             0x08000279   Thumb Code     6  fadd.o(.text)
    __aeabi_frsub                            0x0800027f   Thumb Code     6  fadd.o(.text)
    __aeabi_fmul                             0x08000285   Thumb Code   100  fmul.o(.text)
    __aeabi_fdiv                             0x080002e9   Thumb Code   124  fdiv.o(.text)
    __aeabi_dadd                             0x08000365   Thumb Code   322  dadd.o(.text)
    __aeabi_dsub                             0x080004a7   Thumb Code     6  dadd.o(.text)
    __aeabi_drsub                            0x080004ad   Thumb Code     6  dadd.o(.text)
    __aeabi_dmul                             0x080004b3   Thumb Code   228  dmul.o(.text)
    __aeabi_ddiv                             0x08000597   Thumb Code   222  ddiv.o(.text)
    __aeabi_ui2f                             0x08000675   Thumb Code    10  ffltui.o(.text)
    __aeabi_i2d                              0x0800067f   Thumb Code    34  dflti.o(.text)
    __aeabi_ui2d                             0x080006a1   Thumb Code    26  dfltui.o(.text)
    __aeabi_f2iz                             0x080006bb   Thumb Code    50  ffixi.o(.text)
    __aeabi_d2iz                             0x080006ed   Thumb Code    62  dfixi.o(.text)
    __aeabi_f2d                              0x0800072b   Thumb Code    38  f2d.o(.text)
    __aeabi_cdcmpeq                          0x08000751   Thumb Code     0  cdcmple.o(.text)
    __aeabi_cdcmple                          0x08000751   Thumb Code    48  cdcmple.o(.text)
    __aeabi_cdrcmple                         0x08000781   Thumb Code    48  cdrcmple.o(.text)
    __aeabi_d2f                              0x080007b1   Thumb Code    56  d2f.o(.text)
    __aeabi_llsl                             0x080007e9   Thumb Code    30  llshl.o(.text)
    _ll_shift_l                              0x080007e9   Thumb Code     0  llshl.o(.text)
    __aeabi_lasr                             0x08000807   Thumb Code    36  llsshr.o(.text)
    _ll_sshift_r                             0x08000807   Thumb Code     0  llsshr.o(.text)
    __I$use$fp                               0x0800082b   Thumb Code     0  iusefp.o(.text)
    _float_round                             0x0800082b   Thumb Code    18  fepilogue.o(.text)
    _float_epilogue                          0x0800083d   Thumb Code    92  fepilogue.o(.text)
    _double_round                            0x08000899   Thumb Code    30  depilogue.o(.text)
    _double_epilogue                         0x080008b7   Thumb Code   156  depilogue.o(.text)
    __scatterload                            0x08000955   Thumb Code    28  init.o(.text)
    __scatterload_rt2                        0x08000955   Thumb Code     0  init.o(.text)
    __decompress                             0x08000979   Thumb Code     0  __dczerorl.o(.text)
    __decompress0                            0x08000979   Thumb Code    58  __dczerorl.o(.text)
    ADC_ConversionStop_Disable               0x080009b3   Thumb Code    92  stm32f1xx_hal_adc.o(i.ADC_ConversionStop_Disable)
    ADC_Enable                               0x08000a11   Thumb Code   134  stm32f1xx_hal_adc.o(i.ADC_Enable)
    AT24C64_Check                            0x08000aa1   Thumb Code    70  24cxx.o(i.AT24C64_Check)
    AdjSpeed                                 0x08000ae9   Thumb Code    80  masterrtu.o(i.AdjSpeed)
    AllZdFind                                0x08000b51   Thumb Code  1128  function.o(i.AllZdFind)
    BeginSystemSyncProcess                   0x08000fc1   Thumb Code   278  function.o(i.BeginSystemSyncProcess)
    BengParaCheck                            0x0800110d   Thumb Code   334  function.o(i.BengParaCheck)
    BusFault_Handler                         0x08001279   Thumb Code     4  stm32f1xx_it.o(i.BusFault_Handler)
    CheckBeforeRun                           0x0800127d   Thumb Code   502  function.o(i.CheckBeforeRun)
    CheckFindOver                            0x08001491   Thumb Code   218  masterrtu.o(i.CheckFindOver)
    ClearALMcom                              0x08001595   Thumb Code    22  function.o(i.ClearALMcom)
    DebugMon_Handler                         0x080015b1   Thumb Code     2  stm32f1xx_it.o(i.DebugMon_Handler)
    DisError                                 0x080015b5   Thumb Code    92  function.o(i.DisError)
    DisSpeed                                 0x08001619   Thumb Code   122  tm1650.o(i.DisSpeed)
    EXTI15_10_IRQHandler                     0x08001699   Thumb Code    12  stm32f1xx_it.o(i.EXTI15_10_IRQHandler)
    EXTI9_5_IRQHandler                       0x080016a5   Thumb Code    12  stm32f1xx_it.o(i.EXTI9_5_IRQHandler)
    Error_Handler                            0x080016b1   Thumb Code     6  main.o(i.Error_Handler)
    HAL_ADC_ConfigChannel                    0x080016b9   Thumb Code   338  stm32f1xx_hal_adc.o(i.HAL_ADC_ConfigChannel)
    HAL_ADC_GetValue                         0x08001819   Thumb Code     8  stm32f1xx_hal_adc.o(i.HAL_ADC_GetValue)
    HAL_ADC_Init                             0x08001821   Thumb Code   340  stm32f1xx_hal_adc.o(i.HAL_ADC_Init)
    HAL_ADC_MspInit                          0x08001981   Thumb Code    98  stm32f1xx_hal_msp.o(i.HAL_ADC_MspInit)
    HAL_ADC_PollForConversion                0x080019f1   Thumb Code   366  stm32f1xx_hal_adc.o(i.HAL_ADC_PollForConversion)
    HAL_ADC_Start                            0x08001b71   Thumb Code   294  stm32f1xx_hal_adc.o(i.HAL_ADC_Start)
    HAL_DMA_Abort                            0x08001ca1   Thumb Code    86  stm32f1xx_hal_dma.o(i.HAL_DMA_Abort)
    HAL_DMA_Abort_IT                         0x08001cf9   Thumb Code   414  stm32f1xx_hal_dma.o(i.HAL_DMA_Abort_IT)
    HAL_Delay                                0x08001ea1   Thumb Code    36  stm32f1xx_hal.o(i.HAL_Delay)
    HAL_GPIO_EXTI_Callback                   0x08001ec9   Thumb Code   164  stm32f1xx_it.o(i.HAL_GPIO_EXTI_Callback)
    HAL_GPIO_EXTI_IRQHandler                 0x08001f89   Thumb Code    24  stm32f1xx_hal_gpio.o(i.HAL_GPIO_EXTI_IRQHandler)
    HAL_GPIO_Init                            0x08001fa5   Thumb Code   792  stm32f1xx_hal_gpio.o(i.HAL_GPIO_Init)
    HAL_GPIO_ReadPin                         0x080022e5   Thumb Code    16  stm32f1xx_hal_gpio.o(i.HAL_GPIO_ReadPin)
    HAL_GPIO_WritePin                        0x080022f5   Thumb Code    12  stm32f1xx_hal_gpio.o(i.HAL_GPIO_WritePin)
    HAL_GetTick                              0x08002301   Thumb Code     6  stm32f1xx_hal.o(i.HAL_GetTick)
    HAL_IWDG_Init                            0x0800230d   Thumb Code    98  stm32f1xx_hal_iwdg.o(i.HAL_IWDG_Init)
    HAL_IWDG_Refresh                         0x0800236f   Thumb Code    14  stm32f1xx_hal_iwdg.o(i.HAL_IWDG_Refresh)
    HAL_IncTick                              0x0800237d   Thumb Code    16  stm32f1xx_hal.o(i.HAL_IncTick)
    HAL_Init                                 0x08002395   Thumb Code    34  stm32f1xx_hal.o(i.HAL_Init)
    HAL_InitTick                             0x080023bd   Thumb Code    64  stm32f1xx_hal.o(i.HAL_InitTick)
    HAL_MspInit                              0x08002409   Thumb Code    76  stm32f1xx_hal_msp.o(i.HAL_MspInit)
    HAL_NVIC_EnableIRQ                       0x0800245d   Thumb Code    32  stm32f1xx_hal_cortex.o(i.HAL_NVIC_EnableIRQ)
    HAL_NVIC_SetPriority                     0x0800247d   Thumb Code   124  stm32f1xx_hal_cortex.o(i.HAL_NVIC_SetPriority)
    HAL_NVIC_SetPriorityGrouping             0x080024f9   Thumb Code    32  stm32f1xx_hal_cortex.o(i.HAL_NVIC_SetPriorityGrouping)
    HAL_NVIC_SystemReset                     0x08002521   Thumb Code    60  stm32f1xx_hal_cortex.o(i.HAL_NVIC_SystemReset)
    HAL_RCCEx_GetPeriphCLKFreq               0x08002565   Thumb Code   260  stm32f1xx_hal_rcc_ex.o(i.HAL_RCCEx_GetPeriphCLKFreq)
    HAL_RCC_ClockConfig                      0x0800267d   Thumb Code   376  stm32f1xx_hal_rcc.o(i.HAL_RCC_ClockConfig)
    HAL_RCC_GetHCLKFreq                      0x08002809   Thumb Code     6  stm32f1xx_hal_rcc.o(i.HAL_RCC_GetHCLKFreq)
    HAL_RCC_GetPCLK1Freq                     0x08002815   Thumb Code    22  stm32f1xx_hal_rcc.o(i.HAL_RCC_GetPCLK1Freq)
    HAL_RCC_GetPCLK2Freq                     0x08002835   Thumb Code    22  stm32f1xx_hal_rcc.o(i.HAL_RCC_GetPCLK2Freq)
    HAL_RCC_GetSysClockFreq                  0x08002855   Thumb Code    92  stm32f1xx_hal_rcc.o(i.HAL_RCC_GetSysClockFreq)
    HAL_RCC_OscConfig                        0x080028c5   Thumb Code  1114  stm32f1xx_hal_rcc.o(i.HAL_RCC_OscConfig)
    HAL_SPI_ErrorCallback                    0x08002d29   Thumb Code     2  stm32f1xx_hal_spi.o(i.HAL_SPI_ErrorCallback)
    HAL_SPI_IRQHandler                       0x08002d2d   Thumb Code   304  stm32f1xx_hal_spi.o(i.HAL_SPI_IRQHandler)
    HAL_SPI_Init                             0x08002e61   Thumb Code   190  stm32f1xx_hal_spi.o(i.HAL_SPI_Init)
    HAL_SPI_MspInit                          0x08002f21   Thumb Code   122  stm32f1xx_hal_msp.o(i.HAL_SPI_MspInit)
    HAL_SPI_RxCpltCallback                   0x08002fa9   Thumb Code    22  stm32f1xx_it.o(i.HAL_SPI_RxCpltCallback)
    HAL_SPI_TransmitReceive_IT               0x08002fc9   Thumb Code   166  stm32f1xx_hal_spi.o(i.HAL_SPI_TransmitReceive_IT)
    HAL_SPI_TxRxCpltCallback                 0x08003081   Thumb Code    38  stm32f1xx_it.o(i.HAL_SPI_TxRxCpltCallback)
    HAL_SYSTICK_Config                       0x080030bd   Thumb Code    52  stm32f1xx_hal_cortex.o(i.HAL_SYSTICK_Config)
    HAL_TIMEx_BreakCallback                  0x080030f1   Thumb Code     2  stm32f1xx_hal_tim_ex.o(i.HAL_TIMEx_BreakCallback)
    HAL_TIMEx_CommutCallback                 0x080030f3   Thumb Code     2  stm32f1xx_hal_tim_ex.o(i.HAL_TIMEx_CommutCallback)
    HAL_TIMEx_MasterConfigSynchronization    0x080030f5   Thumb Code   134  stm32f1xx_hal_tim_ex.o(i.HAL_TIMEx_MasterConfigSynchronization)
    HAL_TIM_Base_Init                        0x08003191   Thumb Code   102  stm32f1xx_hal_tim.o(i.HAL_TIM_Base_Init)
    HAL_TIM_Base_MspInit                     0x080031f9   Thumb Code   298  stm32f1xx_hal_msp.o(i.HAL_TIM_Base_MspInit)
    HAL_TIM_Base_Start                       0x0800333d   Thumb Code   110  stm32f1xx_hal_tim.o(i.HAL_TIM_Base_Start)
    HAL_TIM_Base_Start_IT                    0x080033c1   Thumb Code   122  stm32f1xx_hal_tim.o(i.HAL_TIM_Base_Start_IT)
    HAL_TIM_ConfigClockSource                0x08003451   Thumb Code   268  stm32f1xx_hal_tim.o(i.HAL_TIM_ConfigClockSource)
    HAL_TIM_ConfigTI1Input                   0x0800355d   Thumb Code    22  stm32f1xx_hal_tim.o(i.HAL_TIM_ConfigTI1Input)
    HAL_TIM_IC_CaptureCallback               0x08003575   Thumb Code   426  stm32f1xx_it.o(i.HAL_TIM_IC_CaptureCallback)
    HAL_TIM_IC_ConfigChannel                 0x08003781   Thumb Code   222  stm32f1xx_hal_tim.o(i.HAL_TIM_IC_ConfigChannel)
    HAL_TIM_IC_Init                          0x0800385f   Thumb Code   102  stm32f1xx_hal_tim.o(i.HAL_TIM_IC_Init)
    HAL_TIM_IC_MspInit                       0x080038c5   Thumb Code     2  stm32f1xx_hal_tim.o(i.HAL_TIM_IC_MspInit)
    HAL_TIM_IC_Start_IT                      0x080038c9   Thumb Code   356  stm32f1xx_hal_tim.o(i.HAL_TIM_IC_Start_IT)
    HAL_TIM_IRQHandler                       0x08003a41   Thumb Code   364  stm32f1xx_hal_tim.o(i.HAL_TIM_IRQHandler)
    HAL_TIM_OC_DelayElapsedCallback          0x08003bad   Thumb Code     2  stm32f1xx_hal_tim.o(i.HAL_TIM_OC_DelayElapsedCallback)
    HAL_TIM_PWM_PulseFinishedCallback        0x08003baf   Thumb Code     2  stm32f1xx_hal_tim.o(i.HAL_TIM_PWM_PulseFinishedCallback)
    HAL_TIM_PeriodElapsedCallback            0x08003bb1   Thumb Code   454  stm32f1xx_it.o(i.HAL_TIM_PeriodElapsedCallback)
    HAL_TIM_ReadCapturedValue                0x08003dd1   Thumb Code    50  stm32f1xx_hal_tim.o(i.HAL_TIM_ReadCapturedValue)
    HAL_TIM_SlaveConfigSynchro               0x08003e03   Thumb Code   108  stm32f1xx_hal_tim.o(i.HAL_TIM_SlaveConfigSynchro)
    HAL_TIM_TriggerCallback                  0x08003e6f   Thumb Code     2  stm32f1xx_hal_tim.o(i.HAL_TIM_TriggerCallback)
    HAL_UARTEx_ReceiveToIdle_IT              0x08003e71   Thumb Code   114  stm32f1xx_hal_uart.o(i.HAL_UARTEx_ReceiveToIdle_IT)
    HAL_UARTEx_RxEventCallback               0x08003ee5   Thumb Code   324  masterrtu.o(i.HAL_UARTEx_RxEventCallback)
    HAL_UART_ErrorCallback                   0x08004059   Thumb Code    10  masterrtu.o(i.HAL_UART_ErrorCallback)
    HAL_UART_IRQHandler                      0x08004069   Thumb Code   736  stm32f1xx_hal_uart.o(i.HAL_UART_IRQHandler)
    HAL_UART_Init                            0x0800434d   Thumb Code   118  stm32f1xx_hal_uart.o(i.HAL_UART_Init)
    HAL_UART_MspInit                         0x080043c5   Thumb Code   386  stm32f1xx_hal_msp.o(i.HAL_UART_MspInit)
    HAL_UART_RxCpltCallback                  0x08004569   Thumb Code     2  stm32f1xx_hal_uart.o(i.HAL_UART_RxCpltCallback)
    HAL_UART_Transmit_IT                     0x0800456b   Thumb Code    56  stm32f1xx_hal_uart.o(i.HAL_UART_Transmit_IT)
    HAL_UART_TxCpltCallback                  0x080045a5   Thumb Code    42  masterrtu.o(i.HAL_UART_TxCpltCallback)
    HardFault_Handler                        0x080045e1   Thumb Code     4  stm32f1xx_it.o(i.HardFault_Handler)
    HisSyncAction                            0x080045e5   Thumb Code    60  function.o(i.HisSyncAction)
    IIC_Init                                 0x08004639   Thumb Code    88  myiic.o(i.IIC_Init)
    IIC_Send_Byte                            0x08004699   Thumb Code   106  myiic.o(i.IIC_Send_Byte)
    IIC_Start                                0x08004709   Thumb Code    64  myiic.o(i.IIC_Start)
    IIC_Stop                                 0x0800474d   Thumb Code    64  myiic.o(i.IIC_Stop)
    IIC_Wait_Ack                             0x08004791   Thumb Code    88  myiic.o(i.IIC_Wait_Ack)
    InitAngIfRight                           0x080047ed   Thumb Code   374  function.o(i.InitAngIfRight)
    KTY81                                    0x0800497d   Thumb Code    84  main.o(i.KTY81)
    MX_USART1_UART_Init                      0x08004ea1   Thumb Code    46  main.o(i.MX_USART1_UART_Init)
    MX_USART2_UART_Init                      0x08004ed9   Thumb Code    52  main.o(i.MX_USART2_UART_Init)
    MemManage_Handler                        0x08004f15   Thumb Code     4  stm32f1xx_it.o(i.MemManage_Handler)
    NMI_Handler                              0x08004f19   Thumb Code     4  stm32f1xx_it.o(i.NMI_Handler)
    PC485SlaveProcess03                      0x08004f1d   Thumb Code   164  pc485slave.o(i.PC485SlaveProcess03)
    PC485SlaveProcess06                      0x08004fe1   Thumb Code   494  pc485slave.o(i.PC485SlaveProcess06)
    PIDencodr                                0x080051f9   Thumb Code   114  pid.o(i.PIDencodr)
    PendSV_Handler                           0x0800527d   Thumb Code     2  stm32f1xx_it.o(i.PendSV_Handler)
    ReadDsp1Reg                              0x080052a9   Thumb Code   216  masterrtu.o(i.ReadDsp1Reg)
    ReadDsp1RegITReiver                      0x080053a5   Thumb Code   102  masterrtu.o(i.ReadDsp1RegITReiver)
    ResetDSP                                 0x0800542d   Thumb Code    46  function.o(i.ResetDSP)
    ResoverBit_Line                          0x0800545b   Thumb Code   152  function.o(i.ResoverBit_Line)
    SDA_IN                                   0x080054f5   Thumb Code    26  myiic.o(i.SDA_IN)
    SDA_OUT                                  0x08005515   Thumb Code    24  myiic.o(i.SDA_OUT)
    SPI1_IRQHandler                          0x08005531   Thumb Code    10  stm32f1xx_it.o(i.SPI1_IRQHandler)
    SVC_Handler                              0x080057fd   Thumb Code     2  stm32f1xx_it.o(i.SVC_Handler)
    SaftyCheck                               0x08005801   Thumb Code   474  function.o(i.SaftyCheck)
    SelfCheck                                0x08005a2d   Thumb Code   212  function.o(i.SelfCheck)
    SendDSPCommand                           0x08005b09   Thumb Code   242  masterrtu.o(i.SendDSPCommand)
    StopMoto                                 0x08005c25   Thumb Code   204  function.o(i.StopMoto)
    SysTick_Handler                          0x08005d31   Thumb Code     8  stm32f1xx_it.o(i.SysTick_Handler)
    SystemClock_Config                       0x08005d39   Thumb Code   102  main.o(i.SystemClock_Config)
    SystemInit                               0x08005d9f   Thumb Code     2  system_stm32f1xx.o(i.SystemInit)
    TIM2_IRQHandler                          0x08005da1   Thumb Code    10  stm32f1xx_it.o(i.TIM2_IRQHandler)
    TIM3_IRQHandler                          0x08005db1   Thumb Code    10  stm32f1xx_it.o(i.TIM3_IRQHandler)
    TIM6_IRQHandler                          0x08005dc1   Thumb Code    10  stm32f1xx_it.o(i.TIM6_IRQHandler)
    TIM8_CC_IRQHandler                       0x08005dd1   Thumb Code    10  stm32f1xx_it.o(i.TIM8_CC_IRQHandler)
    TIM8_TRG_COM_IRQHandler                  0x08005de1   Thumb Code    10  stm32f1xx_it.o(i.TIM8_TRG_COM_IRQHandler)
    TIM8_UP_IRQHandler                       0x08005df1   Thumb Code    10  stm32f1xx_it.o(i.TIM8_UP_IRQHandler)
    TIM_Base_SetConfig                       0x08005e01   Thumb Code   150  stm32f1xx_hal_tim.o(i.TIM_Base_SetConfig)
    TIM_CCxChannelCmd                        0x08005ead   Thumb Code    34  stm32f1xx_hal_tim.o(i.TIM_CCxChannelCmd)
    TIM_ETR_SetConfig                        0x08005ecf   Thumb Code    22  stm32f1xx_hal_tim.o(i.TIM_ETR_SetConfig)
    TIM_TI1_SetConfig                        0x08005fd1   Thumb Code   102  stm32f1xx_hal_tim.o(i.TIM_TI1_SetConfig)
    TM1650_Init                              0x08006125   Thumb Code    68  tm1650.o(i.TM1650_Init)
    TM1650_Set                               0x0800616d   Thumb Code    36  tm1650.o(i.TM1650_Set)
    UART4_IRQHandler                         0x08006191   Thumb Code    10  stm32f1xx_it.o(i.UART4_IRQHandler)
    UART_Start_Receive_IT                    0x08006439   Thumb Code    64  stm32f1xx_hal_uart.o(i.UART_Start_Receive_IT)
    USART1_IRQHandler                        0x080064d9   Thumb Code    10  stm32f1xx_it.o(i.USART1_IRQHandler)
    USART2_IRQHandler                        0x080064e9   Thumb Code    10  stm32f1xx_it.o(i.USART2_IRQHandler)
    UsageFault_Handler                       0x080064f9   Thumb Code     4  stm32f1xx_it.o(i.UsageFault_Handler)
    __scatterload_copy                       0x08006535   Thumb Code    14  handlers.o(i.__scatterload_copy)
    __scatterload_null                       0x08006543   Thumb Code     2  handlers.o(i.__scatterload_null)
    __scatterload_zeroinit                   0x08006545   Thumb Code    14  handlers.o(i.__scatterload_zeroinit)
    adcGetBatteryVoltage                     0x08006555   Thumb Code    74  main.o(i.adcGetBatteryVoltage)
    armReset                                 0x080065ad   Thumb Code    20  function.o(i.armReset)
    bsp_InitI2c                              0x080065c5   Thumb Code   120  24cxx.o(i.bsp_InitI2c)
    crc16bitbybit                            0x08006645   Thumb Code    66  masterrtu.o(i.crc16bitbybit)
    delay_us                                 0x08006687   Thumb Code    26  myiic.o(i.delay_us)
    eeprom_ReadBytes                         0x080066a1   Thumb Code   134  24cxx.o(i.eeprom_ReadBytes)
    eeprom_WriteBytes                        0x08006727   Thumb Code   208  24cxx.o(i.eeprom_WriteBytes)
    i2c_Ack                                  0x080067f9   Thumb Code    48  24cxx.o(i.i2c_Ack)
    i2c_NAck                                 0x0800683d   Thumb Code    48  24cxx.o(i.i2c_NAck)
    i2c_ReadByte                             0x08006875   Thumb Code    74  24cxx.o(i.i2c_ReadByte)
    i2c_SendByte                             0x080068c9   Thumb Code    90  24cxx.o(i.i2c_SendByte)
    i2c_WaitAck                              0x0800692d   Thumb Code    90  24cxx.o(i.i2c_WaitAck)
    i2c_start                                0x08006991   Thumb Code    58  24cxx.o(i.i2c_start)
    i2c_stop                                 0x080069d5   Thumb Code    58  24cxx.o(i.i2c_stop)
    init_PA                                  0x08006a19   Thumb Code    72  function.o(i.init_PA)
    main                                     0x08006a99   Thumb Code  1240  main.o(i.main)
    setSendCRC                               0x08006f71   Thumb Code   220  masterrtu.o(i.setSendCRC)
    AHBPrescTable                            0x08007078   Data          16  system_stm32f1xx.o(.constdata)
    APBPrescTable                            0x08007088   Data           8  system_stm32f1xx.o(.constdata)
    Region$$Table$$Base                      0x08007090   Number         0  anon$$obj.o(Region$$Table)
    Region$$Table$$Limit                     0x080070b0   Number         0  anon$$obj.o(Region$$Table)
    BoardT                                   0x20000000   Data           4  main.o(.data)
    HighSpeedOk                              0x20000004   Data           1  main.o(.data)
    PowerNow                                 0x20000008   Data           4  main.o(.data)
    PowerMaX                                 0x2000000c   Data           4  main.o(.data)
    LiJuLimit                                0x20000010   Data           2  main.o(.data)
    ReadDSPBusy                              0x20000012   Data           2  main.o(.data)
    OffAdjFinishedFlag                       0x20000014   Data           1  main.o(.data)
    AvrFactSpeed                             0x20000016   Data           2  main.o(.data)
    PreNowCommandSpeed                       0x20000018   Data           2  main.o(.data)
    count600                                 0x2000001a   Data           2  main.o(.data)
    ReadCount                                0x2000001c   Data           2  main.o(.data)
    BadSpeed                                 0x20000020   Data           4  main.o(.data)
    BadCCH2                                  0x20000024   Data           4  main.o(.data)
    MaxIn                                    0x20000028   Data           1  main.o(.data)
    MaxError                                 0x2000002a   Data           2  main.o(.data)
    DengerCount                              0x2000002c   Data           1  main.o(.data)
    SlowTimeFlag                             0x2000002d   Data           1  main.o(.data)
    OffspeeddecCount                         0x2000002e   Data           2  main.o(.data)
    adjAddtimeFlag                           0x20000030   Data           1  main.o(.data)
    Off                                      0x20000032   Data           2  main.o(.data)
    DoZDJzFlag                               0x20000034   Data           1  main.o(.data)
    WorkBegin                                0x20000035   Data           1  main.o(.data)
    L                                        0x20000038   Data           4  main.o(.data)
    R                                        0x2000003c   Data           4  main.o(.data)
    SyncWarningVal                           0x20000040   Data           2  main.o(.data)
    OffVal                                   0x20000042   Data           2  main.o(.data)
    checkover                                0x20000044   Data           1  main.o(.data)
    SyncBadCount                             0x20000048   Data           4  main.o(.data)
    SlowSpeededFlag                          0x2000004c   Data           1  main.o(.data)
    PIDout                                   0x20000050   Data           4  main.o(.data)
    Saftycount                               0x20000054   Data           4  main.o(.data)
    SyncCount                                0x20000058   Data           2  main.o(.data)
    FastSpeedFlag                            0x2000005a   Data           1  main.o(.data)
    NowCommandSPEED                          0x2000005c   Data           2  main.o(.data)
    Safty                                    0x2000005e   Data           1  main.o(.data)
    Dsp485RX2Buff                            0x2000005f   Data           7  main.o(.data)
    Dsp485TX2Buff                            0x20000066   Data           8  main.o(.data)
    Pc485RX2Buff                             0x2000006e   Data           8  main.o(.data)
    Pc485TX2Buff                             0x20000076   Data           8  main.o(.data)
    Count485                                 0x2000007e   Data           2  main.o(.data)
    ArmErrorCode                             0x20000080   Data           4  main.o(.data)
    FactSpeed                                0x20000084   Data           4  main.o(.data)
    SPITxBuffer                              0x20000088   Data           2  main.o(.data)
    SPIRxBuffer                              0x2000008a   Data           2  main.o(.data)
    Safty2                                   0x2000008c   Data           1  main.o(.data)
    NowSpeed1                                0x2000008e   Data           2  main.o(.data)
    NowSpeed2                                0x20000090   Data           2  main.o(.data)
    CommandReturnCode                        0x20000092   Data           1  main.o(.data)
    RePress                                  0x20000093   Data           1  main.o(.data)
    temp                                     0x20000094   Data           1  main.o(.data)
    TempPositonOut1                          0x20000096   Data           2  main.o(.data)
    TempPositonOut2                          0x20000098   Data           2  main.o(.data)
    AveEN                                    0x2000009a   Data           1  main.o(.data)
    PositionErrorAve                         0x2000009c   Data           2  main.o(.data)
    testGPIO                                 0x2000009e   Data           1  main.o(.data)
    Vt_Kty81                                 0x200000a0   Data           4  main.o(.data)
    x                                        0x200000a4   Data           2  main.o(.data)
    WritedDelayCount                         0x200000a8   Data           2  stm32f1xx_it.o(.data)
    BigError                                 0x200000aa   Data           1  stm32f1xx_it.o(.data)
    DltaSpd                                  0x200000ac   Data           4  stm32f1xx_it.o(.data)
    AdjspdDelayCount                         0x200000b0   Data           2  stm32f1xx_it.o(.data)
    ReadLiJuSpdFlag                          0x200000b2   Data           1  stm32f1xx_it.o(.data)
    MyFactSpeed                              0x200000b4   Data           4  stm32f1xx_it.o(.data)
    MySpeedCount                             0x200000b8   Data           4  stm32f1xx_it.o(.data)
    ToCheckError                             0x200000bc   Data           2  stm32f1xx_it.o(.data)
    UsedTimeCount                            0x200000be   Data           2  stm32f1xx_it.o(.data)
    UsedTime                                 0x200000c0   Data           4  stm32f1xx_it.o(.data)
    PowerLimit                               0x200000c4   Data           4  stm32f1xx_it.o(.data)
    MaxPowerCount                            0x200000c8   Data           2  stm32f1xx_it.o(.data)
    R600Time                                 0x200000ca   Data           2  stm32f1xx_it.o(.data)
    WriteDSPBusy                             0x200000cc   Data           2  stm32f1xx_it.o(.data)
    SaftyCheckCount                          0x200000ce   Data           2  stm32f1xx_it.o(.data)
    WriteDspDelayCount1                      0x200000d0   Data           1  stm32f1xx_it.o(.data)
    WriteDspDelayCount2                      0x200000d1   Data           1  stm32f1xx_it.o(.data)
    CCHSpeed                                 0x200000d4   Data           4  stm32f1xx_it.o(.data)
    SaveSyncConst                            0x200000d8   Data           2  stm32f1xx_it.o(.data)
    BaiFenShuIndex                           0x200000da   Data           1  stm32f1xx_it.o(.data)
    BeginStep                                0x200000db   Data           1  stm32f1xx_it.o(.data)
    AddSpeedCount                            0x200000dc   Data           2  stm32f1xx_it.o(.data)
    DecSpeedCount                            0x200000de   Data           2  stm32f1xx_it.o(.data)
    LowstSpeed                               0x200000e0   Data           2  stm32f1xx_it.o(.data)
    FactSpeedIndex                           0x200000e2   Data           1  stm32f1xx_it.o(.data)
    TempFactSpeed                            0x200000e4   Data           2  stm32f1xx_it.o(.data)
    SumFactSpeed                             0x200000e8   Data           4  stm32f1xx_it.o(.data)
    DangerousCount                           0x200000ec   Data           2  stm32f1xx_it.o(.data)
    PositionErrorIndex                       0x200000ee   Data           1  stm32f1xx_it.o(.data)
    PositionErrorSum                         0x200000f0   Data           4  stm32f1xx_it.o(.data)
    SyncCOMMAND                              0x200000f4   Data           1  stm32f1xx_it.o(.data)
    TestPidData                              0x200000f6   Data           2  stm32f1xx_it.o(.data)
    syncConst                                0x200000f8   Data           2  stm32f1xx_it.o(.data)
    NowError                                 0x200000fa   Data           2  stm32f1xx_it.o(.data)
    PidSpi                                   0x200000fc   Data           4  stm32f1xx_it.o(.data)
    Count                                    0x20000100   Data           2  stm32f1xx_it.o(.data)
    CCH                                      0x20000102   Data           2  stm32f1xx_it.o(.data)
    CCL                                      0x20000104   Data           2  stm32f1xx_it.o(.data)
    CCH2                                     0x20000106   Data           2  stm32f1xx_it.o(.data)
    CCL2                                     0x20000108   Data           2  stm32f1xx_it.o(.data)
    CC1                                      0x2000010a   Data           8  stm32f1xx_it.o(.data)
    ccsum                                    0x20000112   Data           2  stm32f1xx_it.o(.data)
    BaiFenShu                                0x20000114   Data           2  stm32f1xx_it.o(.data)
    FactError                                0x20000116   Data           2  stm32f1xx_it.o(.data)
    Fhao                                     0x20000118   Data           1  stm32f1xx_it.o(.data)
    hhh                                      0x2000011c   Data           4  stm32f1xx_it.o(.data)
    sh                                       0x20000120   Data           1  stm32f1xx_it.o(.data)
    RunFlag                                  0x20000121   Data           1  stm32f1xx_it.o(.data)
    ZerrorMax                                0x20000124   Data           4  stm32f1xx_it.o(.data)
    FerrorMax                                0x20000128   Data           4  stm32f1xx_it.o(.data)
    uwTick                                   0x2000012c   Data           4  stm32f1xx_hal.o(.data)
    uwTickPrio                               0x20000130   Data           4  stm32f1xx_hal.o(.data)
    uwTickFreq                               0x20000134   Data           1  stm32f1xx_hal.o(.data)
    SystemCoreClock                          0x20000138   Data           4  system_stm32f1xx.o(.data)
    EncodrIError                             0x2000013c   Data           4  pid.o(.data)
    EncodrPidIElimit                         0x20000140   Data           4  pid.o(.data)
    EncodrPidMax                             0x20000144   Data           4  pid.o(.data)
    P                                        0x20000148   Data           2  pid.o(.data)
    PowerSpdIError                           0x2000014c   Data           4  pid.o(.data)
    PowerSpdIErrorIElimit                    0x20000150   Data           4  pid.o(.data)
    MyPC485addr                              0x20000154   Data           1  masterrtu.o(.data)
    ReadAddr                                 0x20000156   Data           2  masterrtu.o(.data)
    FunctionCode                             0x20000158   Data           1  masterrtu.o(.data)
    DspRetrunTimeout                         0x2000015a   Data           2  masterrtu.o(.data)
    ErrorCode                                0x2000015c   Data           2  masterrtu.o(.data)
    DSP485Received                           0x2000015e   Data           1  masterrtu.o(.data)
    Pc485Received                            0x2000015f   Data           1  masterrtu.o(.data)
    ReturnAdr                                0x20000160   Data           1  masterrtu.o(.data)
    ByteCount                                0x20000161   Data           1  masterrtu.o(.data)
    modbus_t                                 0x20000162   Data           1  masterrtu.o(.data)
    modbus_t_temp                            0x20000163   Data           1  masterrtu.o(.data)
    modbus_addr                              0x20000164   Data           2  masterrtu.o(.data)
    bus_index                                0x20000166   Data           1  masterrtu.o(.data)
    CrcH                                     0x20000167   Data           1  masterrtu.o(.data)
    CrcL                                     0x20000168   Data           1  masterrtu.o(.data)
    RegIndex                                 0x20000169   Data           1  masterrtu.o(.data)
    CODE7                                    0x2000016a   Data          12  tm1650.o(.data)
    CODE1                                    0x20000176   Data          10  tm1650.o(.data)
    CODE7_180                                0x20000180   Data          17  tm1650.o(.data)
    flag                                     0x20000192   Data           2  tm1650.o(.data)
    DisRunStep                               0x20000194   Data           1  tm1650.o(.data)
    DisRunStepCount                          0x20000196   Data           2  tm1650.o(.data)
    WriteUseTimeTOFlash                      0x20000198   Data           1  pc485slave.o(.data)
    inputpawd                                0x2000019a   Data           2  pc485slave.o(.data)
    syspassword                              0x2000019c   Data           2  pc485slave.o(.data)
    Vp                                       0x200001a0   Data           2  function.o(.data)
    Vi                                       0x200001a2   Data           2  function.o(.data)
    DecTime                                  0x200001a4   Data           2  function.o(.data)
    ADDTime                                  0x200001a6   Data           2  function.o(.data)
    OverPowerLiJuat12000                     0x200001a8   Data           4  function.o(.data)
    CanFastLowLiJu                           0x200001ac   Data           4  function.o(.data)
    BadSyncto600Count                        0x200001b0   Data           2  function.o(.data)
    OnFist                                   0x200001b2   Data           1  function.o(.data)
    RiseCheckCount                           0x200001b4   Data           2  function.o(.data)
    PreADDTimeData                           0x200001b6   Data           2  function.o(.data)
    ADDTimeData                              0x200001b8   Data           2  function.o(.data)
    FftPowerNow                              0x200001bc   Data           4  function.o(.data)
    RisePowerOver                            0x200001c0   Data           1  function.o(.data)
    HuiFuCount                               0x200001c2   Data           2  function.o(.data)
    Ok6k                                     0x200001c4   Data           1  function.o(.data)
    HighPowerOverFlag                        0x200001c5   Data           1  function.o(.data)
    BadLiJu                                  0x200001c8   Data           4  function.o(.data)
    BadPowerNow                              0x200001cc   Data           4  function.o(.data)
    DeltaSpd                                 0x200001d0   Data           2  function.o(.data)
    MaxLiJuSlowSpd                           0x200001d2   Data           1  function.o(.data)
    BadLiJuL                                 0x200001d3   Data           1  function.o(.data)
    BadLiJuR                                 0x200001d4   Data           1  function.o(.data)
    BadError                                 0x200001d5   Data           1  function.o(.data)
    BadLiJuCheck                             0x200001d6   Data           1  function.o(.data)
    LiJuSpeed                                0x200001d8   Data           2  function.o(.data)
    PingWenFlag                              0x200001da   Data           1  function.o(.data)
    PingWenSpeedCount                        0x200001dc   Data           2  function.o(.data)
    PingWenSpeed                             0x200001e0   Data           4  function.o(.data)
    NoSaftyCount                             0x200001e4   Data           1  function.o(.data)
    HisSyncFlag                              0x200001e5   Data           1  function.o(.data)
    Tn2st                                    0x200001e6   Data           2  function.o(.data)
    Tcount                                   0x200001e8   Data           2  function.o(.data)
    CheckCount                               0x200001ea   Data           2  function.o(.data)
    GetDataEn                                0x200001ec   Data           1  function.o(.data)
    AsSpeed                                  0x200001ee   Data           2  function.o(.data)
    over                                     0x200001f0   Data           1  function.o(.data)
    DoFingInitAngValFlag                     0x200001f1   Data           1  function.o(.data)
    HaveError                                0x200001f2   Data           1  function.o(.data)
    outtemp                                  0x200001f3   Data           1  function.o(.data)
    hadc1                                    0x200001f4   Data          48  main.o(.bss)
    hspi1                                    0x20000224   Data          88  main.o(.bss)
    htim2                                    0x2000027c   Data          72  main.o(.bss)
    htim3                                    0x200002c4   Data          72  main.o(.bss)
    htim4                                    0x2000030c   Data          72  main.o(.bss)
    htim6                                    0x20000354   Data          72  main.o(.bss)
    htim8                                    0x2000039c   Data          72  main.o(.bss)
    huart4                                   0x200003e4   Data          72  main.o(.bss)
    huart1                                   0x2000042c   Data          72  main.o(.bss)
    huart2                                   0x20000474   Data          72  main.o(.bss)
    hiwdg                                    0x200004bc   Data          12  main.o(.bss)
    iBaiFenShu                               0x200004c8   Data          20  stm32f1xx_it.o(.bss)
    FactSpeedSub                             0x200004dc   Data          40  stm32f1xx_it.o(.bss)
    PositionError                            0x20000504   Data         100  stm32f1xx_it.o(.bss)
    Pc485RtuReg                              0x20000568   Data         200  pc485slave.o(.bss)
    iic_WRtemp                               0x20000630   Data         200  24cxx.o(.bss)
    buf                                      0x200006f8   Data        8192  24cxx.o(.bss)
    __initial_sp                             0x20002af8   Data           0  startup_stm32f103xe.o(STACK)



==============================================================================

Memory Map of the image

  Image Entry point : 0x08000131

  Load Region LR_IROM1 (Base: 0x08000000, Size: 0x000072a4, Max: 0x00080000, ABSOLUTE, COMPRESSED[0x0000711c])

    Execution Region ER_IROM1 (Exec base: 0x08000000, Load base: 0x08000000, Size: 0x000070b0, Max: 0x00080000, ABSOLUTE)

    Exec Addr    Load Addr    Size         Type   Attr      Idx    E Section Name        Object

    0x08000000   0x08000000   0x00000130   Data   RO            3    RESET               startup_stm32f103xe.o
    0x08000130   0x08000130   0x00000000   Code   RO         4406  * .ARM.Collect$$$$00000000  mc_w.l(entry.o)
    0x08000130   0x08000130   0x00000004   Code   RO         4449    .ARM.Collect$$$$00000001  mc_w.l(entry2.o)
    0x08000134   0x08000134   0x00000004   Code   RO         4452    .ARM.Collect$$$$00000004  mc_w.l(entry5.o)
    0x08000138   0x08000138   0x00000000   Code   RO         4454    .ARM.Collect$$$$00000008  mc_w.l(entry7b.o)
    0x08000138   0x08000138   0x00000000   Code   RO         4456    .ARM.Collect$$$$0000000A  mc_w.l(entry8b.o)
    0x08000138   0x08000138   0x00000008   Code   RO         4457    .ARM.Collect$$$$0000000B  mc_w.l(entry9a.o)
    0x08000140   0x08000140   0x00000004   Code   RO         4464    .ARM.Collect$$$$0000000E  mc_w.l(entry12b.o)
    0x08000144   0x08000144   0x00000000   Code   RO         4459    .ARM.Collect$$$$0000000F  mc_w.l(entry10a.o)
    0x08000144   0x08000144   0x00000000   Code   RO         4461    .ARM.Collect$$$$00000011  mc_w.l(entry11a.o)
    0x08000144   0x08000144   0x00000004   Code   RO         4450    .ARM.Collect$$$$00002712  mc_w.l(entry2.o)
    0x08000148   0x08000148   0x00000024   Code   RO            4    .text               startup_stm32f103xe.o
    0x0800016c   0x0800016c   0x00000020   Code   RO         4409    .text               mc_w.l(llushr.o)
    0x0800018c   0x0800018c   0x00000024   Code   RO         4411    .text               mc_w.l(memcpya.o)
    0x080001b0   0x080001b0   0x00000024   Code   RO         4413    .text               mc_w.l(memseta.o)
    0x080001d4   0x080001d4   0x000000b0   Code   RO         4417    .text               mf_w.l(fadd.o)
    0x08000284   0x08000284   0x00000064   Code   RO         4419    .text               mf_w.l(fmul.o)
    0x080002e8   0x080002e8   0x0000007c   Code   RO         4421    .text               mf_w.l(fdiv.o)
    0x08000364   0x08000364   0x0000014e   Code   RO         4423    .text               mf_w.l(dadd.o)
    0x080004b2   0x080004b2   0x000000e4   Code   RO         4425    .text               mf_w.l(dmul.o)
    0x08000596   0x08000596   0x000000de   Code   RO         4427    .text               mf_w.l(ddiv.o)
    0x08000674   0x08000674   0x0000000a   Code   RO         4431    .text               mf_w.l(ffltui.o)
    0x0800067e   0x0800067e   0x00000022   Code   RO         4433    .text               mf_w.l(dflti.o)
    0x080006a0   0x080006a0   0x0000001a   Code   RO         4435    .text               mf_w.l(dfltui.o)
    0x080006ba   0x080006ba   0x00000032   Code   RO         4437    .text               mf_w.l(ffixi.o)
    0x080006ec   0x080006ec   0x0000003e   Code   RO         4439    .text               mf_w.l(dfixi.o)
    0x0800072a   0x0800072a   0x00000026   Code   RO         4441    .text               mf_w.l(f2d.o)
    0x08000750   0x08000750   0x00000030   Code   RO         4443    .text               mf_w.l(cdcmple.o)
    0x08000780   0x08000780   0x00000030   Code   RO         4445    .text               mf_w.l(cdrcmple.o)
    0x080007b0   0x080007b0   0x00000038   Code   RO         4447    .text               mf_w.l(d2f.o)
    0x080007e8   0x080007e8   0x0000001e   Code   RO         4465    .text               mc_w.l(llshl.o)
    0x08000806   0x08000806   0x00000024   Code   RO         4467    .text               mc_w.l(llsshr.o)
    0x0800082a   0x0800082a   0x00000000   Code   RO         4469    .text               mc_w.l(iusefp.o)
    0x0800082a   0x0800082a   0x0000006e   Code   RO         4470    .text               mf_w.l(fepilogue.o)
    0x08000898   0x08000898   0x000000ba   Code   RO         4472    .text               mf_w.l(depilogue.o)
    0x08000952   0x08000952   0x00000002   PAD
    0x08000954   0x08000954   0x00000024   Code   RO         4474    .text               mc_w.l(init.o)
    0x08000978   0x08000978   0x0000003a   Code   RO         4484    .text               mc_w.l(__dczerorl.o)
    0x080009b2   0x080009b2   0x0000005c   Code   RO         3375    i.ADC_ConversionStop_Disable  stm32f1xx_hal_adc.o
    0x08000a0e   0x08000a0e   0x00000002   PAD
    0x08000a10   0x08000a10   0x00000090   Code   RO         3379    i.ADC_Enable        stm32f1xx_hal_adc.o
    0x08000aa0   0x08000aa0   0x00000046   Code   RO         4299    i.AT24C64_Check     24cxx.o
    0x08000ae6   0x08000ae6   0x00000002   PAD
    0x08000ae8   0x08000ae8   0x00000068   Code   RO         3819    i.AdjSpeed          masterrtu.o
    0x08000b50   0x08000b50   0x00000470   Code   RO         4154    i.AllZdFind         function.o
    0x08000fc0   0x08000fc0   0x0000014c   Code   RO         4155    i.BeginSystemSyncProcess  function.o
    0x0800110c   0x0800110c   0x0000016c   Code   RO         4156    i.BengParaCheck     function.o
    0x08001278   0x08001278   0x00000004   Code   RO          263    i.BusFault_Handler  stm32f1xx_it.o
    0x0800127c   0x0800127c   0x00000214   Code   RO         4158    i.CheckBeforeRun    function.o
    0x08001490   0x08001490   0x00000104   Code   RO         3820    i.CheckFindOver     masterrtu.o
    0x08001594   0x08001594   0x0000001c   Code   RO         4159    i.ClearALMcom       function.o
    0x080015b0   0x080015b0   0x00000002   Code   RO          264    i.DebugMon_Handler  stm32f1xx_it.o
    0x080015b2   0x080015b2   0x00000002   PAD
    0x080015b4   0x080015b4   0x00000064   Code   RO         4160    i.DisError          function.o
    0x08001618   0x08001618   0x00000080   Code   RO         3936    i.DisSpeed          tm1650.o
    0x08001698   0x08001698   0x0000000c   Code   RO          265    i.EXTI15_10_IRQHandler  stm32f1xx_it.o
    0x080016a4   0x080016a4   0x0000000c   Code   RO          266    i.EXTI9_5_IRQHandler  stm32f1xx_it.o
    0x080016b0   0x080016b0   0x00000006   Code   RO           13    i.Error_Handler     main.o
    0x080016b6   0x080016b6   0x00000002   PAD
    0x080016b8   0x080016b8   0x00000160   Code   RO         3381    i.HAL_ADC_ConfigChannel  stm32f1xx_hal_adc.o
    0x08001818   0x08001818   0x00000008   Code   RO         3388    i.HAL_ADC_GetValue  stm32f1xx_hal_adc.o
    0x08001820   0x08001820   0x00000160   Code   RO         3390    i.HAL_ADC_Init      stm32f1xx_hal_adc.o
    0x08001980   0x08001980   0x00000070   Code   RO          458    i.HAL_ADC_MspInit   stm32f1xx_hal_msp.o
    0x080019f0   0x080019f0   0x00000180   Code   RO         3394    i.HAL_ADC_PollForConversion  stm32f1xx_hal_adc.o
    0x08001b70   0x08001b70   0x00000130   Code   RO         3396    i.HAL_ADC_Start     stm32f1xx_hal_adc.o
    0x08001ca0   0x08001ca0   0x00000056   Code   RO         1366    i.HAL_DMA_Abort     stm32f1xx_hal_dma.o
    0x08001cf6   0x08001cf6   0x00000002   PAD
    0x08001cf8   0x08001cf8   0x000001a8   Code   RO         1367    i.HAL_DMA_Abort_IT  stm32f1xx_hal_dma.o
    0x08001ea0   0x08001ea0   0x00000028   Code   RO          987    i.HAL_Delay         stm32f1xx_hal.o
    0x08001ec8   0x08001ec8   0x000000c0   Code   RO          267    i.HAL_GPIO_EXTI_Callback  stm32f1xx_it.o
    0x08001f88   0x08001f88   0x0000001c   Code   RO         1301    i.HAL_GPIO_EXTI_IRQHandler  stm32f1xx_hal_gpio.o
    0x08001fa4   0x08001fa4   0x00000340   Code   RO         1302    i.HAL_GPIO_Init     stm32f1xx_hal_gpio.o
    0x080022e4   0x080022e4   0x00000010   Code   RO         1304    i.HAL_GPIO_ReadPin  stm32f1xx_hal_gpio.o
    0x080022f4   0x080022f4   0x0000000c   Code   RO         1306    i.HAL_GPIO_WritePin  stm32f1xx_hal_gpio.o
    0x08002300   0x08002300   0x0000000c   Code   RO          991    i.HAL_GetTick       stm32f1xx_hal.o
    0x0800230c   0x0800230c   0x00000062   Code   RO         3345    i.HAL_IWDG_Init     stm32f1xx_hal_iwdg.o
    0x0800236e   0x0800236e   0x0000000e   Code   RO         3346    i.HAL_IWDG_Refresh  stm32f1xx_hal_iwdg.o
    0x0800237c   0x0800237c   0x00000018   Code   RO          997    i.HAL_IncTick       stm32f1xx_hal.o
    0x08002394   0x08002394   0x00000028   Code   RO          998    i.HAL_Init          stm32f1xx_hal.o
    0x080023bc   0x080023bc   0x0000004c   Code   RO          999    i.HAL_InitTick      stm32f1xx_hal.o
    0x08002408   0x08002408   0x00000054   Code   RO          459    i.HAL_MspInit       stm32f1xx_hal_msp.o
    0x0800245c   0x0800245c   0x00000020   Code   RO         1462    i.HAL_NVIC_EnableIRQ  stm32f1xx_hal_cortex.o
    0x0800247c   0x0800247c   0x0000007c   Code   RO         1468    i.HAL_NVIC_SetPriority  stm32f1xx_hal_cortex.o
    0x080024f8   0x080024f8   0x00000028   Code   RO         1469    i.HAL_NVIC_SetPriorityGrouping  stm32f1xx_hal_cortex.o
    0x08002520   0x08002520   0x00000044   Code   RO         1470    i.HAL_NVIC_SystemReset  stm32f1xx_hal_cortex.o
    0x08002564   0x08002564   0x00000118   Code   RO         1263    i.HAL_RCCEx_GetPeriphCLKFreq  stm32f1xx_hal_rcc_ex.o
    0x0800267c   0x0800267c   0x0000018c   Code   RO         1155    i.HAL_RCC_ClockConfig  stm32f1xx_hal_rcc.o
    0x08002808   0x08002808   0x0000000c   Code   RO         1160    i.HAL_RCC_GetHCLKFreq  stm32f1xx_hal_rcc.o
    0x08002814   0x08002814   0x00000020   Code   RO         1162    i.HAL_RCC_GetPCLK1Freq  stm32f1xx_hal_rcc.o
    0x08002834   0x08002834   0x00000020   Code   RO         1163    i.HAL_RCC_GetPCLK2Freq  stm32f1xx_hal_rcc.o
    0x08002854   0x08002854   0x00000070   Code   RO         1164    i.HAL_RCC_GetSysClockFreq  stm32f1xx_hal_rcc.o
    0x080028c4   0x080028c4   0x00000464   Code   RO         1167    i.HAL_RCC_OscConfig  stm32f1xx_hal_rcc.o
    0x08002d28   0x08002d28   0x00000002   Code   RO          665    i.HAL_SPI_ErrorCallback  stm32f1xx_hal_spi.o
    0x08002d2a   0x08002d2a   0x00000002   PAD
    0x08002d2c   0x08002d2c   0x00000134   Code   RO          668    i.HAL_SPI_IRQHandler  stm32f1xx_hal_spi.o
    0x08002e60   0x08002e60   0x000000be   Code   RO          669    i.HAL_SPI_Init      stm32f1xx_hal_spi.o
    0x08002f1e   0x08002f1e   0x00000002   PAD
    0x08002f20   0x08002f20   0x00000088   Code   RO          461    i.HAL_SPI_MspInit   stm32f1xx_hal_msp.o
    0x08002fa8   0x08002fa8   0x00000020   Code   RO          268    i.HAL_SPI_RxCpltCallback  stm32f1xx_it.o
    0x08002fc8   0x08002fc8   0x000000b8   Code   RO          680    i.HAL_SPI_TransmitReceive_IT  stm32f1xx_hal_spi.o
    0x08003080   0x08003080   0x0000003c   Code   RO          270    i.HAL_SPI_TxRxCpltCallback  stm32f1xx_it.o
    0x080030bc   0x080030bc   0x00000034   Code   RO         1473    i.HAL_SYSTICK_Config  stm32f1xx_hal_cortex.o
    0x080030f0   0x080030f0   0x00000002   Code   RO         2705    i.HAL_TIMEx_BreakCallback  stm32f1xx_hal_tim_ex.o
    0x080030f2   0x080030f2   0x00000002   Code   RO         2706    i.HAL_TIMEx_CommutCallback  stm32f1xx_hal_tim_ex.o
    0x080030f4   0x080030f4   0x0000009c   Code   RO         2724    i.HAL_TIMEx_MasterConfigSynchronization  stm32f1xx_hal_tim_ex.o
    0x08003190   0x08003190   0x00000066   Code   RO         1990    i.HAL_TIM_Base_Init  stm32f1xx_hal_tim.o
    0x080031f6   0x080031f6   0x00000002   PAD
    0x080031f8   0x080031f8   0x00000144   Code   RO          463    i.HAL_TIM_Base_MspInit  stm32f1xx_hal_msp.o
    0x0800333c   0x0800333c   0x00000084   Code   RO         1993    i.HAL_TIM_Base_Start  stm32f1xx_hal_tim.o
    0x080033c0   0x080033c0   0x00000090   Code   RO         1995    i.HAL_TIM_Base_Start_IT  stm32f1xx_hal_tim.o
    0x08003450   0x08003450   0x0000010c   Code   RO         1999    i.HAL_TIM_ConfigClockSource  stm32f1xx_hal_tim.o
    0x0800355c   0x0800355c   0x00000016   Code   RO         2001    i.HAL_TIM_ConfigTI1Input  stm32f1xx_hal_tim.o
    0x08003572   0x08003572   0x00000002   PAD
    0x08003574   0x08003574   0x0000020c   Code   RO          271    i.HAL_TIM_IC_CaptureCallback  stm32f1xx_it.o
    0x08003780   0x08003780   0x000000de   Code   RO         2026    i.HAL_TIM_IC_ConfigChannel  stm32f1xx_hal_tim.o
    0x0800385e   0x0800385e   0x00000066   Code   RO         2029    i.HAL_TIM_IC_Init   stm32f1xx_hal_tim.o
    0x080038c4   0x080038c4   0x00000002   Code   RO         2031    i.HAL_TIM_IC_MspInit  stm32f1xx_hal_tim.o
    0x080038c6   0x080038c6   0x00000002   PAD
    0x080038c8   0x080038c8   0x00000178   Code   RO         2034    i.HAL_TIM_IC_Start_IT  stm32f1xx_hal_tim.o
    0x08003a40   0x08003a40   0x0000016c   Code   RO         2038    i.HAL_TIM_IRQHandler  stm32f1xx_hal_tim.o
    0x08003bac   0x08003bac   0x00000002   Code   RO         2041    i.HAL_TIM_OC_DelayElapsedCallback  stm32f1xx_hal_tim.o
    0x08003bae   0x08003bae   0x00000002   Code   RO         2068    i.HAL_TIM_PWM_PulseFinishedCallback  stm32f1xx_hal_tim.o
    0x08003bb0   0x08003bb0   0x00000220   Code   RO          272    i.HAL_TIM_PeriodElapsedCallback  stm32f1xx_it.o
    0x08003dd0   0x08003dd0   0x00000032   Code   RO         2078    i.HAL_TIM_ReadCapturedValue  stm32f1xx_hal_tim.o
    0x08003e02   0x08003e02   0x0000006c   Code   RO         2079    i.HAL_TIM_SlaveConfigSynchro  stm32f1xx_hal_tim.o
    0x08003e6e   0x08003e6e   0x00000002   Code   RO         2081    i.HAL_TIM_TriggerCallback  stm32f1xx_hal_tim.o
    0x08003e70   0x08003e70   0x00000072   Code   RO         2983    i.HAL_UARTEx_ReceiveToIdle_IT  stm32f1xx_hal_uart.o
    0x08003ee2   0x08003ee2   0x00000002   PAD
    0x08003ee4   0x08003ee4   0x00000174   Code   RO         3822    i.HAL_UARTEx_RxEventCallback  masterrtu.o
    0x08004058   0x08004058   0x00000010   Code   RO         3823    i.HAL_UART_ErrorCallback  masterrtu.o
    0x08004068   0x08004068   0x000002e4   Code   RO         3001    i.HAL_UART_IRQHandler  stm32f1xx_hal_uart.o
    0x0800434c   0x0800434c   0x00000076   Code   RO         3002    i.HAL_UART_Init     stm32f1xx_hal_uart.o
    0x080043c2   0x080043c2   0x00000002   PAD
    0x080043c4   0x080043c4   0x000001a4   Code   RO          465    i.HAL_UART_MspInit  stm32f1xx_hal_msp.o
    0x08004568   0x08004568   0x00000002   Code   RO         3008    i.HAL_UART_RxCpltCallback  stm32f1xx_hal_uart.o
    0x0800456a   0x0800456a   0x00000038   Code   RO         3012    i.HAL_UART_Transmit_IT  stm32f1xx_hal_uart.o
    0x080045a2   0x080045a2   0x00000002   PAD
    0x080045a4   0x080045a4   0x0000003c   Code   RO         3824    i.HAL_UART_TxCpltCallback  masterrtu.o
    0x080045e0   0x080045e0   0x00000004   Code   RO          273    i.HardFault_Handler  stm32f1xx_it.o
    0x080045e4   0x080045e4   0x00000054   Code   RO         4163    i.HisSyncAction     function.o
    0x08004638   0x08004638   0x00000060   Code   RO         4007    i.IIC_Init          myiic.o
    0x08004698   0x08004698   0x00000070   Code   RO         4012    i.IIC_Send_Byte     myiic.o
    0x08004708   0x08004708   0x00000044   Code   RO         4013    i.IIC_Start         myiic.o
    0x0800474c   0x0800474c   0x00000044   Code   RO         4014    i.IIC_Stop          myiic.o
    0x08004790   0x08004790   0x0000005c   Code   RO         4015    i.IIC_Wait_Ack      myiic.o
    0x080047ec   0x080047ec   0x00000190   Code   RO         4164    i.InitAngIfRight    function.o
    0x0800497c   0x0800497c   0x00000064   Code   RO           14    i.KTY81             main.o
    0x080049e0   0x080049e0   0x0000005c   Code   RO           15    i.MX_ADC1_Init      main.o
    0x08004a3c   0x08004a3c   0x00000190   Code   RO           16    i.MX_GPIO_Init      main.o
    0x08004bcc   0x08004bcc   0x00000028   Code   RO           17    i.MX_IWDG_Init      main.o
    0x08004bf4   0x08004bf4   0x00000094   Code   RO           18    i.MX_NVIC_Init      main.o
    0x08004c88   0x08004c88   0x00000048   Code   RO           19    i.MX_SPI1_Init      main.o
    0x08004cd0   0x08004cd0   0x0000008c   Code   RO           20    i.MX_TIM2_Init      main.o
    0x08004d5c   0x08004d5c   0x00000050   Code   RO           22    i.MX_TIM4_Init      main.o
    0x08004dac   0x08004dac   0x000000f4   Code   RO           24    i.MX_TIM8_Init      main.o
    0x08004ea0   0x08004ea0   0x00000038   Code   RO           26    i.MX_USART1_UART_Init  main.o
    0x08004ed8   0x08004ed8   0x0000003c   Code   RO           27    i.MX_USART2_UART_Init  main.o
    0x08004f14   0x08004f14   0x00000004   Code   RO          274    i.MemManage_Handler  stm32f1xx_it.o
    0x08004f18   0x08004f18   0x00000004   Code   RO          275    i.NMI_Handler       stm32f1xx_it.o
    0x08004f1c   0x08004f1c   0x000000c4   Code   RO         4119    i.PC485SlaveProcess03  pc485slave.o
    0x08004fe0   0x08004fe0   0x00000218   Code   RO         4120    i.PC485SlaveProcess06  pc485slave.o
    0x080051f8   0x080051f8   0x00000084   Code   RO         3689    i.PIDencodr         pid.o
    0x0800527c   0x0800527c   0x00000002   Code   RO          276    i.PendSV_Handler    stm32f1xx_it.o
    0x0800527e   0x0800527e   0x00000002   PAD
    0x08005280   0x08005280   0x00000028   Code   RO         1168    i.RCC_Delay         stm32f1xx_hal_rcc.o
    0x080052a8   0x080052a8   0x000000fc   Code   RO         3825    i.ReadDsp1Reg       masterrtu.o
    0x080053a4   0x080053a4   0x00000088   Code   RO         3826    i.ReadDsp1RegITReiver  masterrtu.o
    0x0800542c   0x0800542c   0x0000002e   Code   RO         4165    i.ResetDSP          function.o
    0x0800545a   0x0800545a   0x00000098   Code   RO         4166    i.ResoverBit_Line   function.o
    0x080054f2   0x080054f2   0x00000002   PAD
    0x080054f4   0x080054f4   0x00000020   Code   RO         4018    i.SDA_IN            myiic.o
    0x08005514   0x08005514   0x0000001c   Code   RO         4019    i.SDA_OUT           myiic.o
    0x08005530   0x08005530   0x00000010   Code   RO          277    i.SPI1_IRQHandler   stm32f1xx_it.o
    0x08005540   0x08005540   0x00000034   Code   RO          687    i.SPI_2linesRxISR_16BIT  stm32f1xx_hal_spi.o
    0x08005574   0x08005574   0x00000034   Code   RO          688    i.SPI_2linesRxISR_8BIT  stm32f1xx_hal_spi.o
    0x080055a8   0x080055a8   0x00000034   Code   RO          689    i.SPI_2linesTxISR_16BIT  stm32f1xx_hal_spi.o
    0x080055dc   0x080055dc   0x00000034   Code   RO          690    i.SPI_2linesTxISR_8BIT  stm32f1xx_hal_spi.o
    0x08005610   0x08005610   0x000000bc   Code   RO          693    i.SPI_CloseRxTx_ISR  stm32f1xx_hal_spi.o
    0x080056cc   0x080056cc   0x00000014   Code   RO          696    i.SPI_DMAAbortOnError  stm32f1xx_hal_spi.o
    0x080056e0   0x080056e0   0x00000044   Code   RO          707    i.SPI_EndRxTxTransaction  stm32f1xx_hal_spi.o
    0x08005724   0x08005724   0x000000d8   Code   RO          712    i.SPI_WaitFlagStateUntilTimeout  stm32f1xx_hal_spi.o
    0x080057fc   0x080057fc   0x00000002   Code   RO          278    i.SVC_Handler       stm32f1xx_it.o
    0x080057fe   0x080057fe   0x00000002   PAD
    0x08005800   0x08005800   0x0000022c   Code   RO         4167    i.SaftyCheck        function.o
    0x08005a2c   0x08005a2c   0x000000dc   Code   RO         4168    i.SelfCheck         function.o
    0x08005b08   0x08005b08   0x0000011c   Code   RO         3828    i.SendDSPCommand    masterrtu.o
    0x08005c24   0x08005c24   0x0000010c   Code   RO         4169    i.StopMoto          function.o
    0x08005d30   0x08005d30   0x00000008   Code   RO          279    i.SysTick_Handler   stm32f1xx_it.o
    0x08005d38   0x08005d38   0x00000066   Code   RO           28    i.SystemClock_Config  main.o
    0x08005d9e   0x08005d9e   0x00000002   Code   RO         3652    i.SystemInit        system_stm32f1xx.o
    0x08005da0   0x08005da0   0x00000010   Code   RO          280    i.TIM2_IRQHandler   stm32f1xx_it.o
    0x08005db0   0x08005db0   0x00000010   Code   RO          281    i.TIM3_IRQHandler   stm32f1xx_it.o
    0x08005dc0   0x08005dc0   0x00000010   Code   RO          282    i.TIM6_IRQHandler   stm32f1xx_it.o
    0x08005dd0   0x08005dd0   0x00000010   Code   RO          283    i.TIM8_CC_IRQHandler  stm32f1xx_it.o
    0x08005de0   0x08005de0   0x00000010   Code   RO          284    i.TIM8_TRG_COM_IRQHandler  stm32f1xx_it.o
    0x08005df0   0x08005df0   0x00000010   Code   RO          285    i.TIM8_UP_IRQHandler  stm32f1xx_it.o
    0x08005e00   0x08005e00   0x000000ac   Code   RO         2083    i.TIM_Base_SetConfig  stm32f1xx_hal_tim.o
    0x08005eac   0x08005eac   0x00000022   Code   RO         2084    i.TIM_CCxChannelCmd  stm32f1xx_hal_tim.o
    0x08005ece   0x08005ece   0x00000016   Code   RO         2094    i.TIM_ETR_SetConfig  stm32f1xx_hal_tim.o
    0x08005ee4   0x08005ee4   0x00000012   Code   RO         2095    i.TIM_ITRx_SetConfig  stm32f1xx_hal_tim.o
    0x08005ef6   0x08005ef6   0x000000b2   Code   RO         2100    i.TIM_SlaveTimer_SetConfig  stm32f1xx_hal_tim.o
    0x08005fa8   0x08005fa8   0x00000026   Code   RO         2101    i.TIM_TI1_ConfigInputStage  stm32f1xx_hal_tim.o
    0x08005fce   0x08005fce   0x00000002   PAD
    0x08005fd0   0x08005fd0   0x0000007c   Code   RO         2102    i.TIM_TI1_SetConfig  stm32f1xx_hal_tim.o
    0x0800604c   0x0800604c   0x00000028   Code   RO         2103    i.TIM_TI2_ConfigInputStage  stm32f1xx_hal_tim.o
    0x08006074   0x08006074   0x0000003a   Code   RO         2104    i.TIM_TI2_SetConfig  stm32f1xx_hal_tim.o
    0x080060ae   0x080060ae   0x00000038   Code   RO         2105    i.TIM_TI3_SetConfig  stm32f1xx_hal_tim.o
    0x080060e6   0x080060e6   0x0000003c   Code   RO         2106    i.TIM_TI4_SetConfig  stm32f1xx_hal_tim.o
    0x08006122   0x08006122   0x00000002   PAD
    0x08006124   0x08006124   0x00000048   Code   RO         3937    i.TM1650_Init       tm1650.o
    0x0800616c   0x0800616c   0x00000024   Code   RO         3940    i.TM1650_Set        tm1650.o
    0x08006190   0x08006190   0x00000010   Code   RO          286    i.UART4_IRQHandler  stm32f1xx_it.o
    0x080061a0   0x080061a0   0x00000014   Code   RO         3015    i.UART_DMAAbortOnError  stm32f1xx_hal_uart.o
    0x080061b4   0x080061b4   0x0000006c   Code   RO         3025    i.UART_EndRxTransfer  stm32f1xx_hal_uart.o
    0x08006220   0x08006220   0x00000020   Code   RO         3026    i.UART_EndTransmit_IT  stm32f1xx_hal_uart.o
    0x08006240   0x08006240   0x000000fc   Code   RO         3028    i.UART_Receive_IT   stm32f1xx_hal_uart.o
    0x0800633c   0x0800633c   0x000000fc   Code   RO         3029    i.UART_SetConfig    stm32f1xx_hal_uart.o
    0x08006438   0x08006438   0x00000040   Code   RO         3031    i.UART_Start_Receive_IT  stm32f1xx_hal_uart.o
    0x08006478   0x08006478   0x00000060   Code   RO         3032    i.UART_Transmit_IT  stm32f1xx_hal_uart.o
    0x080064d8   0x080064d8   0x00000010   Code   RO          287    i.USART1_IRQHandler  stm32f1xx_it.o
    0x080064e8   0x080064e8   0x00000010   Code   RO          288    i.USART2_IRQHandler  stm32f1xx_it.o
    0x080064f8   0x080064f8   0x00000004   Code   RO          289    i.UsageFault_Handler  stm32f1xx_it.o
    0x080064fc   0x080064fc   0x00000010   Code   RO         1475    i.__NVIC_GetPriorityGrouping  stm32f1xx_hal_cortex.o
    0x0800650c   0x0800650c   0x00000028   Code   RO         1476    i.__NVIC_SetPriority  stm32f1xx_hal_cortex.o
    0x08006534   0x08006534   0x0000000e   Code   RO         4478    i.__scatterload_copy  mc_w.l(handlers.o)
    0x08006542   0x08006542   0x00000002   Code   RO         4479    i.__scatterload_null  mc_w.l(handlers.o)
    0x08006544   0x08006544   0x0000000e   Code   RO         4480    i.__scatterload_zeroinit  mc_w.l(handlers.o)
    0x08006552   0x08006552   0x00000002   PAD
    0x08006554   0x08006554   0x00000058   Code   RO           29    i.adcGetBatteryVoltage  main.o
    0x080065ac   0x080065ac   0x00000018   Code   RO         4171    i.armReset          function.o
    0x080065c4   0x080065c4   0x00000080   Code   RO         4300    i.bsp_InitI2c       24cxx.o
    0x08006644   0x08006644   0x00000042   Code   RO         3829    i.crc16bitbybit     masterrtu.o
    0x08006686   0x08006686   0x0000001a   Code   RO         4020    i.delay_us          myiic.o
    0x080066a0   0x080066a0   0x00000086   Code   RO         4301    i.eeprom_ReadBytes  24cxx.o
    0x08006726   0x08006726   0x000000d0   Code   RO         4302    i.eeprom_WriteBytes  24cxx.o
    0x080067f6   0x080067f6   0x00000002   PAD
    0x080067f8   0x080067f8   0x00000038   Code   RO         4304    i.i2c_Ack           24cxx.o
    0x08006830   0x08006830   0x0000000a   Code   RO         4305    i.i2c_Delay         24cxx.o
    0x0800683a   0x0800683a   0x00000002   PAD
    0x0800683c   0x0800683c   0x00000038   Code   RO         4306    i.i2c_NAck          24cxx.o
    0x08006874   0x08006874   0x00000054   Code   RO         4307    i.i2c_ReadByte      24cxx.o
    0x080068c8   0x080068c8   0x00000064   Code   RO         4308    i.i2c_SendByte      24cxx.o
    0x0800692c   0x0800692c   0x00000064   Code   RO         4309    i.i2c_WaitAck       24cxx.o
    0x08006990   0x08006990   0x00000044   Code   RO         4310    i.i2c_start         24cxx.o
    0x080069d4   0x080069d4   0x00000044   Code   RO         4311    i.i2c_stop          24cxx.o
    0x08006a18   0x08006a18   0x00000080   Code   RO         4172    i.init_PA           function.o
    0x08006a98   0x08006a98   0x000004d8   Code   RO           30    i.main              main.o
    0x08006f70   0x08006f70   0x000000e4   Code   RO         3831    i.setSendCRC        masterrtu.o
    0x08007054   0x08007054   0x00000012   Data   RO         1169    .constdata          stm32f1xx_hal_rcc.o
    0x08007066   0x08007066   0x00000012   Data   RO         1265    .constdata          stm32f1xx_hal_rcc_ex.o
    0x08007078   0x08007078   0x00000018   Data   RO         3653    .constdata          system_stm32f1xx.o
    0x08007090   0x08007090   0x00000020   Data   RO         4476    Region$$Table       anon$$obj.o


    Execution Region RW_IRAM1 (Exec base: 0x20000000, Load base: 0x080070b0, Size: 0x00002af8, Max: 0x00010000, ABSOLUTE, COMPRESSED[0x0000006c])

    Exec Addr    Load Addr    Size         Type   Attr      Idx    E Section Name        Object

    0x20000000   COMPRESSED   0x000000a6   Data   RW           32    .data               main.o
    0x200000a6   COMPRESSED   0x00000002   PAD
    0x200000a8   COMPRESSED   0x00000084   Data   RW          291    .data               stm32f1xx_it.o
    0x2000012c   COMPRESSED   0x00000009   Data   RW         1005    .data               stm32f1xx_hal.o
    0x20000135   COMPRESSED   0x00000003   PAD
    0x20000138   COMPRESSED   0x00000004   Data   RW         3654    .data               system_stm32f1xx.o
    0x2000013c   COMPRESSED   0x00000018   Data   RW         3690    .data               pid.o
    0x20000154   COMPRESSED   0x00000016   Data   RW         3832    .data               masterrtu.o
    0x2000016a   COMPRESSED   0x0000002e   Data   RW         3942    .data               tm1650.o
    0x20000198   COMPRESSED   0x00000006   Data   RW         4122    .data               pc485slave.o
    0x2000019e   COMPRESSED   0x00000002   PAD
    0x200001a0   COMPRESSED   0x00000054   Data   RW         4174    .data               function.o
    0x200001f4        -       0x000002d4   Zero   RW           31    .bss                main.o
    0x200004c8        -       0x000000a0   Zero   RW          290    .bss                stm32f1xx_it.o
    0x20000568        -       0x000000c8   Zero   RW         4121    .bss                pc485slave.o
    0x20000630        -       0x000020c8   Zero   RW         4313    .bss                24cxx.o
    0x200026f8        -       0x00000400   Zero   RW            1    STACK               startup_stm32f103xe.o


==============================================================================

Image component sizes


      Code (inc. data)   RO Data    RW Data    ZI Data      Debug   Object Name

      1082         74          0          0       8392       8202   24cxx.o
      4370        460          0         84          0      10917   function.o
      2868        308          0        166        724     522250   main.o
      1778        258          0         22          0       8632   masterrtu.o
       522         36          0          0          0       4827   myiic.o
       732         74          0          6        200       2505   pc485slave.o
       132         18          0         24          0       1152   pid.o
        36          8        304          0       1024        820   startup_stm32f103xe.o
       192         36          0          9          0       6929   stm32f1xx_hal.o
      1636         64          0          0          0       6840   stm32f1xx_hal_adc.o
       372         30          0          0          0      30458   stm32f1xx_hal_cortex.o
       510         10          0          0          0       2051   stm32f1xx_hal_dma.o
       888         44          0          0          0       4202   stm32f1xx_hal_gpio.o
       112          0          0          0          0       2003   stm32f1xx_hal_iwdg.o
      1076         96          0          0          0     509784   stm32f1xx_hal_msp.o
      1748         98         18          0          0       6400   stm32f1xx_hal_rcc.o
       280         20         18          0          0       1497   stm32f1xx_hal_rcc_ex.o
      1384         34          0          0          0       9641   stm32f1xx_hal_spi.o
      2698        116          0          0          0      20945   stm32f1xx_hal_tim.o
       160         22          0          0          0       2653   stm32f1xx_hal_tim_ex.o
      1854          8          0          0          0      10529   stm32f1xx_hal_uart.o
      1570        308          0        132        160      17301   stm32f1xx_it.o
         2          0         24          4          0       1283   system_stm32f1xx.o
       236         10          0         46          0       3024   tm1650.o

    ----------------------------------------------------------------------
     26278       2132        396        500      10500    1194845   Object Totals
         0          0         32          0          0          0   (incl. Generated)
        40          0          0          7          0          0   (incl. Padding)

    ----------------------------------------------------------------------

      Code (inc. data)   RO Data    RW Data    ZI Data      Debug   Library Member Name

        58          0          0          0          0          0   __dczerorl.o
         0          0          0          0          0          0   entry.o
         0          0          0          0          0          0   entry10a.o
         0          0          0          0          0          0   entry11a.o
         4          0          0          0          0          0   entry12b.o
         8          4          0          0          0          0   entry2.o
         4          0          0          0          0          0   entry5.o
         0          0          0          0          0          0   entry7b.o
         0          0          0          0          0          0   entry8b.o
         8          4          0          0          0          0   entry9a.o
        30          0          0          0          0          0   handlers.o
        36          8          0          0          0         68   init.o
         0          0          0          0          0          0   iusefp.o
        30          0          0          0          0         68   llshl.o
        36          0          0          0          0         68   llsshr.o
        32          0          0          0          0         68   llushr.o
        36          0          0          0          0         68   memcpya.o
        36          0          0          0          0        108   memseta.o
        48          0          0          0          0         68   cdcmple.o
        48          0          0          0          0         68   cdrcmple.o
        56          0          0          0          0         88   d2f.o
       334          0          0          0          0        148   dadd.o
       222          0          0          0          0        100   ddiv.o
       186          0          0          0          0        176   depilogue.o
        62          0          0          0          0         80   dfixi.o
        34          0          0          0          0         76   dflti.o
        26          0          0          0          0         76   dfltui.o
       228          0          0          0          0         96   dmul.o
        38          0          0          0          0         68   f2d.o
       176          0          0          0          0        140   fadd.o
       124          0          0          0          0         88   fdiv.o
       110          0          0          0          0        168   fepilogue.o
        50          0          0          0          0         68   ffixi.o
        10          0          0          0          0         68   ffltui.o
       100          0          0          0          0         76   fmul.o

    ----------------------------------------------------------------------
      2174         16          0          0          0       2100   Library Totals
         4          0          0          0          0          0   (incl. Padding)

    ----------------------------------------------------------------------

      Code (inc. data)   RO Data    RW Data    ZI Data      Debug   Library Name

       318         16          0          0          0        448   mc_w.l
      1852          0          0          0          0       1652   mf_w.l

    ----------------------------------------------------------------------
      2174         16          0          0          0       2100   Library Totals

    ----------------------------------------------------------------------

==============================================================================


      Code (inc. data)   RO Data    RW Data    ZI Data      Debug   

     28452       2148        396        500      10500    1186725   Grand Totals
     28452       2148        396        108      10500    1186725   ELF Image Totals (compressed)
     28452       2148        396        108          0          0   ROM Totals

==============================================================================

    Total RO  Size (Code + RO Data)                28848 (  28.17kB)
    Total RW  Size (RW Data + ZI Data)             11000 (  10.74kB)
    Total ROM Size (Code + RO Data + RW Data)      28956 (  28.28kB)

==============================================================================

