<?xml version="1.0" encoding="ISO-8859-1" ?>
<link_info>
   <banner>TMS320C2000 Linker PC v18.12.4.LTS</banner>
   <copyright>Copyright (c) 1996-2018 Texas Instruments Incorporated</copyright>
   <link_time>0x669b8f98</link_time>
   <link_errors>0x0</link_errors>
   <output_file>masterposition.out</output_file>
   <entry_point>
      <name>_c_int00</name>
      <address>0x32c6ac</address>
   </entry_point>
   <input_file_list>
      <input_file id="fl-2">
         <path>.\</path>
         <kind>object</kind>
         <file>main.obj</file>
         <name>main.obj</name>
      </input_file>
      <input_file id="fl-3">
         <path>.\src\</path>
         <kind>object</kind>
         <file>AD2S.obj</file>
         <name>AD2S.obj</name>
      </input_file>
      <input_file id="fl-4">
         <path>.\src\</path>
         <kind>object</kind>
         <file>DSP2833x_ADC_cal.obj</file>
         <name>DSP2833x_ADC_cal.obj</name>
      </input_file>
      <input_file id="fl-5">
         <path>.\src\</path>
         <kind>object</kind>
         <file>DSP2833x_Adc.obj</file>
         <name>DSP2833x_Adc.obj</name>
      </input_file>
      <input_file id="fl-6">
         <path>.\src\</path>
         <kind>object</kind>
         <file>DSP2833x_CSMPasswords.obj</file>
         <name>DSP2833x_CSMPasswords.obj</name>
      </input_file>
      <input_file id="fl-7">
         <path>.\src\</path>
         <kind>object</kind>
         <file>DSP2833x_CodeStartBranch.obj</file>
         <name>DSP2833x_CodeStartBranch.obj</name>
      </input_file>
      <input_file id="fl-8">
         <path>.\src\</path>
         <kind>object</kind>
         <file>DSP2833x_DBGIER.obj</file>
         <name>DSP2833x_DBGIER.obj</name>
      </input_file>
      <input_file id="fl-9">
         <path>.\src\</path>
         <kind>object</kind>
         <file>DSP2833x_DMA.obj</file>
         <name>DSP2833x_DMA.obj</name>
      </input_file>
      <input_file id="fl-a">
         <path>.\src\</path>
         <kind>object</kind>
         <file>DSP2833x_DefaultIsr.obj</file>
         <name>DSP2833x_DefaultIsr.obj</name>
      </input_file>
      <input_file id="fl-b">
         <path>.\src\</path>
         <kind>object</kind>
         <file>DSP2833x_DisInt.obj</file>
         <name>DSP2833x_DisInt.obj</name>
      </input_file>
      <input_file id="fl-c">
         <path>.\src\</path>
         <kind>object</kind>
         <file>DSP2833x_ECan.obj</file>
         <name>DSP2833x_ECan.obj</name>
      </input_file>
      <input_file id="fl-d">
         <path>.\src\</path>
         <kind>object</kind>
         <file>DSP2833x_ECap.obj</file>
         <name>DSP2833x_ECap.obj</name>
      </input_file>
      <input_file id="fl-e">
         <path>.\src\</path>
         <kind>object</kind>
         <file>DSP2833x_EPwm.obj</file>
         <name>DSP2833x_EPwm.obj</name>
      </input_file>
      <input_file id="fl-f">
         <path>.\src\</path>
         <kind>object</kind>
         <file>DSP2833x_GlobalVariableDefs.obj</file>
         <name>DSP2833x_GlobalVariableDefs.obj</name>
      </input_file>
      <input_file id="fl-10">
         <path>.\src\</path>
         <kind>object</kind>
         <file>DSP2833x_Gpio.obj</file>
         <name>DSP2833x_Gpio.obj</name>
      </input_file>
      <input_file id="fl-11">
         <path>.\src\</path>
         <kind>object</kind>
         <file>DSP2833x_I2C.obj</file>
         <name>DSP2833x_I2C.obj</name>
      </input_file>
      <input_file id="fl-12">
         <path>.\src\</path>
         <kind>object</kind>
         <file>DSP2833x_Mcbsp.obj</file>
         <name>DSP2833x_Mcbsp.obj</name>
      </input_file>
      <input_file id="fl-13">
         <path>.\src\</path>
         <kind>object</kind>
         <file>DSP2833x_MemCopy.obj</file>
         <name>DSP2833x_MemCopy.obj</name>
      </input_file>
      <input_file id="fl-14">
         <path>.\src\</path>
         <kind>object</kind>
         <file>DSP2833x_PieCtrl.obj</file>
         <name>DSP2833x_PieCtrl.obj</name>
      </input_file>
      <input_file id="fl-15">
         <path>.\src\</path>
         <kind>object</kind>
         <file>DSP2833x_PieVect.obj</file>
         <name>DSP2833x_PieVect.obj</name>
      </input_file>
      <input_file id="fl-16">
         <path>.\src\</path>
         <kind>object</kind>
         <file>DSP2833x_Sci.obj</file>
         <name>DSP2833x_Sci.obj</name>
      </input_file>
      <input_file id="fl-17">
         <path>.\src\</path>
         <kind>object</kind>
         <file>DSP2833x_Spi.obj</file>
         <name>DSP2833x_Spi.obj</name>
      </input_file>
      <input_file id="fl-18">
         <path>.\src\</path>
         <kind>object</kind>
         <file>DSP2833x_SysCtrl.obj</file>
         <name>DSP2833x_SysCtrl.obj</name>
      </input_file>
      <input_file id="fl-19">
         <path>.\src\</path>
         <kind>object</kind>
         <file>DSP2833x_Xintf.obj</file>
         <name>DSP2833x_Xintf.obj</name>
      </input_file>
      <input_file id="fl-1a">
         <path>.\src\</path>
         <kind>object</kind>
         <file>DSP2833x_usDelay.obj</file>
         <name>DSP2833x_usDelay.obj</name>
      </input_file>
      <input_file id="fl-1b">
         <path>.\src\</path>
         <kind>object</kind>
         <file>SPI4.obj</file>
         <name>SPI4.obj</name>
      </input_file>
      <input_file id="fl-1c">
         <path>.\src\</path>
         <kind>object</kind>
         <file>User_Comm.obj</file>
         <name>User_Comm.obj</name>
      </input_file>
      <input_file id="fl-1d">
         <path>.\src\</path>
         <kind>object</kind>
         <file>User_InitVar.obj</file>
         <name>User_InitVar.obj</name>
      </input_file>
      <input_file id="fl-1e">
         <path>.\src\</path>
         <kind>object</kind>
         <file>User_Isr.obj</file>
         <name>User_Isr.obj</name>
      </input_file>
      <input_file id="fl-1f">
         <path>.\src\</path>
         <kind>object</kind>
         <file>User_Menu.obj</file>
         <name>User_Menu.obj</name>
      </input_file>
      <input_file id="fl-20">
         <path>.\src\</path>
         <kind>object</kind>
         <file>User_Modbus.obj</file>
         <name>User_Modbus.obj</name>
      </input_file>
      <input_file id="fl-21">
         <path>.\src\</path>
         <kind>object</kind>
         <file>User_subFunc.obj</file>
         <name>User_subFunc.obj</name>
      </input_file>
      <input_file id="fl-22">
         <path>.\src\CANopen\</path>
         <kind>object</kind>
         <file>CO_DS402.obj</file>
         <name>CO_DS402.obj</name>
      </input_file>
      <input_file id="fl-23">
         <path>.\src\CANopen\</path>
         <kind>object</kind>
         <file>CO_OD.obj</file>
         <name>CO_OD.obj</name>
      </input_file>
      <input_file id="fl-24">
         <path>.\src\CANopen\</path>
         <kind>object</kind>
         <file>CO_driver.obj</file>
         <name>CO_driver.obj</name>
      </input_file>
      <input_file id="fl-25">
         <path>.\src\CANopen\</path>
         <kind>object</kind>
         <file>CO_stack.obj</file>
         <name>CO_stack.obj</name>
      </input_file>
      <input_file id="fl-26">
         <path>.\src\CANopen\</path>
         <kind>object</kind>
         <file>CO_user.obj</file>
         <name>CO_user.obj</name>
      </input_file>
      <input_file id="fl-27">
         <path>.\src\DPRAM\</path>
         <kind>object</kind>
         <file>User_DPRAM.obj</file>
         <name>User_DPRAM.obj</name>
      </input_file>
      <input_file id="fl-28">
         <path>.\src\DPRAM\</path>
         <kind>object</kind>
         <file>User_DPRAM_OD.obj</file>
         <name>User_DPRAM_OD.obj</name>
      </input_file>
      <input_file id="fl-29">
         <path>.\src\Test\</path>
         <kind>object</kind>
         <file>User_test.obj</file>
         <name>User_test.obj</name>
      </input_file>
      <input_file id="fl-30">
         <kind>object</kind>
         <file>&lt;internal&gt;</file>
         <name>&lt;internal&gt;</name>
      </input_file>
      <input_file id="fl-31">
         <path>..\lib\</path>
         <kind>archive</kind>
         <file>IQmath_fpu32.lib</file>
         <name>IQ16sinPU.obj</name>
      </input_file>
      <input_file id="fl-32">
         <path>..\lib\</path>
         <kind>archive</kind>
         <file>IQmath_fpu32.lib</file>
         <name>IQ1sqrt.obj</name>
      </input_file>
      <input_file id="fl-33">
         <path>..\lib\</path>
         <kind>archive</kind>
         <file>IQmath_fpu32.lib</file>
         <name>IQmathTables.obj</name>
      </input_file>
      <input_file id="fl-3f">
         <path>C:\ti\ccs930\ccs\tools\compiler\ti-cgt-c2000_18.12.4.LTS\lib\</path>
         <kind>archive</kind>
         <file>rts2800_fpu32.lib</file>
         <name>boot28.asm.obj</name>
      </input_file>
      <input_file id="fl-40">
         <path>C:\ti\ccs930\ccs\tools\compiler\ti-cgt-c2000_18.12.4.LTS\lib\</path>
         <kind>archive</kind>
         <file>rts2800_fpu32.lib</file>
         <name>ll_abs28.asm.obj</name>
      </input_file>
      <input_file id="fl-41">
         <path>C:\ti\ccs930\ccs\tools\compiler\ti-cgt-c2000_18.12.4.LTS\lib\</path>
         <kind>archive</kind>
         <file>rts2800_fpu32.lib</file>
         <name>ll_cmp28.asm.obj</name>
      </input_file>
      <input_file id="fl-42">
         <path>C:\ti\ccs930\ccs\tools\compiler\ti-cgt-c2000_18.12.4.LTS\lib\</path>
         <kind>archive</kind>
         <file>rts2800_fpu32.lib</file>
         <name>ll_div28.asm.obj</name>
      </input_file>
      <input_file id="fl-43">
         <path>C:\ti\ccs930\ccs\tools\compiler\ti-cgt-c2000_18.12.4.LTS\lib\</path>
         <kind>archive</kind>
         <file>rts2800_fpu32.lib</file>
         <name>ll_mpy28.asm.obj</name>
      </input_file>
      <input_file id="fl-44">
         <path>C:\ti\ccs930\ccs\tools\compiler\ti-cgt-c2000_18.12.4.LTS\lib\</path>
         <kind>archive</kind>
         <file>rts2800_fpu32.lib</file>
         <name>i_div28.asm.obj</name>
      </input_file>
      <input_file id="fl-45">
         <path>C:\ti\ccs930\ccs\tools\compiler\ti-cgt-c2000_18.12.4.LTS\lib\</path>
         <kind>archive</kind>
         <file>rts2800_fpu32.lib</file>
         <name>u_div28.asm.obj</name>
      </input_file>
      <input_file id="fl-46">
         <path>C:\ti\ccs930\ccs\tools\compiler\ti-cgt-c2000_18.12.4.LTS\lib\</path>
         <kind>archive</kind>
         <file>rts2800_fpu32.lib</file>
         <name>l_div28.asm.obj</name>
      </input_file>
      <input_file id="fl-47">
         <path>C:\ti\ccs930\ccs\tools\compiler\ti-cgt-c2000_18.12.4.LTS\lib\</path>
         <kind>archive</kind>
         <file>rts2800_fpu32.lib</file>
         <name>cpy_tbl.c.obj</name>
      </input_file>
      <input_file id="fl-48">
         <path>C:\ti\ccs930\ccs\tools\compiler\ti-cgt-c2000_18.12.4.LTS\lib\</path>
         <kind>archive</kind>
         <file>rts2800_fpu32.lib</file>
         <name>memcpy.c.obj</name>
      </input_file>
      <input_file id="fl-49">
         <path>C:\ti\ccs930\ccs\tools\compiler\ti-cgt-c2000_18.12.4.LTS\lib\</path>
         <kind>archive</kind>
         <file>rts2800_fpu32.lib</file>
         <name>pre_init.c.obj</name>
      </input_file>
      <input_file id="fl-4a">
         <path>C:\ti\ccs930\ccs\tools\compiler\ti-cgt-c2000_18.12.4.LTS\lib\</path>
         <kind>archive</kind>
         <file>rts2800_fpu32.lib</file>
         <name>startup.c.obj</name>
      </input_file>
      <input_file id="fl-4b">
         <path>C:\ti\ccs930\ccs\tools\compiler\ti-cgt-c2000_18.12.4.LTS\lib\</path>
         <kind>archive</kind>
         <file>rts2800_fpu32.lib</file>
         <name>exit.c.obj</name>
      </input_file>
      <input_file id="fl-4c">
         <path>C:\ti\ccs930\ccs\tools\compiler\ti-cgt-c2000_18.12.4.LTS\lib\</path>
         <kind>archive</kind>
         <file>rts2800_fpu32.lib</file>
         <name>_lock.c.obj</name>
      </input_file>
      <input_file id="fl-4d">
         <path>C:\ti\ccs930\ccs\tools\compiler\ti-cgt-c2000_18.12.4.LTS\lib\</path>
         <kind>archive</kind>
         <file>rts2800_fpu32.lib</file>
         <name>args_main.c.obj</name>
      </input_file>
   </input_file_list>
   <object_component_list>
      <object_component id="oc-bf">
         <name>PieVectTableFile</name>
         <uninitialized>true</uninitialized>
         <run_address>0xd00</run_address>
         <size>0x100</size>
         <input_file_ref idref="fl-f"/>
      </object_component>
      <object_component id="oc-bb">
         <name>DevEmuRegsFile</name>
         <uninitialized>true</uninitialized>
         <run_address>0x880</run_address>
         <size>0xd0</size>
         <input_file_ref idref="fl-f"/>
      </object_component>
      <object_component id="oc-93">
         <name>FlashRegsFile</name>
         <uninitialized>true</uninitialized>
         <run_address>0xa80</run_address>
         <size>0x8</size>
         <input_file_ref idref="fl-f"/>
      </object_component>
      <object_component id="oc-96">
         <name>CsmRegsFile</name>
         <uninitialized>true</uninitialized>
         <run_address>0xae0</run_address>
         <size>0x10</size>
         <input_file_ref idref="fl-f"/>
      </object_component>
      <object_component id="oc-95">
         <name>AdcMirrorFile</name>
         <uninitialized>true</uninitialized>
         <run_address>0xb00</run_address>
         <size>0x10</size>
         <input_file_ref idref="fl-f"/>
      </object_component>
      <object_component id="oc-9e">
         <name>XintfRegsFile</name>
         <uninitialized>true</uninitialized>
         <run_address>0xb20</run_address>
         <size>0x1e</size>
         <input_file_ref idref="fl-f"/>
      </object_component>
      <object_component id="oc-8f">
         <name>CpuTimer0RegsFile</name>
         <uninitialized>true</uninitialized>
         <run_address>0xc00</run_address>
         <size>0x8</size>
         <input_file_ref idref="fl-f"/>
      </object_component>
      <object_component id="oc-90">
         <name>CpuTimer1RegsFile</name>
         <uninitialized>true</uninitialized>
         <run_address>0xc08</run_address>
         <size>0x8</size>
         <input_file_ref idref="fl-f"/>
      </object_component>
      <object_component id="oc-91">
         <name>CpuTimer2RegsFile</name>
         <uninitialized>true</uninitialized>
         <run_address>0xc10</run_address>
         <size>0x8</size>
         <input_file_ref idref="fl-f"/>
      </object_component>
      <object_component id="oc-9c">
         <name>PieCtrlRegsFile</name>
         <uninitialized>true</uninitialized>
         <run_address>0xce0</run_address>
         <size>0x1a</size>
         <input_file_ref idref="fl-f"/>
      </object_component>
      <object_component id="oc-bc">
         <name>DmaRegsFile</name>
         <uninitialized>true</uninitialized>
         <run_address>0x1000</run_address>
         <size>0xe0</size>
         <input_file_ref idref="fl-f"/>
      </object_component>
      <object_component id="oc-ae">
         <name>McbspaRegsFile</name>
         <uninitialized>true</uninitialized>
         <run_address>0x5000</run_address>
         <size>0x25</size>
         <input_file_ref idref="fl-f"/>
      </object_component>
      <object_component id="oc-af">
         <name>McbspbRegsFile</name>
         <uninitialized>true</uninitialized>
         <run_address>0x5040</run_address>
         <size>0x25</size>
         <input_file_ref idref="fl-f"/>
      </object_component>
      <object_component id="oc-b1">
         <name>ECanaRegsFile</name>
         <uninitialized>true</uninitialized>
         <run_address>0x6000</run_address>
         <size>0x34</size>
         <input_file_ref idref="fl-f"/>
      </object_component>
      <object_component id="oc-b3">
         <name>ECanaLAMRegsFile</name>
         <uninitialized>true</uninitialized>
         <run_address>0x6040</run_address>
         <size>0x40</size>
         <input_file_ref idref="fl-f"/>
      </object_component>
      <object_component id="oc-bd">
         <name>ECanaMboxesFile</name>
         <uninitialized>true</uninitialized>
         <run_address>0x6100</run_address>
         <size>0x100</size>
         <input_file_ref idref="fl-f"/>
      </object_component>
      <object_component id="oc-b4">
         <name>ECanaMOTSRegsFile</name>
         <uninitialized>true</uninitialized>
         <run_address>0x6080</run_address>
         <size>0x40</size>
         <input_file_ref idref="fl-f"/>
      </object_component>
      <object_component id="oc-b5">
         <name>ECanaMOTORegsFile</name>
         <uninitialized>true</uninitialized>
         <run_address>0x60c0</run_address>
         <size>0x40</size>
         <input_file_ref idref="fl-f"/>
      </object_component>
      <object_component id="oc-b2">
         <name>ECanbRegsFile</name>
         <uninitialized>true</uninitialized>
         <run_address>0x6200</run_address>
         <size>0x34</size>
         <input_file_ref idref="fl-f"/>
      </object_component>
      <object_component id="oc-b6">
         <name>ECanbLAMRegsFile</name>
         <uninitialized>true</uninitialized>
         <run_address>0x6240</run_address>
         <size>0x40</size>
         <input_file_ref idref="fl-f"/>
      </object_component>
      <object_component id="oc-be">
         <name>ECanbMboxesFile</name>
         <uninitialized>true</uninitialized>
         <run_address>0x6300</run_address>
         <size>0x100</size>
         <input_file_ref idref="fl-f"/>
      </object_component>
      <object_component id="oc-b7">
         <name>ECanbMOTSRegsFile</name>
         <uninitialized>true</uninitialized>
         <run_address>0x6280</run_address>
         <size>0x40</size>
         <input_file_ref idref="fl-f"/>
      </object_component>
      <object_component id="oc-b8">
         <name>ECanbMOTORegsFile</name>
         <uninitialized>true</uninitialized>
         <run_address>0x62c0</run_address>
         <size>0x40</size>
         <input_file_ref idref="fl-f"/>
      </object_component>
      <object_component id="oc-a7">
         <name>EPwm1RegsFile</name>
         <uninitialized>true</uninitialized>
         <run_address>0x6800</run_address>
         <size>0x22</size>
         <input_file_ref idref="fl-f"/>
      </object_component>
      <object_component id="oc-a8">
         <name>EPwm2RegsFile</name>
         <uninitialized>true</uninitialized>
         <run_address>0x6840</run_address>
         <size>0x22</size>
         <input_file_ref idref="fl-f"/>
      </object_component>
      <object_component id="oc-a9">
         <name>EPwm3RegsFile</name>
         <uninitialized>true</uninitialized>
         <run_address>0x6880</run_address>
         <size>0x22</size>
         <input_file_ref idref="fl-f"/>
      </object_component>
      <object_component id="oc-aa">
         <name>EPwm4RegsFile</name>
         <uninitialized>true</uninitialized>
         <run_address>0x68c0</run_address>
         <size>0x22</size>
         <input_file_ref idref="fl-f"/>
      </object_component>
      <object_component id="oc-ab">
         <name>EPwm5RegsFile</name>
         <uninitialized>true</uninitialized>
         <run_address>0x6900</run_address>
         <size>0x22</size>
         <input_file_ref idref="fl-f"/>
      </object_component>
      <object_component id="oc-ac">
         <name>EPwm6RegsFile</name>
         <uninitialized>true</uninitialized>
         <run_address>0x6940</run_address>
         <size>0x22</size>
         <input_file_ref idref="fl-f"/>
      </object_component>
      <object_component id="oc-9f">
         <name>ECap1RegsFile</name>
         <uninitialized>true</uninitialized>
         <run_address>0x6a00</run_address>
         <size>0x20</size>
         <input_file_ref idref="fl-f"/>
      </object_component>
      <object_component id="oc-a0">
         <name>ECap2RegsFile</name>
         <uninitialized>true</uninitialized>
         <run_address>0x6a20</run_address>
         <size>0x20</size>
         <input_file_ref idref="fl-f"/>
      </object_component>
      <object_component id="oc-a1">
         <name>ECap3RegsFile</name>
         <uninitialized>true</uninitialized>
         <run_address>0x6a40</run_address>
         <size>0x20</size>
         <input_file_ref idref="fl-f"/>
      </object_component>
      <object_component id="oc-a2">
         <name>ECap4RegsFile</name>
         <uninitialized>true</uninitialized>
         <run_address>0x6a60</run_address>
         <size>0x20</size>
         <input_file_ref idref="fl-f"/>
      </object_component>
      <object_component id="oc-a3">
         <name>ECap5RegsFile</name>
         <uninitialized>true</uninitialized>
         <run_address>0x6a80</run_address>
         <size>0x20</size>
         <input_file_ref idref="fl-f"/>
      </object_component>
      <object_component id="oc-a4">
         <name>ECap6RegsFile</name>
         <uninitialized>true</uninitialized>
         <run_address>0x6aa0</run_address>
         <size>0x20</size>
         <input_file_ref idref="fl-f"/>
      </object_component>
      <object_component id="oc-b9">
         <name>EQep1RegsFile</name>
         <uninitialized>true</uninitialized>
         <run_address>0x6b00</run_address>
         <size>0x40</size>
         <input_file_ref idref="fl-f"/>
      </object_component>
      <object_component id="oc-ba">
         <name>EQep2RegsFile</name>
         <uninitialized>true</uninitialized>
         <run_address>0x6b40</run_address>
         <size>0x40</size>
         <input_file_ref idref="fl-f"/>
      </object_component>
      <object_component id="oc-b0">
         <name>GpioCtrlRegsFile</name>
         <uninitialized>true</uninitialized>
         <run_address>0x6f80</run_address>
         <size>0x2e</size>
         <input_file_ref idref="fl-f"/>
      </object_component>
      <object_component id="oc-a5">
         <name>GpioDataRegsFile</name>
         <uninitialized>true</uninitialized>
         <run_address>0x6fc0</run_address>
         <size>0x20</size>
         <input_file_ref idref="fl-f"/>
      </object_component>
      <object_component id="oc-94">
         <name>GpioIntRegsFile</name>
         <uninitialized>true</uninitialized>
         <run_address>0x6fe0</run_address>
         <size>0xa</size>
         <input_file_ref idref="fl-f"/>
      </object_component>
      <object_component id="oc-a6">
         <name>SysCtrlRegsFile</name>
         <uninitialized>true</uninitialized>
         <run_address>0x7010</run_address>
         <size>0x20</size>
         <input_file_ref idref="fl-f"/>
      </object_component>
      <object_component id="oc-9a">
         <name>SpiaRegsFile</name>
         <uninitialized>true</uninitialized>
         <run_address>0x7040</run_address>
         <size>0x10</size>
         <input_file_ref idref="fl-f"/>
      </object_component>
      <object_component id="oc-97">
         <name>SciaRegsFile</name>
         <uninitialized>true</uninitialized>
         <run_address>0x7050</run_address>
         <size>0x10</size>
         <input_file_ref idref="fl-f"/>
      </object_component>
      <object_component id="oc-9b">
         <name>XIntruptRegsFile</name>
         <uninitialized>true</uninitialized>
         <run_address>0x7070</run_address>
         <size>0x10</size>
         <input_file_ref idref="fl-f"/>
      </object_component>
      <object_component id="oc-9d">
         <name>AdcRegsFile</name>
         <uninitialized>true</uninitialized>
         <run_address>0x7100</run_address>
         <size>0x1e</size>
         <input_file_ref idref="fl-f"/>
      </object_component>
      <object_component id="oc-98">
         <name>ScibRegsFile</name>
         <uninitialized>true</uninitialized>
         <run_address>0x7750</run_address>
         <size>0x10</size>
         <input_file_ref idref="fl-f"/>
      </object_component>
      <object_component id="oc-99">
         <name>ScicRegsFile</name>
         <uninitialized>true</uninitialized>
         <run_address>0x7770</run_address>
         <size>0x10</size>
         <input_file_ref idref="fl-f"/>
      </object_component>
      <object_component id="oc-ad">
         <name>I2caRegsFile</name>
         <uninitialized>true</uninitialized>
         <run_address>0x7900</run_address>
         <size>0x22</size>
         <input_file_ref idref="fl-f"/>
      </object_component>
      <object_component id="oc-92">
         <name>CsmPwlFile</name>
         <uninitialized>true</uninitialized>
         <run_address>0x33fff8</run_address>
         <size>0x8</size>
         <input_file_ref idref="fl-f"/>
      </object_component>
      <object_component id="oc-4c">
         <name>.cinit</name>
         <load_address>0x3324c5</load_address>
         <run_address>0x3324c5</run_address>
         <size>0x95f</size>
         <input_file_ref idref="fl-2"/>
      </object_component>
      <object_component id="oc-12e">
         <name>.cinit</name>
         <load_address>0x332e24</load_address>
         <run_address>0x332e24</run_address>
         <size>0x21c</size>
         <input_file_ref idref="fl-23"/>
      </object_component>
      <object_component id="oc-127">
         <name>.cinit</name>
         <load_address>0x333040</load_address>
         <run_address>0x333040</run_address>
         <size>0x13c</size>
         <input_file_ref idref="fl-22"/>
      </object_component>
      <object_component id="oc-213">
         <name>.cinit:_Rxbuffer</name>
         <load_address>0x33317c</load_address>
         <run_address>0x33317c</run_address>
         <size>0xcb</size>
         <input_file_ref idref="fl-2"/>
      </object_component>
      <object_component id="oc-25c">
         <name>.cinit:_slid_speed</name>
         <load_address>0x333247</load_address>
         <run_address>0x333247</run_address>
         <size>0x83</size>
         <input_file_ref idref="fl-2"/>
      </object_component>
      <object_component id="oc-159">
         <name>.cinit</name>
         <load_address>0x3332ca</load_address>
         <run_address>0x3332ca</run_address>
         <size>0x6b</size>
         <input_file_ref idref="fl-29"/>
      </object_component>
      <object_component id="oc-24b">
         <name>.cinit:_CO_RPDO_MAPing</name>
         <load_address>0x333335</load_address>
         <run_address>0x333335</run_address>
         <size>0x61</size>
         <input_file_ref idref="fl-25"/>
      </object_component>
      <object_component id="oc-24d">
         <name>.cinit:_CO_TPDO_MAPing</name>
         <load_address>0x333396</load_address>
         <run_address>0x333396</run_address>
         <size>0x61</size>
         <input_file_ref idref="fl-25"/>
      </object_component>
      <object_component id="oc-26f">
         <name>.cinit:_Jauto</name>
         <load_address>0x3333f7</load_address>
         <run_address>0x3333f7</run_address>
         <size>0x43</size>
         <input_file_ref idref="fl-2"/>
      </object_component>
      <object_component id="oc-238">
         <name>.cinit:_ODE_RPDO_Mapping</name>
         <load_address>0x33343a</load_address>
         <run_address>0x33343a</run_address>
         <size>0x43</size>
         <input_file_ref idref="fl-23"/>
      </object_component>
      <object_component id="oc-23f">
         <name>.cinit:_ODE_TPDO_Mapping</name>
         <load_address>0x33347d</load_address>
         <run_address>0x33347d</run_address>
         <size>0x43</size>
         <input_file_ref idref="fl-23"/>
      </object_component>
      <object_component id="oc-13e">
         <name>.cinit</name>
         <load_address>0x3334c0</load_address>
         <run_address>0x3334c0</run_address>
         <size>0x2c</size>
         <input_file_ref idref="fl-25"/>
      </object_component>
      <object_component id="oc-14a">
         <name>.cinit</name>
         <load_address>0x3334ec</load_address>
         <run_address>0x3334ec</run_address>
         <size>0x2a</size>
         <input_file_ref idref="fl-27"/>
      </object_component>
      <object_component id="oc-f9">
         <name>.cinit</name>
         <load_address>0x333516</load_address>
         <run_address>0x333516</run_address>
         <size>0x24</size>
         <input_file_ref idref="fl-1b"/>
      </object_component>
      <object_component id="oc-120">
         <name>.cinit</name>
         <load_address>0x33353a</load_address>
         <run_address>0x33353a</run_address>
         <size>0x1c</size>
         <input_file_ref idref="fl-21"/>
      </object_component>
      <object_component id="oc-231">
         <name>.cinit:_ODE_TPDO_Parameter</name>
         <load_address>0x333556</load_address>
         <run_address>0x333556</run_address>
         <size>0x1a</size>
         <input_file_ref idref="fl-23"/>
      </object_component>
      <object_component id="oc-208">
         <name>.cinit:_Un</name>
         <load_address>0x333570</load_address>
         <run_address>0x333570</run_address>
         <size>0x19</size>
         <input_file_ref idref="fl-2"/>
      </object_component>
      <object_component id="oc-28b">
         <name>.cinit:_Drive_Catalog_Address</name>
         <load_address>0x333589</load_address>
         <run_address>0x333589</run_address>
         <size>0x18</size>
         <input_file_ref idref="fl-23"/>
      </object_component>
      <object_component id="oc-236">
         <name>.cinit:_ODE_RPDO_Parameter</name>
         <load_address>0x3335a1</load_address>
         <run_address>0x3335a1</run_address>
         <size>0x18</size>
         <input_file_ref idref="fl-23"/>
      </object_component>
      <object_component id="oc-289">
         <name>.cinit:_Drive_Manufacturer</name>
         <load_address>0x3335b9</load_address>
         <run_address>0x3335b9</run_address>
         <size>0x17</size>
         <input_file_ref idref="fl-23"/>
      </object_component>
      <object_component id="oc-151">
         <name>.cinit</name>
         <load_address>0x3335d0</load_address>
         <run_address>0x3335d0</run_address>
         <size>0x15</size>
         <input_file_ref idref="fl-28"/>
      </object_component>
      <object_component id="oc-283">
         <name>.cinit:_ODE_TPDO_MASK</name>
         <load_address>0x3335e5</load_address>
         <run_address>0x3335e5</run_address>
         <size>0x13</size>
         <input_file_ref idref="fl-23"/>
      </object_component>
      <object_component id="oc-25e">
         <name>.cinit:_xMotor</name>
         <load_address>0x3335f8</load_address>
         <run_address>0x3335f8</run_address>
         <size>0x13</size>
         <input_file_ref idref="fl-2"/>
      </object_component>
      <object_component id="oc-260">
         <name>.cinit:_yMotor</name>
         <load_address>0x33360b</load_address>
         <run_address>0x33360b</run_address>
         <size>0x13</size>
         <input_file_ref idref="fl-2"/>
      </object_component>
      <object_component id="oc-1a6">
         <name>.cinit</name>
         <load_address>0x33361e</load_address>
         <run_address>0x33361e</run_address>
         <size>0xe</size>
         <input_file_ref idref="fl-4b"/>
      </object_component>
      <object_component id="oc-254">
         <name>.cinit:_Au5561</name>
         <load_address>0x33362c</load_address>
         <run_address>0x33362c</run_address>
         <size>0xb</size>
         <input_file_ref idref="fl-2"/>
      </object_component>
      <object_component id="oc-1f0">
         <name>.cinit:_Jiner</name>
         <load_address>0x333637</load_address>
         <run_address>0x333637</run_address>
         <size>0xb</size>
         <input_file_ref idref="fl-2"/>
      </object_component>
      <object_component id="oc-23a">
         <name>.cinit:_ODE_RPDO_Mapping_NoOfEntries</name>
         <load_address>0x333642</load_address>
         <run_address>0x333642</run_address>
         <size>0xb</size>
         <input_file_ref idref="fl-23"/>
      </object_component>
      <object_component id="oc-241">
         <name>.cinit:_ODE_TPDO_Mapping_NoOfEntries</name>
         <load_address>0x33364d</load_address>
         <run_address>0x33364d</run_address>
         <size>0xb</size>
         <input_file_ref idref="fl-23"/>
      </object_component>
      <object_component id="oc-1ea">
         <name>.cinit:_SpeedL</name>
         <load_address>0x333658</load_address>
         <run_address>0x333658</run_address>
         <size>0xb</size>
         <input_file_ref idref="fl-2"/>
      </object_component>
      <object_component id="oc-1ec">
         <name>.cinit:_SpeedLRm</name>
         <load_address>0x333663</load_address>
         <run_address>0x333663</run_address>
         <size>0xb</size>
         <input_file_ref idref="fl-2"/>
      </object_component>
      <object_component id="oc-256">
         <name>.cinit:_EncData</name>
         <load_address>0x33366e</load_address>
         <run_address>0x33366e</run_address>
         <size>0xa</size>
         <input_file_ref idref="fl-2"/>
      </object_component>
      <object_component id="oc-22b">
         <name>.cinit:_rEncData</name>
         <load_address>0x333678</load_address>
         <run_address>0x333678</run_address>
         <size>0xa</size>
         <input_file_ref idref="fl-2"/>
      </object_component>
      <object_component id="oc-269">
         <name>.cinit:_SgmaIq</name>
         <load_address>0x333682</load_address>
         <run_address>0x333682</run_address>
         <size>0x9</size>
         <input_file_ref idref="fl-2"/>
      </object_component>
      <object_component id="oc-267">
         <name>.cinit:_SgmaSpd</name>
         <load_address>0x33368b</load_address>
         <run_address>0x33368b</run_address>
         <size>0x9</size>
         <input_file_ref idref="fl-2"/>
      </object_component>
      <object_component id="oc-1e8">
         <name>.cinit:_Speed</name>
         <load_address>0x333694</load_address>
         <run_address>0x333694</run_address>
         <size>0x9</size>
         <input_file_ref idref="fl-2"/>
      </object_component>
      <object_component id="oc-1d8">
         <name>.cinit:_x1Iqr</name>
         <load_address>0x33369d</load_address>
         <run_address>0x33369d</run_address>
         <size>0x9</size>
         <input_file_ref idref="fl-2"/>
      </object_component>
      <object_component id="oc-1da">
         <name>.cinit:_x2Iqr</name>
         <load_address>0x3336a6</load_address>
         <run_address>0x3336a6</run_address>
         <size>0x9</size>
         <input_file_ref idref="fl-2"/>
      </object_component>
      <object_component id="oc-1d6">
         <name>.cinit:_xIqr</name>
         <load_address>0x3336af</load_address>
         <run_address>0x3336af</run_address>
         <size>0x9</size>
         <input_file_ref idref="fl-2"/>
      </object_component>
      <object_component id="oc-1de">
         <name>.cinit:_y1Iqr</name>
         <load_address>0x3336b8</load_address>
         <run_address>0x3336b8</run_address>
         <size>0x9</size>
         <input_file_ref idref="fl-2"/>
      </object_component>
      <object_component id="oc-1e0">
         <name>.cinit:_y2Iqr</name>
         <load_address>0x3336c1</load_address>
         <run_address>0x3336c1</run_address>
         <size>0x9</size>
         <input_file_ref idref="fl-2"/>
      </object_component>
      <object_component id="oc-1dc">
         <name>.cinit:_yIqr</name>
         <load_address>0x3336ca</load_address>
         <run_address>0x3336ca</run_address>
         <size>0x9</size>
         <input_file_ref idref="fl-2"/>
      </object_component>
      <object_component id="oc-1e2">
         <name>.cinit:_yIqrm</name>
         <load_address>0x3336d3</load_address>
         <run_address>0x3336d3</run_address>
         <size>0x9</size>
         <input_file_ref idref="fl-2"/>
      </object_component>
      <object_component id="oc-10b">
         <name>.cinit</name>
         <load_address>0x3336dc</load_address>
         <run_address>0x3336dc</run_address>
         <size>0x8</size>
         <input_file_ref idref="fl-1e"/>
      </object_component>
      <object_component id="oc-275">
         <name>.cinit:_BcdCode</name>
         <load_address>0x3336e4</load_address>
         <run_address>0x3336e4</run_address>
         <size>0x8</size>
         <input_file_ref idref="fl-2"/>
      </object_component>
      <object_component id="oc-1d1">
         <name>.cinit:_LedSegment</name>
         <load_address>0x3336ec</load_address>
         <run_address>0x3336ec</run_address>
         <size>0x8</size>
         <input_file_ref idref="fl-2"/>
      </object_component>
      <object_component id="oc-281">
         <name>.cinit:_CO_SYNCcounter_old$1</name>
         <load_address>0x3336f4</load_address>
         <run_address>0x3336f4</run_address>
         <size>0x7</size>
         <input_file_ref idref="fl-26"/>
      </object_component>
      <object_component id="oc-25a">
         <name>.cinit:_Delt_speed</name>
         <load_address>0x3336fb</load_address>
         <run_address>0x3336fb</run_address>
         <size>0x7</size>
         <input_file_ref idref="fl-2"/>
      </object_component>
      <object_component id="oc-247">
         <name>.cinit:_RPDO_MAPPing_Flag</name>
         <load_address>0x333702</load_address>
         <run_address>0x333702</run_address>
         <size>0x7</size>
         <input_file_ref idref="fl-25"/>
      </object_component>
      <object_component id="oc-203">
         <name>.cinit:_SFiltIn</name>
         <load_address>0x333709</load_address>
         <run_address>0x333709</run_address>
         <size>0x7</size>
         <input_file_ref idref="fl-2"/>
      </object_component>
      <object_component id="oc-20d">
         <name>.cinit:_Save32bit</name>
         <load_address>0x333710</load_address>
         <run_address>0x333710</run_address>
         <size>0x7</size>
         <input_file_ref idref="fl-2"/>
      </object_component>
      <object_component id="oc-1ca">
         <name>.cinit:_Scur</name>
         <load_address>0x333717</load_address>
         <run_address>0x333717</run_address>
         <size>0x7</size>
         <input_file_ref idref="fl-2"/>
      </object_component>
      <object_component id="oc-249">
         <name>.cinit:_TPDO_MAPPing_Flag</name>
         <load_address>0x33371e</load_address>
         <run_address>0x33371e</run_address>
         <size>0x7</size>
         <input_file_ref idref="fl-25"/>
      </object_component>
      <object_component id="oc-215">
         <name>.cinit:_Xbuffer</name>
         <load_address>0x333725</load_address>
         <run_address>0x333725</run_address>
         <size>0x7</size>
         <input_file_ref idref="fl-2"/>
      </object_component>
      <object_component id="oc-258">
         <name>.cinit:_absPos</name>
         <load_address>0x33372c</load_address>
         <run_address>0x33372c</run_address>
         <size>0x7</size>
         <input_file_ref idref="fl-2"/>
      </object_component>
      <object_component id="oc-26d">
         <name>.cinit:_aveSgmaSpd</name>
         <load_address>0x333733</load_address>
         <run_address>0x333733</run_address>
         <size>0x7</size>
         <input_file_ref idref="fl-2"/>
      </object_component>
      <object_component id="oc-24f">
         <name>.cinit:_spgTime</name>
         <load_address>0x33373a</load_address>
         <run_address>0x33373a</run_address>
         <size>0x7</size>
         <input_file_ref idref="fl-2"/>
      </object_component>
      <object_component id="oc-251">
         <name>.cinit:_spgTimeDelt</name>
         <load_address>0x333741</load_address>
         <run_address>0x333741</run_address>
         <size>0x7</size>
         <input_file_ref idref="fl-2"/>
      </object_component>
      <object_component id="oc-1e4">
         <name>.cinit:_y1Iqrm</name>
         <load_address>0x333748</load_address>
         <run_address>0x333748</run_address>
         <size>0x7</size>
         <input_file_ref idref="fl-2"/>
      </object_component>
      <object_component id="oc-1e6">
         <name>.cinit:_y2Iqrm</name>
         <load_address>0x33374f</load_address>
         <run_address>0x33374f</run_address>
         <size>0x7</size>
         <input_file_ref idref="fl-2"/>
      </object_component>
      <object_component id="oc-26b">
         <name>.cinit:_jsgmacnt</name>
         <load_address>0x333756</load_address>
         <run_address>0x333756</run_address>
         <size>0x6</size>
         <input_file_ref idref="fl-2"/>
      </object_component>
      <object_component id="oc-262">
         <name>.cinit:_MPg</name>
         <load_address>0x33375c</load_address>
         <run_address>0x33375c</run_address>
         <size>0x5</size>
         <input_file_ref idref="fl-2"/>
      </object_component>
      <object_component id="oc-23d">
         <name>.cinit:_ODE_Consumer_Heartbeat_Time</name>
         <load_address>0x333761</load_address>
         <run_address>0x333761</run_address>
         <size>0x5</size>
         <input_file_ref idref="fl-23"/>
      </object_component>
      <object_component id="oc-1ce">
         <name>.cinit:_PGCNT</name>
         <load_address>0x333766</load_address>
         <run_address>0x333766</run_address>
         <size>0x5</size>
         <input_file_ref idref="fl-2"/>
      </object_component>
      <object_component id="oc-1be">
         <name>.cinit:_Pf</name>
         <load_address>0x33376b</load_address>
         <run_address>0x33376b</run_address>
         <size>0x5</size>
         <input_file_ref idref="fl-2"/>
      </object_component>
      <object_component id="oc-200">
         <name>.cinit:_Pg</name>
         <load_address>0x333770</load_address>
         <run_address>0x333770</run_address>
         <size>0x5</size>
         <input_file_ref idref="fl-2"/>
      </object_component>
      <object_component id="oc-20a">
         <name>.cinit:_StateBit</name>
         <load_address>0x333775</load_address>
         <run_address>0x333775</run_address>
         <size>0x5</size>
         <input_file_ref idref="fl-2"/>
      </object_component>
      <object_component id="oc-1d4">
         <name>.cinit:_SwGainPg</name>
         <load_address>0x33377a</load_address>
         <run_address>0x33377a</run_address>
         <size>0x5</size>
         <input_file_ref idref="fl-2"/>
      </object_component>
      <object_component id="oc-1c6">
         <name>.cinit:__lock</name>
         <load_address>0x33377f</load_address>
         <run_address>0x33377f</run_address>
         <size>0x5</size>
         <input_file_ref idref="fl-4c"/>
      </object_component>
      <object_component id="oc-22d">
         <name>.cinit:__unlock</name>
         <load_address>0x333784</load_address>
         <run_address>0x333784</run_address>
         <size>0x5</size>
         <input_file_ref idref="fl-4c"/>
      </object_component>
      <object_component id="oc-272">
         <name>.cinit:_abs_relative</name>
         <load_address>0x333789</load_address>
         <run_address>0x333789</run_address>
         <size>0x5</size>
         <input_file_ref idref="fl-22"/>
      </object_component>
      <object_component id="oc-1fb">
         <name>.cinit:_almin_buf</name>
         <load_address>0x33378e</load_address>
         <run_address>0x33378e</run_address>
         <size>0x5</size>
         <input_file_ref idref="fl-2"/>
      </object_component>
      <object_component id="oc-1fd">
         <name>.cinit:_almin_filter_out</name>
         <load_address>0x333793</load_address>
         <run_address>0x333793</run_address>
         <size>0x5</size>
         <input_file_ref idref="fl-2"/>
      </object_component>
      <object_component id="oc-1f9">
         <name>.cinit:_in_filter_out</name>
         <load_address>0x333798</load_address>
         <run_address>0x333798</run_address>
         <size>0x5</size>
         <input_file_ref idref="fl-2"/>
      </object_component>
      <object_component id="oc-1f7">
         <name>.cinit:_input_buf</name>
         <load_address>0x33379d</load_address>
         <run_address>0x33379d</run_address>
         <size>0x5</size>
         <input_file_ref idref="fl-2"/>
      </object_component>
      <object_component id="oc-136">
         <name>.cinit</name>
         <load_address>0x3337a2</load_address>
         <run_address>0x3337a2</run_address>
         <size>0x4</size>
         <input_file_ref idref="fl-24"/>
      </object_component>
      <object_component id="oc-1c0">
         <name>.text</name>
         <load_address>0x320000</load_address>
         <run_address>0x320000</run_address>
         <size>0x2271</size>
         <input_file_ref idref="fl-20"/>
      </object_component>
      <object_component id="oc-1bf">
         <name>.text</name>
         <load_address>0x322271</load_address>
         <run_address>0x322271</run_address>
         <size>0x18d5</size>
         <input_file_ref idref="fl-21"/>
      </object_component>
      <object_component id="oc-20e">
         <name>.text</name>
         <load_address>0x323b46</load_address>
         <run_address>0x323b46</run_address>
         <size>0x168e</size>
         <input_file_ref idref="fl-1f"/>
      </object_component>
      <object_component id="oc-1c7">
         <name>.text</name>
         <load_address>0x3251d4</load_address>
         <run_address>0x3251d4</run_address>
         <size>0x1146</size>
         <input_file_ref idref="fl-25"/>
      </object_component>
      <object_component id="oc-1f2">
         <name>.text</name>
         <load_address>0x32631a</load_address>
         <run_address>0x32631a</run_address>
         <size>0x10f2</size>
         <input_file_ref idref="fl-22"/>
      </object_component>
      <object_component id="oc-1c4">
         <name>.text</name>
         <load_address>0x32740c</load_address>
         <run_address>0x32740c</run_address>
         <size>0xff4</size>
         <input_file_ref idref="fl-2"/>
      </object_component>
      <object_component id="oc-1c8">
         <name>.text</name>
         <load_address>0x328400</load_address>
         <run_address>0x328400</run_address>
         <size>0xeb6</size>
         <input_file_ref idref="fl-27"/>
      </object_component>
      <object_component id="oc-21b">
         <name>.text</name>
         <load_address>0x3292b6</load_address>
         <run_address>0x3292b6</run_address>
         <size>0x723</size>
         <input_file_ref idref="fl-23"/>
      </object_component>
      <object_component id="oc-1ee">
         <name>.text</name>
         <load_address>0x3299d9</load_address>
         <run_address>0x3299d9</run_address>
         <size>0x6f1</size>
         <input_file_ref idref="fl-29"/>
      </object_component>
      <object_component id="oc-1bc">
         <name>.text</name>
         <load_address>0x32a0ca</load_address>
         <run_address>0x32a0ca</run_address>
         <size>0x6c9</size>
         <input_file_ref idref="fl-1e"/>
      </object_component>
      <object_component id="oc-1c2">
         <name>.text</name>
         <load_address>0x32a793</load_address>
         <run_address>0x32a793</run_address>
         <size>0x6af</size>
         <input_file_ref idref="fl-24"/>
      </object_component>
      <object_component id="oc-226">
         <name>.text</name>
         <load_address>0x32ae42</load_address>
         <run_address>0x32ae42</run_address>
         <size>0x657</size>
         <input_file_ref idref="fl-1d"/>
      </object_component>
      <object_component id="oc-1c1">
         <name>.text</name>
         <load_address>0x32b499</load_address>
         <run_address>0x32b499</run_address>
         <size>0x481</size>
         <input_file_ref idref="fl-1c"/>
      </object_component>
      <object_component id="oc-75">
         <name>.text:retain</name>
         <load_address>0x32b91a</load_address>
         <run_address>0x32b91a</run_address>
         <size>0x323</size>
         <input_file_ref idref="fl-a"/>
      </object_component>
      <object_component id="oc-21e">
         <name>.text</name>
         <load_address>0x32bc3d</load_address>
         <run_address>0x32bc3d</run_address>
         <size>0x1a3</size>
         <input_file_ref idref="fl-12"/>
      </object_component>
      <object_component id="oc-227">
         <name>.text</name>
         <load_address>0x32bde0</load_address>
         <run_address>0x32bde0</run_address>
         <size>0x151</size>
         <input_file_ref idref="fl-3"/>
      </object_component>
      <object_component id="oc-21d">
         <name>.text</name>
         <load_address>0x32bf31</load_address>
         <run_address>0x32bf31</run_address>
         <size>0x121</size>
         <input_file_ref idref="fl-10"/>
      </object_component>
      <object_component id="oc-223">
         <name>.text</name>
         <load_address>0x32c052</load_address>
         <run_address>0x32c052</run_address>
         <size>0x109</size>
         <input_file_ref idref="fl-19"/>
      </object_component>
      <object_component id="oc-178">
         <name>.text</name>
         <load_address>0x32c15b</load_address>
         <run_address>0x32c15b</run_address>
         <size>0x107</size>
         <input_file_ref idref="fl-42"/>
      </object_component>
      <object_component id="oc-21c">
         <name>.text</name>
         <load_address>0x32c262</load_address>
         <run_address>0x32c262</run_address>
         <size>0xf9</size>
         <input_file_ref idref="fl-18"/>
      </object_component>
      <object_component id="oc-224">
         <name>.text</name>
         <load_address>0x32c35b</load_address>
         <run_address>0x32c35b</run_address>
         <size>0xe3</size>
         <input_file_ref idref="fl-e"/>
      </object_component>
      <object_component id="oc-252">
         <name>.text</name>
         <load_address>0x32c43e</load_address>
         <run_address>0x32c43e</run_address>
         <size>0xc8</size>
         <input_file_ref idref="fl-28"/>
      </object_component>
      <object_component id="oc-264">
         <name>.text</name>
         <load_address>0x32c506</load_address>
         <run_address>0x32c506</run_address>
         <size>0xb7</size>
         <input_file_ref idref="fl-1b"/>
      </object_component>
      <object_component id="oc-205">
         <name>.text</name>
         <load_address>0x32c5bd</load_address>
         <run_address>0x32c5bd</run_address>
         <size>0x96</size>
         <input_file_ref idref="fl-17"/>
      </object_component>
      <object_component id="oc-225">
         <name>.text</name>
         <load_address>0x32c653</load_address>
         <run_address>0x32c653</run_address>
         <size>0x59</size>
         <input_file_ref idref="fl-5"/>
      </object_component>
      <object_component id="oc-4a">
         <name>.text</name>
         <load_address>0x32c6ac</load_address>
         <run_address>0x32c6ac</run_address>
         <size>0x56</size>
         <input_file_ref idref="fl-3f"/>
      </object_component>
      <object_component id="oc-11a">
         <name>.text:retain</name>
         <load_address>0x32c702</load_address>
         <run_address>0x32c702</run_address>
         <size>0x44</size>
         <input_file_ref idref="fl-20"/>
      </object_component>
      <object_component id="oc-10d">
         <name>.text:retain</name>
         <load_address>0x32c746</load_address>
         <run_address>0x32c746</run_address>
         <size>0x3f</size>
         <input_file_ref idref="fl-1e"/>
      </object_component>
      <object_component id="oc-fb">
         <name>.text:retain</name>
         <load_address>0x32c785</load_address>
         <run_address>0x32c785</run_address>
         <size>0x31</size>
         <input_file_ref idref="fl-1b"/>
      </object_component>
      <object_component id="oc-18c">
         <name>.text</name>
         <load_address>0x32c7b6</load_address>
         <run_address>0x32c7b6</run_address>
         <size>0x2a</size>
         <input_file_ref idref="fl-46"/>
      </object_component>
      <object_component id="oc-1ba">
         <name>.text</name>
         <load_address>0x32c7e0</load_address>
         <run_address>0x32c7e0</run_address>
         <size>0x29</size>
         <input_file_ref idref="fl-4b"/>
      </object_component>
      <object_component id="oc-21f">
         <name>.text</name>
         <load_address>0x32c809</load_address>
         <run_address>0x32c809</run_address>
         <size>0x28</size>
         <input_file_ref idref="fl-14"/>
      </object_component>
      <object_component id="oc-1b7">
         <name>.text</name>
         <load_address>0x32c831</load_address>
         <run_address>0x32c831</run_address>
         <size>0x24</size>
         <input_file_ref idref="fl-47"/>
      </object_component>
      <object_component id="oc-182">
         <name>.text</name>
         <load_address>0x32c855</load_address>
         <run_address>0x32c855</run_address>
         <size>0x22</size>
         <input_file_ref idref="fl-44"/>
      </object_component>
      <object_component id="oc-220">
         <name>.text</name>
         <load_address>0x32c877</load_address>
         <run_address>0x32c877</run_address>
         <size>0x20</size>
         <input_file_ref idref="fl-15"/>
      </object_component>
      <object_component id="oc-173">
         <name>.text</name>
         <load_address>0x32c897</load_address>
         <run_address>0x32c897</run_address>
         <size>0x1e</size>
         <input_file_ref idref="fl-41"/>
      </object_component>
      <object_component id="oc-1c3">
         <name>.text</name>
         <load_address>0x32c8b5</load_address>
         <run_address>0x32c8b5</run_address>
         <size>0x1d</size>
         <input_file_ref idref="fl-48"/>
      </object_component>
      <object_component id="oc-1b9">
         <name>.text</name>
         <load_address>0x32c8d2</load_address>
         <run_address>0x32c8d2</run_address>
         <size>0x19</size>
         <input_file_ref idref="fl-4d"/>
      </object_component>
      <object_component id="oc-206">
         <name>.text</name>
         <load_address>0x32c8eb</load_address>
         <run_address>0x32c8eb</run_address>
         <size>0x17</size>
         <input_file_ref idref="fl-16"/>
      </object_component>
      <object_component id="oc-17d">
         <name>.text</name>
         <load_address>0x32c902</load_address>
         <run_address>0x32c902</run_address>
         <size>0x14</size>
         <input_file_ref idref="fl-43"/>
      </object_component>
      <object_component id="oc-221">
         <name>.text</name>
         <load_address>0x32c916</load_address>
         <run_address>0x32c916</run_address>
         <size>0x13</size>
         <input_file_ref idref="fl-13"/>
      </object_component>
      <object_component id="oc-187">
         <name>.text</name>
         <load_address>0x32c929</load_address>
         <run_address>0x32c929</run_address>
         <size>0xb</size>
         <input_file_ref idref="fl-45"/>
      </object_component>
      <object_component id="oc-22c">
         <name>.text</name>
         <load_address>0x32c934</load_address>
         <run_address>0x32c934</run_address>
         <size>0x9</size>
         <input_file_ref idref="fl-4c"/>
      </object_component>
      <object_component id="oc-64">
         <name>.text</name>
         <load_address>0x32c93d</load_address>
         <run_address>0x32c93d</run_address>
         <size>0x8</size>
         <input_file_ref idref="fl-7"/>
      </object_component>
      <object_component id="oc-7a">
         <name>.text</name>
         <load_address>0x32c945</load_address>
         <run_address>0x32c945</run_address>
         <size>0x7</size>
         <input_file_ref idref="fl-b"/>
      </object_component>
      <object_component id="oc-16e">
         <name>.text</name>
         <load_address>0x32c94c</load_address>
         <run_address>0x32c94c</run_address>
         <size>0x5</size>
         <input_file_ref idref="fl-40"/>
      </object_component>
      <object_component id="oc-6a">
         <name>.text</name>
         <load_address>0x32c951</load_address>
         <run_address>0x32c951</run_address>
         <size>0x3</size>
         <input_file_ref idref="fl-8"/>
      </object_component>
      <object_component id="oc-1b6">
         <name>.text</name>
         <load_address>0x32c954</load_address>
         <run_address>0x32c954</run_address>
         <size>0x2</size>
         <input_file_ref idref="fl-49"/>
      </object_component>
      <object_component id="oc-1b8">
         <name>.text</name>
         <load_address>0x32c956</load_address>
         <run_address>0x32c956</run_address>
         <size>0x1</size>
         <input_file_ref idref="fl-4a"/>
      </object_component>
      <object_component id="oc-65">
         <name>codestart</name>
         <load_address>0x33fff6</load_address>
         <run_address>0x33fff6</run_address>
         <size>0x2</size>
         <input_file_ref idref="fl-7"/>
      </object_component>
      <object_component id="oc-1cc">
         <name>ramfuncs</name>
         <load_address>0x3337a8</load_address>
         <run_address>0x8000</run_address>
         <size>0x7c5</size>
         <input_file_ref idref="fl-1e"/>
      </object_component>
      <object_component id="oc-1d2">
         <name>ramfuncs</name>
         <load_address>0x333f6d</load_address>
         <run_address>0x87c5</run_address>
         <size>0x7b3</size>
         <input_file_ref idref="fl-21"/>
      </object_component>
      <object_component id="oc-222">
         <name>ramfuncs</name>
         <load_address>0x334720</load_address>
         <run_address>0x8f78</run_address>
         <size>0x1b</size>
         <input_file_ref idref="fl-18"/>
      </object_component>
      <object_component id="oc-f3">
         <name>ramfuncs</name>
         <load_address>0x33473b</load_address>
         <run_address>0x8f93</run_address>
         <size>0x4</size>
         <input_file_ref idref="fl-1a"/>
      </object_component>
      <object_component id="oc-1bb">
         <name>ramfuncs1</name>
         <load_address>0x330473</load_address>
         <run_address>0x9000</run_address>
         <size>0xc63</size>
         <input_file_ref idref="fl-1e"/>
      </object_component>
      <object_component id="oc-1ed">
         <name>ramfuncs1</name>
         <load_address>0x3310d6</load_address>
         <run_address>0x9c63</run_address>
         <size>0xb0c</size>
         <input_file_ref idref="fl-21"/>
      </object_component>
      <object_component id="oc-1f3">
         <name>ramfuncs1</name>
         <load_address>0x331be2</load_address>
         <run_address>0xa76f</run_address>
         <size>0x86d</size>
         <input_file_ref idref="fl-22"/>
      </object_component>
      <object_component id="oc-21a">
         <name>ramfuncs1</name>
         <load_address>0x33244f</load_address>
         <run_address>0xafdc</run_address>
         <size>0x76</size>
         <input_file_ref idref="fl-24"/>
      </object_component>
      <object_component id="oc-10e">
         <name>ramfuncs2:retain</name>
         <load_address>0x32c957</load_address>
         <run_address>0xce9a</run_address>
         <size>0x348</size>
         <input_file_ref idref="fl-1e"/>
      </object_component>
      <object_component id="oc-273">
         <name>ramfuncs2</name>
         <load_address>0x32cc9f</load_address>
         <run_address>0xd1e2</run_address>
         <size>0x2fd</size>
         <input_file_ref idref="fl-22"/>
      </object_component>
      <object_component id="oc-242">
         <name>ramfuncs2</name>
         <load_address>0x32cf9c</load_address>
         <run_address>0xd4df</run_address>
         <size>0x23d</size>
         <input_file_ref idref="fl-26"/>
      </object_component>
      <object_component id="oc-1f1">
         <name>ramfuncs2</name>
         <load_address>0x32d1d9</load_address>
         <run_address>0xd71c</run_address>
         <size>0xdb</size>
         <input_file_ref idref="fl-21"/>
      </object_component>
      <object_component id="oc-138">
         <name>ramfuncs2:retain</name>
         <load_address>0x32d2b4</load_address>
         <run_address>0xd7f7</run_address>
         <size>0xdb</size>
         <input_file_ref idref="fl-24"/>
      </object_component>
      <object_component id="oc-62">
         <name>csmpasswds</name>
         <load_address>0x33fff8</load_address>
         <run_address>0x33fff8</run_address>
         <size>0x8</size>
         <input_file_ref idref="fl-6"/>
      </object_component>
      <object_component id="oc-63">
         <name>csm_rsvd</name>
         <load_address>0x33ff80</load_address>
         <run_address>0x33ff80</run_address>
         <size>0x76</size>
         <input_file_ref idref="fl-6"/>
      </object_component>
      <object_component id="oc-168">
         <name>.stack</name>
         <uninitialized>true</uninitialized>
         <run_address>0x400</run_address>
         <size>0x0</size>
         <input_file_ref idref="fl-3f"/>
      </object_component>
      <object_component id="oc-2e0">
         <name>.stack</name>
         <uninitialized>true</uninitialized>
         <run_address>0x400</run_address>
         <size>0x0</size>
      </object_component>
      <object_component id="oc-4d">
         <name>.ebss</name>
         <uninitialized>true</uninitialized>
         <run_address>0xc000</run_address>
         <size>0x380</size>
         <input_file_ref idref="fl-2"/>
      </object_component>
      <object_component id="oc-209">
         <name>.ebss:_StateBit</name>
         <uninitialized>true</uninitialized>
         <run_address>0xce88</run_address>
         <size>0x2</size>
         <input_file_ref idref="fl-2"/>
      </object_component>
      <object_component id="oc-1f6">
         <name>.ebss:_input_buf</name>
         <uninitialized>true</uninitialized>
         <run_address>0xce98</run_address>
         <size>0x2</size>
         <input_file_ref idref="fl-2"/>
      </object_component>
      <object_component id="oc-1fa">
         <name>.ebss:_almin_buf</name>
         <uninitialized>true</uninitialized>
         <run_address>0xce92</run_address>
         <size>0x2</size>
         <input_file_ref idref="fl-2"/>
      </object_component>
      <object_component id="oc-1f8">
         <name>.ebss:_in_filter_out</name>
         <uninitialized>true</uninitialized>
         <run_address>0xce96</run_address>
         <size>0x2</size>
         <input_file_ref idref="fl-2"/>
      </object_component>
      <object_component id="oc-1fc">
         <name>.ebss:_almin_filter_out</name>
         <uninitialized>true</uninitialized>
         <run_address>0xce94</run_address>
         <size>0x2</size>
         <input_file_ref idref="fl-2"/>
      </object_component>
      <object_component id="oc-1d3">
         <name>.ebss:_SwGainPg</name>
         <uninitialized>true</uninitialized>
         <run_address>0xce8a</run_address>
         <size>0x2</size>
         <input_file_ref idref="fl-2"/>
      </object_component>
      <object_component id="oc-1ff">
         <name>.ebss:_Pg</name>
         <uninitialized>true</uninitialized>
         <run_address>0xce86</run_address>
         <size>0x2</size>
         <input_file_ref idref="fl-2"/>
      </object_component>
      <object_component id="oc-1bd">
         <name>.ebss:_Pf</name>
         <uninitialized>true</uninitialized>
         <run_address>0xce84</run_address>
         <size>0x2</size>
         <input_file_ref idref="fl-2"/>
      </object_component>
      <object_component id="oc-261">
         <name>.ebss:_MPg</name>
         <uninitialized>true</uninitialized>
         <run_address>0xce7e</run_address>
         <size>0x2</size>
         <input_file_ref idref="fl-2"/>
      </object_component>
      <object_component id="oc-1cd">
         <name>.ebss:_PGCNT</name>
         <uninitialized>true</uninitialized>
         <run_address>0xce82</run_address>
         <size>0x2</size>
         <input_file_ref idref="fl-2"/>
      </object_component>
      <object_component id="oc-26a">
         <name>.ebss:_jsgmacnt</name>
         <uninitialized>true</uninitialized>
         <run_address>0xce7b</run_address>
         <size>0x3</size>
         <input_file_ref idref="fl-2"/>
      </object_component>
      <object_component id="oc-257">
         <name>.ebss:_absPos</name>
         <uninitialized>true</uninitialized>
         <run_address>0xce60</run_address>
         <size>0x4</size>
         <input_file_ref idref="fl-2"/>
      </object_component>
      <object_component id="oc-202">
         <name>.ebss:_SFiltIn</name>
         <uninitialized>true</uninitialized>
         <run_address>0xce4c</run_address>
         <size>0x4</size>
         <input_file_ref idref="fl-2"/>
      </object_component>
      <object_component id="oc-214">
         <name>.ebss:_Xbuffer</name>
         <uninitialized>true</uninitialized>
         <run_address>0xce5c</run_address>
         <size>0x4</size>
         <input_file_ref idref="fl-2"/>
      </object_component>
      <object_component id="oc-1e3">
         <name>.ebss:_y1Iqrm</name>
         <uninitialized>true</uninitialized>
         <run_address>0xce70</run_address>
         <size>0x4</size>
         <input_file_ref idref="fl-2"/>
      </object_component>
      <object_component id="oc-1e5">
         <name>.ebss:_y2Iqrm</name>
         <uninitialized>true</uninitialized>
         <run_address>0xce74</run_address>
         <size>0x4</size>
         <input_file_ref idref="fl-2"/>
      </object_component>
      <object_component id="oc-24e">
         <name>.ebss:_spgTime</name>
         <uninitialized>true</uninitialized>
         <run_address>0xce68</run_address>
         <size>0x4</size>
         <input_file_ref idref="fl-2"/>
      </object_component>
      <object_component id="oc-250">
         <name>.ebss:_spgTimeDelt</name>
         <uninitialized>true</uninitialized>
         <run_address>0xce6c</run_address>
         <size>0x4</size>
         <input_file_ref idref="fl-2"/>
      </object_component>
      <object_component id="oc-259">
         <name>.ebss:_Delt_speed</name>
         <uninitialized>true</uninitialized>
         <run_address>0xce44</run_address>
         <size>0x4</size>
         <input_file_ref idref="fl-2"/>
      </object_component>
      <object_component id="oc-1c9">
         <name>.ebss:_Scur</name>
         <uninitialized>true</uninitialized>
         <run_address>0xce54</run_address>
         <size>0x4</size>
         <input_file_ref idref="fl-2"/>
      </object_component>
      <object_component id="oc-26c">
         <name>.ebss:_aveSgmaSpd</name>
         <uninitialized>true</uninitialized>
         <run_address>0xce64</run_address>
         <size>0x4</size>
         <input_file_ref idref="fl-2"/>
      </object_component>
      <object_component id="oc-20c">
         <name>.ebss:_Save32bit</name>
         <uninitialized>true</uninitialized>
         <run_address>0xce50</run_address>
         <size>0x4</size>
         <input_file_ref idref="fl-2"/>
      </object_component>
      <object_component id="oc-1d0">
         <name>.ebss:_LedSegment</name>
         <uninitialized>true</uninitialized>
         <run_address>0xce3b</run_address>
         <size>0x5</size>
         <input_file_ref idref="fl-2"/>
      </object_component>
      <object_component id="oc-274">
         <name>.ebss:_BcdCode</name>
         <uninitialized>true</uninitialized>
         <run_address>0xce36</run_address>
         <size>0x5</size>
         <input_file_ref idref="fl-2"/>
      </object_component>
      <object_component id="oc-1db">
         <name>.ebss:_yIqr</name>
         <uninitialized>true</uninitialized>
         <run_address>0xce24</run_address>
         <size>0x6</size>
         <input_file_ref idref="fl-2"/>
      </object_component>
      <object_component id="oc-1d5">
         <name>.ebss:_xIqr</name>
         <uninitialized>true</uninitialized>
         <run_address>0xce12</run_address>
         <size>0x6</size>
         <input_file_ref idref="fl-2"/>
      </object_component>
      <object_component id="oc-1dd">
         <name>.ebss:_y1Iqr</name>
         <uninitialized>true</uninitialized>
         <run_address>0xce18</run_address>
         <size>0x6</size>
         <input_file_ref idref="fl-2"/>
      </object_component>
      <object_component id="oc-1d7">
         <name>.ebss:_x1Iqr</name>
         <uninitialized>true</uninitialized>
         <run_address>0xce06</run_address>
         <size>0x6</size>
         <input_file_ref idref="fl-2"/>
      </object_component>
      <object_component id="oc-1df">
         <name>.ebss:_y2Iqr</name>
         <uninitialized>true</uninitialized>
         <run_address>0xce1e</run_address>
         <size>0x6</size>
         <input_file_ref idref="fl-2"/>
      </object_component>
      <object_component id="oc-1d9">
         <name>.ebss:_x2Iqr</name>
         <uninitialized>true</uninitialized>
         <run_address>0xce0c</run_address>
         <size>0x6</size>
         <input_file_ref idref="fl-2"/>
      </object_component>
      <object_component id="oc-1e1">
         <name>.ebss:_yIqrm</name>
         <uninitialized>true</uninitialized>
         <run_address>0xce2a</run_address>
         <size>0x6</size>
         <input_file_ref idref="fl-2"/>
      </object_component>
      <object_component id="oc-266">
         <name>.ebss:_SgmaSpd</name>
         <uninitialized>true</uninitialized>
         <run_address>0xcdfa</run_address>
         <size>0x6</size>
         <input_file_ref idref="fl-2"/>
      </object_component>
      <object_component id="oc-268">
         <name>.ebss:_SgmaIq</name>
         <uninitialized>true</uninitialized>
         <run_address>0xccf6</run_address>
         <size>0x6</size>
         <input_file_ref idref="fl-2"/>
      </object_component>
      <object_component id="oc-1e7">
         <name>.ebss:_Speed</name>
         <uninitialized>true</uninitialized>
         <run_address>0xce00</run_address>
         <size>0x6</size>
         <input_file_ref idref="fl-2"/>
      </object_component>
      <object_component id="oc-255">
         <name>.ebss:_EncData</name>
         <uninitialized>true</uninitialized>
         <run_address>0xcce8</run_address>
         <size>0x7</size>
         <input_file_ref idref="fl-2"/>
      </object_component>
      <object_component id="oc-22a">
         <name>.ebss:_rEncData</name>
         <uninitialized>true</uninitialized>
         <run_address>0xccef</run_address>
         <size>0x7</size>
         <input_file_ref idref="fl-2"/>
      </object_component>
      <object_component id="oc-253">
         <name>.ebss:_Au5561</name>
         <uninitialized>true</uninitialized>
         <run_address>0xc7f6</run_address>
         <size>0x8</size>
         <input_file_ref idref="fl-2"/>
      </object_component>
      <object_component id="oc-1ef">
         <name>.ebss:_Jiner</name>
         <uninitialized>true</uninitialized>
         <run_address>0xc9f4</run_address>
         <size>0x8</size>
         <input_file_ref idref="fl-2"/>
      </object_component>
      <object_component id="oc-1e9">
         <name>.ebss:_SpeedL</name>
         <uninitialized>true</uninitialized>
         <run_address>0xccd8</run_address>
         <size>0x8</size>
         <input_file_ref idref="fl-2"/>
      </object_component>
      <object_component id="oc-1eb">
         <name>.ebss:_SpeedLRm</name>
         <uninitialized>true</uninitialized>
         <run_address>0xcce0</run_address>
         <size>0x8</size>
         <input_file_ref idref="fl-2"/>
      </object_component>
      <object_component id="oc-25d">
         <name>.ebss:_xMotor</name>
         <uninitialized>true</uninitialized>
         <run_address>0xcc60</run_address>
         <size>0x10</size>
         <input_file_ref idref="fl-2"/>
      </object_component>
      <object_component id="oc-25f">
         <name>.ebss:_yMotor</name>
         <uninitialized>true</uninitialized>
         <run_address>0xcc70</run_address>
         <size>0x10</size>
         <input_file_ref idref="fl-2"/>
      </object_component>
      <object_component id="oc-207">
         <name>.ebss:_Un</name>
         <uninitialized>true</uninitialized>
         <run_address>0xc9de</run_address>
         <size>0x16</size>
         <input_file_ref idref="fl-2"/>
      </object_component>
      <object_component id="oc-26e">
         <name>.ebss:_Jauto</name>
         <uninitialized>true</uninitialized>
         <run_address>0xcd00</run_address>
         <size>0x40</size>
         <input_file_ref idref="fl-2"/>
      </object_component>
      <object_component id="oc-25b">
         <name>.ebss:_slid_speed</name>
         <uninitialized>true</uninitialized>
         <run_address>0xca00</run_address>
         <size>0x80</size>
         <input_file_ref idref="fl-2"/>
      </object_component>
      <object_component id="oc-212">
         <name>.ebss:_Rxbuffer</name>
         <uninitialized>true</uninitialized>
         <run_address>0xc800</run_address>
         <size>0xc8</size>
         <input_file_ref idref="fl-2"/>
      </object_component>
      <object_component id="oc-1cb">
         <name>.ebss:_Pn</name>
         <uninitialized>true</uninitialized>
         <run_address>0xc380</run_address>
         <size>0x175</size>
         <input_file_ref idref="fl-2"/>
      </object_component>
      <object_component id="oc-53">
         <name>.ebss</name>
         <uninitialized>true</uninitialized>
         <run_address>0xcafd</run_address>
         <size>0x3</size>
         <input_file_ref idref="fl-3"/>
      </object_component>
      <object_component id="oc-27e">
         <name>.ebss:_reg</name>
         <uninitialized>true</uninitialized>
         <run_address>0xc4f5</run_address>
         <size>0xa</size>
         <input_file_ref idref="fl-3"/>
      </object_component>
      <object_component id="oc-fa">
         <name>.ebss</name>
         <uninitialized>true</uninitialized>
         <run_address>0xc9c8</run_address>
         <size>0x16</size>
         <input_file_ref idref="fl-1b"/>
      </object_component>
      <object_component id="oc-10c">
         <name>.ebss</name>
         <uninitialized>true</uninitialized>
         <run_address>0xce78</run_address>
         <size>0x3</size>
         <input_file_ref idref="fl-1e"/>
      </object_component>
      <object_component id="oc-119">
         <name>.ebss</name>
         <uninitialized>true</uninitialized>
         <run_address>0xc7fe</run_address>
         <size>0x2</size>
         <input_file_ref idref="fl-20"/>
      </object_component>
      <object_component id="oc-121">
         <name>.ebss</name>
         <uninitialized>true</uninitialized>
         <run_address>0xc6d8</run_address>
         <size>0x18</size>
         <input_file_ref idref="fl-21"/>
      </object_component>
      <object_component id="oc-263">
         <name>.ebss:_speed5</name>
         <uninitialized>true</uninitialized>
         <run_address>0xc900</run_address>
         <size>0xc8</size>
         <input_file_ref idref="fl-21"/>
      </object_component>
      <object_component id="oc-128">
         <name>.ebss</name>
         <uninitialized>true</uninitialized>
         <run_address>0xc600</run_address>
         <size>0xd8</size>
         <input_file_ref idref="fl-22"/>
      </object_component>
      <object_component id="oc-271">
         <name>.ebss:_abs_relative</name>
         <uninitialized>true</uninitialized>
         <run_address>0xce90</run_address>
         <size>0x2</size>
         <input_file_ref idref="fl-22"/>
      </object_component>
      <object_component id="oc-12f">
         <name>.ebss</name>
         <uninitialized>true</uninitialized>
         <run_address>0xc500</run_address>
         <size>0xda</size>
         <input_file_ref idref="fl-23"/>
      </object_component>
      <object_component id="oc-23c">
         <name>.ebss:_ODE_Consumer_Heartbeat_Time</name>
         <uninitialized>true</uninitialized>
         <run_address>0xce80</run_address>
         <size>0x2</size>
         <input_file_ref idref="fl-23"/>
      </object_component>
      <object_component id="oc-239">
         <name>.ebss:_ODE_RPDO_Mapping_NoOfEntries</name>
         <uninitialized>true</uninitialized>
         <run_address>0xcaf5</run_address>
         <size>0x8</size>
         <input_file_ref idref="fl-23"/>
      </object_component>
      <object_component id="oc-240">
         <name>.ebss:_ODE_TPDO_Mapping_NoOfEntries</name>
         <uninitialized>true</uninitialized>
         <run_address>0xcb74</run_address>
         <size>0x8</size>
         <input_file_ref idref="fl-23"/>
      </object_component>
      <object_component id="oc-22e">
         <name>.ebss:_ODE_Pre_Defined_Error_Field</name>
         <uninitialized>true</uninitialized>
         <run_address>0xc6f0</run_address>
         <size>0x10</size>
         <input_file_ref idref="fl-23"/>
      </object_component>
      <object_component id="oc-282">
         <name>.ebss:_ODE_TPDO_MASK</name>
         <uninitialized>true</uninitialized>
         <run_address>0xcbe0</run_address>
         <size>0x10</size>
         <input_file_ref idref="fl-23"/>
      </object_component>
      <object_component id="oc-288">
         <name>.ebss:_Drive_Manufacturer</name>
         <uninitialized>true</uninitialized>
         <run_address>0xcb60</run_address>
         <size>0x14</size>
         <input_file_ref idref="fl-23"/>
      </object_component>
      <object_component id="oc-28a">
         <name>.ebss:_Drive_Catalog_Address</name>
         <uninitialized>true</uninitialized>
[...]
      </symbol>
      <symbol id="sm-18d1">
         <name>_resver4</name>
         <value>0xcccd</value>
         <object_component_ref idref="oc-152"/>
      </symbol>
      <symbol id="sm-18d2">
         <name>_resver5</name>
         <value>0xccd6</value>
         <object_component_ref idref="oc-152"/>
      </symbol>
      <symbol id="sm-18d3">
         <name>_DPRAM_memcpy1</name>
         <value>0x32c4ad</value>
         <object_component_ref idref="oc-252"/>
      </symbol>
      <symbol id="sm-18d4">
         <name>_DPRAM_CO_OD_NoOfElements</name>
         <value>0x3301e1</value>
         <object_component_ref idref="oc-153"/>
      </symbol>
      <symbol id="sm-18d5">
         <name>_DPRAM_CO_OD_Write</name>
         <value>0x32c4e3</value>
         <object_component_ref idref="oc-252"/>
      </symbol>
      <symbol id="sm-18d6">
         <name>_DPRAM_CO_OD</name>
         <value>0x3302e2</value>
         <object_component_ref idref="oc-28c"/>
      </symbol>
      <symbol id="sm-195e">
         <name>_PosSPEEDINS1</name>
         <value>0xcc82</value>
         <object_component_ref idref="oc-15a"/>
      </symbol>
      <symbol id="sm-195f">
         <name>_SpeedToPulse</name>
         <value>0x329cd7</value>
         <object_component_ref idref="oc-1ee"/>
      </symbol>
      <symbol id="sm-1960">
         <name>_Init_TestData</name>
         <value>0x329fda</value>
         <object_component_ref idref="oc-1ee"/>
      </symbol>
      <symbol id="sm-1961">
         <name>_trap_speed_control1</name>
         <value>0x329c5a</value>
         <object_component_ref idref="oc-1ee"/>
      </symbol>
      <symbol id="sm-1962">
         <name>_Clear_Test_Data</name>
         <value>0x32a02d</value>
         <object_component_ref idref="oc-1ee"/>
      </symbol>
      <symbol id="sm-1963">
         <name>_Test_Position_Step</name>
         <value>0x329a9e</value>
         <object_component_ref idref="oc-1ee"/>
      </symbol>
      <symbol id="sm-1964">
         <name>_test_pos_speed_plan1</name>
         <value>0x329ebe</value>
         <object_component_ref idref="oc-1ee"/>
      </symbol>
      <symbol id="sm-1965">
         <name>_Test_Position_Ramp</name>
         <value>0x329a17</value>
         <object_component_ref idref="oc-1ee"/>
      </symbol>
      <symbol id="sm-1966">
         <name>_TEST_PP_velocity_plan_pars1</name>
         <value>0xccc0</value>
         <object_component_ref idref="oc-15a"/>
      </symbol>
      <symbol id="sm-1967">
         <name>_Main_Test</name>
         <value>0x3299d9</value>
         <object_component_ref idref="oc-1ee"/>
      </symbol>
      <symbol id="sm-1968">
         <name>_Test_Velocity_Trape</name>
         <value>0x329b11</value>
         <object_component_ref idref="oc-1ee"/>
      </symbol>
      <symbol id="sm-1969">
         <name>_Caculate_Time</name>
         <value>0x329d9b</value>
         <object_component_ref idref="oc-1ee"/>
      </symbol>
      <symbol id="sm-196a">
         <name>_SigmaPgerr1</name>
         <value>0xcc86</value>
         <object_component_ref idref="oc-15a"/>
      </symbol>
      <symbol id="sm-196b">
         <name>_Pulse_give</name>
         <value>0x329b91</value>
         <object_component_ref idref="oc-1ee"/>
      </symbol>
      <symbol id="sm-196c">
         <name>_direction</name>
         <value>0xcc80</value>
         <object_component_ref idref="oc-15a"/>
      </symbol>
      <symbol id="sm-196d">
         <name>_dec_aster1more</name>
         <value>0xcc96</value>
         <object_component_ref idref="oc-15a"/>
      </symbol>
      <symbol id="sm-196e">
         <name>_acc_aster2more</name>
         <value>0xcca0</value>
         <object_component_ref idref="oc-15a"/>
      </symbol>
      <symbol id="sm-196f">
         <name>_inPgcnt1</name>
         <value>0xcc88</value>
         <object_component_ref idref="oc-15a"/>
      </symbol>
      <symbol id="sm-1970">
         <name>_acc_aster1more</name>
         <value>0xcc8c</value>
         <object_component_ref idref="oc-15a"/>
      </symbol>
      <symbol id="sm-1971">
         <name>_step_posmore</name>
         <value>0xccb4</value>
         <object_component_ref idref="oc-15a"/>
      </symbol>
      <symbol id="sm-1972">
         <name>_PosSPEEDINSout1</name>
         <value>0xcc84</value>
         <object_component_ref idref="oc-15a"/>
      </symbol>
      <symbol id="sm-1973">
         <name>_acc_speed_unit_convers1</name>
         <value>0x329be9</value>
         <object_component_ref idref="oc-1ee"/>
      </symbol>
      <symbol id="sm-1974">
         <name>_Control_Use</name>
         <value>0x32a012</value>
         <object_component_ref idref="oc-1ee"/>
      </symbol>
      <symbol id="sm-1975">
         <name>_dec_aster2more</name>
         <value>0xccaa</value>
         <object_component_ref idref="oc-15a"/>
      </symbol>
      <symbol id="sm-1976">
         <name>_Save_Data_Flag</name>
         <value>0x329fb7</value>
         <object_component_ref idref="oc-1ee"/>
      </symbol>
      <symbol id="sm-1977">
         <name>_outPgerr</name>
         <value>0xcc8a</value>
         <object_component_ref idref="oc-15a"/>
      </symbol>
      <symbol id="sm-1978">
         <name>_Test_Position_Sin</name>
         <value>0x329d11</value>
         <object_component_ref idref="oc-1ee"/>
      </symbol>
      <symbol id="sm-1979">
         <name>_clear_remain_data</name>
         <value>0x32a0b3</value>
         <object_component_ref idref="oc-1ee"/>
      </symbol>
      <symbol id="sm-197a">
         <name>_Test_Program</name>
         <value>0x3299f2</value>
         <object_component_ref idref="oc-1ee"/>
      </symbol>
      <symbol id="sm-1983">
         <name>__IQ16sinPU</name>
         <value>0x338042</value>
         <object_component_ref idref="oc-15f"/>
      </symbol>
      <symbol id="sm-198b">
         <name>__IQ1sqrt</name>
         <value>0x338000</value>
         <object_component_ref idref="oc-163"/>
      </symbol>
      <symbol id="sm-198f">
         <name>_IQ4mpyRndSatTable</name>
         <value>0x3feb20</value>
         <object_component_ref idref="oc-167"/>
      </symbol>
      <symbol id="sm-1990">
         <name>_IQ5mpyRndSatTable</name>
         <value>0x3feb14</value>
         <object_component_ref idref="oc-167"/>
      </symbol>
      <symbol id="sm-1991">
         <name>_IQatan2Table</name>
         <value>0x3fe862</value>
         <object_component_ref idref="oc-167"/>
      </symbol>
      <symbol id="sm-1992">
         <name>_IQisqrtTableEnd</name>
         <value>0x3fe824</value>
         <object_component_ref idref="oc-167"/>
      </symbol>
      <symbol id="sm-1993">
         <name>_IQ8mpyRndSatTable</name>
         <value>0x3feaf0</value>
         <object_component_ref idref="oc-167"/>
      </symbol>
      <symbol id="sm-1994">
         <name>_IQ9mpyRndSatTable</name>
         <value>0x3feae4</value>
         <object_component_ref idref="oc-167"/>
      </symbol>
      <symbol id="sm-1995">
         <name>_IQsqrtTable</name>
         <value>0x3fe722</value>
         <object_component_ref idref="oc-167"/>
      </symbol>
      <symbol id="sm-1996">
         <name>_IQcosTableEnd</name>
         <value>0x3fe502</value>
         <object_component_ref idref="oc-167"/>
      </symbol>
      <symbol id="sm-1997">
         <name>_IQatan2HalfPITable</name>
         <value>0x3fe824</value>
         <object_component_ref idref="oc-167"/>
      </symbol>
      <symbol id="sm-1998">
         <name>_IQisqrtTable</name>
         <value>0x3fe722</value>
         <object_component_ref idref="oc-167"/>
      </symbol>
      <symbol id="sm-1999">
         <name>_IQsqrtRoundSatTable</name>
         <value>0x3fe712</value>
         <object_component_ref idref="oc-167"/>
      </symbol>
      <symbol id="sm-199a">
         <name>_IQsqrtTableEnd</name>
         <value>0x3fe824</value>
         <object_component_ref idref="oc-167"/>
      </symbol>
      <symbol id="sm-199b">
         <name>_IQ30mpyRndSatTable</name>
         <value>0x3fe9e8</value>
         <object_component_ref idref="oc-167"/>
      </symbol>
      <symbol id="sm-199c">
         <name>_IQ17mpyRndSatTable</name>
         <value>0x3fea84</value>
         <object_component_ref idref="oc-167"/>
      </symbol>
      <symbol id="sm-199d">
         <name>_IQ16mpyRndSatTable</name>
         <value>0x3fea90</value>
         <object_component_ref idref="oc-167"/>
      </symbol>
      <symbol id="sm-199e">
         <name>_IQ15mpyRndSatTable</name>
         <value>0x3fea9c</value>
         <object_component_ref idref="oc-167"/>
      </symbol>
      <symbol id="sm-199f">
         <name>_IQ14mpyRndSatTable</name>
         <value>0x3feaa8</value>
         <object_component_ref idref="oc-167"/>
      </symbol>
      <symbol id="sm-19a0">
         <name>_IQ13mpyRndSatTable</name>
         <value>0x3feab4</value>
         <object_component_ref idref="oc-167"/>
      </symbol>
      <symbol id="sm-19a1">
         <name>_IQmpyRndSatTable</name>
         <value>0x3fe9e8</value>
         <object_component_ref idref="oc-167"/>
      </symbol>
      <symbol id="sm-19a2">
         <name>_IQ12mpyRndSatTable</name>
         <value>0x3feac0</value>
         <object_component_ref idref="oc-167"/>
      </symbol>
      <symbol id="sm-19a3">
         <name>_IQdivRoundSatTable</name>
         <value>0x3fe502</value>
         <object_component_ref idref="oc-167"/>
      </symbol>
      <symbol id="sm-19a4">
         <name>_IQisqrtRoundSatTable</name>
         <value>0x3fe712</value>
         <object_component_ref idref="oc-167"/>
      </symbol>
      <symbol id="sm-19a5">
         <name>_IQ11mpyRndSatTable</name>
         <value>0x3feacc</value>
         <object_component_ref idref="oc-167"/>
      </symbol>
      <symbol id="sm-19a6">
         <name>_IQcosTable</name>
         <value>0x3fe100</value>
         <object_component_ref idref="oc-167"/>
      </symbol>
      <symbol id="sm-19a7">
         <name>_IQ10mpyRndSatTable</name>
         <value>0x3fead8</value>
         <object_component_ref idref="oc-167"/>
      </symbol>
      <symbol id="sm-19a8">
         <name>_IQmpyRndSatTableEnd</name>
         <value>0x3feb50</value>
         <object_component_ref idref="oc-167"/>
      </symbol>
      <symbol id="sm-19a9">
         <name>_IQ19mpyRndSatTable</name>
         <value>0x3fea6c</value>
         <object_component_ref idref="oc-167"/>
      </symbol>
      <symbol id="sm-19aa">
         <name>_IQ27mpyRndSatTable</name>
         <value>0x3fea0c</value>
         <object_component_ref idref="oc-167"/>
      </symbol>
      <symbol id="sm-19ab">
         <name>_IQ18mpyRndSatTable</name>
         <value>0x3fea78</value>
         <object_component_ref idref="oc-167"/>
      </symbol>
      <symbol id="sm-19ac">
         <name>_IQ26mpyRndSatTable</name>
         <value>0x3fea18</value>
         <object_component_ref idref="oc-167"/>
      </symbol>
      <symbol id="sm-19ad">
         <name>_IQ25mpyRndSatTable</name>
         <value>0x3fea24</value>
         <object_component_ref idref="oc-167"/>
      </symbol>
      <symbol id="sm-19ae">
         <name>_IQsinTable</name>
         <value>0x3fe000</value>
         <object_component_ref idref="oc-167"/>
      </symbol>
      <symbol id="sm-19af">
         <name>_IQ24mpyRndSatTable</name>
         <value>0x3fea30</value>
         <object_component_ref idref="oc-167"/>
      </symbol>
      <symbol id="sm-19b0">
         <name>_IQdivTableEnd</name>
         <value>0x3fe712</value>
         <object_component_ref idref="oc-167"/>
      </symbol>
      <symbol id="sm-19b1">
         <name>_IQ23mpyRndSatTable</name>
         <value>0x3fea3c</value>
         <object_component_ref idref="oc-167"/>
      </symbol>
      <symbol id="sm-19b2">
         <name>_IQ22mpyRndSatTable</name>
         <value>0x3fea48</value>
         <object_component_ref idref="oc-167"/>
      </symbol>
      <symbol id="sm-19b3">
         <name>_IQ21mpyRndSatTable</name>
         <value>0x3fea54</value>
         <object_component_ref idref="oc-167"/>
      </symbol>
      <symbol id="sm-19b4">
         <name>_IQ20mpyRndSatTable</name>
         <value>0x3fea60</value>
         <object_component_ref idref="oc-167"/>
      </symbol>
      <symbol id="sm-19b5">
         <name>_IQsinTableEnd</name>
         <value>0x3fe400</value>
         <object_component_ref idref="oc-167"/>
      </symbol>
      <symbol id="sm-19b6">
         <name>_IQdivTable</name>
         <value>0x3fe510</value>
         <object_component_ref idref="oc-167"/>
      </symbol>
      <symbol id="sm-19b7">
         <name>_IQ2mpyRndSatTable</name>
         <value>0x3feb38</value>
         <object_component_ref idref="oc-167"/>
      </symbol>
      <symbol id="sm-19b8">
         <name>_IQ3mpyRndSatTable</name>
         <value>0x3feb2c</value>
         <object_component_ref idref="oc-167"/>
      </symbol>
      <symbol id="sm-19b9">
         <name>_IQ1mpyRndSatTable</name>
         <value>0x3feb44</value>
         <object_component_ref idref="oc-167"/>
      </symbol>
      <symbol id="sm-19ba">
         <name>_IQ29mpyRndSatTable</name>
         <value>0x3fe9f4</value>
         <object_component_ref idref="oc-167"/>
      </symbol>
      <symbol id="sm-19bb">
         <name>_IQ6mpyRndSatTable</name>
         <value>0x3feb08</value>
         <object_component_ref idref="oc-167"/>
      </symbol>
      <symbol id="sm-19bc">
         <name>_IQatan2TableEnd</name>
         <value>0x3fe9e8</value>
         <object_component_ref idref="oc-167"/>
      </symbol>
      <symbol id="sm-19bd">
         <name>_IQ28mpyRndSatTable</name>
         <value>0x3fea00</value>
         <object_component_ref idref="oc-167"/>
      </symbol>
      <symbol id="sm-19be">
         <name>_IQ7mpyRndSatTable</name>
         <value>0x3feafc</value>
         <object_component_ref idref="oc-167"/>
      </symbol>
      <symbol id="sm-19d9">
         <name>_c_int00</name>
         <value>0x32c6ac</value>
         <object_component_ref idref="oc-4a"/>
      </symbol>
      <symbol id="sm-19da">
         <name>__stack</name>
         <value>0x400</value>
         <object_component_ref idref="oc-168"/>
      </symbol>
      <symbol id="sm-19e7">
         <name>LL$$ABS</name>
         <value>0x32c94c</value>
         <object_component_ref idref="oc-16e"/>
      </symbol>
      <symbol id="sm-19f5">
         <name>ULL$$CMP</name>
         <value>0x32c8a9</value>
         <object_component_ref idref="oc-173"/>
      </symbol>
      <symbol id="sm-19f6">
         <name>LL$$CMP</name>
         <value>0x32c897</value>
         <object_component_ref idref="oc-173"/>
      </symbol>
      <symbol id="sm-1a22">
         <name>ULL$$MOD</name>
         <value>0x32c200</value>
         <object_component_ref idref="oc-178"/>
      </symbol>
      <symbol id="sm-1a23">
         <name>ULL$$DIV</name>
         <value>0x32c1d1</value>
         <object_component_ref idref="oc-178"/>
      </symbol>
      <symbol id="sm-1a24">
         <name>LL$$MOD</name>
         <value>0x32c197</value>
         <object_component_ref idref="oc-178"/>
      </symbol>
      <symbol id="sm-1a25">
         <name>LL$$DIV</name>
         <value>0x32c15b</value>
         <object_component_ref idref="oc-178"/>
      </symbol>
      <symbol id="sm-1a31">
         <name>LL$$MPY</name>
         <value>0x32c902</value>
         <object_component_ref idref="oc-17d"/>
      </symbol>
      <symbol id="sm-1a3f">
         <name>I$$MOD</name>
         <value>0x32c866</value>
         <object_component_ref idref="oc-182"/>
      </symbol>
      <symbol id="sm-1a40">
         <name>I$$DIV</name>
         <value>0x32c855</value>
         <object_component_ref idref="oc-182"/>
      </symbol>
      <symbol id="sm-1a4c">
         <name>U$$MOD</name>
         <value>0x32c92e</value>
         <object_component_ref idref="oc-187"/>
      </symbol>
      <symbol id="sm-1a4d">
         <name>U$$DIV</name>
         <value>0x32c929</value>
         <object_component_ref idref="oc-187"/>
      </symbol>
      <symbol id="sm-1a59">
         <name>UL$$MOD</name>
         <value>0x32c7da</value>
         <object_component_ref idref="oc-18c"/>
      </symbol>
      <symbol id="sm-1a5a">
         <name>L$$MOD</name>
         <value>0x32c7c5</value>
         <object_component_ref idref="oc-18c"/>
      </symbol>
      <symbol id="sm-1a5b">
         <name>L$$DIV</name>
         <value>0x32c7b6</value>
         <object_component_ref idref="oc-18c"/>
      </symbol>
      <symbol id="sm-1a5c">
         <name>UL$$DIV</name>
         <value>0x32c7d3</value>
         <object_component_ref idref="oc-18c"/>
      </symbol>
      <symbol id="sm-1a6b">
         <name>_copy_in</name>
         <value>0x32c831</value>
         <object_component_ref idref="oc-1b7"/>
      </symbol>
      <symbol id="sm-1a7c">
         <name>_memcpy</name>
         <value>0x32c8b5</value>
         <object_component_ref idref="oc-1c3"/>
      </symbol>
      <symbol id="sm-1a88">
         <name>__system_pre_init</name>
         <value>0x32c954</value>
         <object_component_ref idref="oc-1b6"/>
      </symbol>
      <symbol id="sm-1a95">
         <name>__system_post_cinit</name>
         <value>0x32c956</value>
         <object_component_ref idref="oc-1b8"/>
      </symbol>
      <symbol id="sm-1aa9">
         <name>C$$EXIT</name>
         <value>0x32c7e0</value>
         <object_component_ref idref="oc-1ba"/>
      </symbol>
      <symbol id="sm-1aaa">
         <name>_exit</name>
         <value>0x32c7e2</value>
         <object_component_ref idref="oc-1ba"/>
      </symbol>
      <symbol id="sm-1aab">
         <name>___TI_cleanup_ptr</name>
         <value>0xce32</value>
         <object_component_ref idref="oc-1a7"/>
      </symbol>
      <symbol id="sm-1aac">
         <name>___TI_enable_exit_profile_output</name>
         <value>0xce30</value>
         <object_component_ref idref="oc-1a7"/>
      </symbol>
      <symbol id="sm-1aad">
         <name>_abort</name>
         <value>0x32c7e0</value>
         <object_component_ref idref="oc-1ba"/>
      </symbol>
      <symbol id="sm-1aae">
         <name>___TI_dtors_ptr</name>
         <value>0xce34</value>
         <object_component_ref idref="oc-1a7"/>
      </symbol>
      <symbol id="sm-1ac2">
         <name>__unlock</name>
         <value>0xce8e</value>
         <object_component_ref idref="oc-27f"/>
      </symbol>
      <symbol id="sm-1ac3">
         <name>__lock</name>
         <value>0xce8c</value>
         <object_component_ref idref="oc-1c5"/>
      </symbol>
      <symbol id="sm-1ac4">
         <name>__register_lock</name>
         <value>0x32c938</value>
         <object_component_ref idref="oc-22c"/>
      </symbol>
      <symbol id="sm-1ac5">
         <name>__nop</name>
         <value>0x32c93c</value>
         <object_component_ref idref="oc-22c"/>
      </symbol>
      <symbol id="sm-1ac6">
         <name>__register_unlock</name>
         <value>0x32c934</value>
         <object_component_ref idref="oc-22c"/>
      </symbol>
      <symbol id="sm-1ad5">
         <name>__args_main</name>
         <value>0x32c8d2</value>
         <object_component_ref idref="oc-1b9"/>
      </symbol>
   </symbol_table>
   <title>Link successful</title>
</link_info>
