<?xml version="1.0"?>
<link_info>
   <banner>TMS320C2000 Linker PC v6.2.0</banner>
   <copyright>Copyright (c) 1996-2013 Texas Instruments Incorporated</copyright>
   <link_time>0x58ae5e44</link_time>
   <link_errors>0x0</link_errors>
   <output_file>ProNET_Pulse_d320.out</output_file>
   <entry_point>
      <name>_c_int00</name>
      <address>0x32f8c0</address>
   </entry_point>
   <input_file_list>
      <input_file id="fl-2">
         <path>.\src\CANopen\</path>
         <kind>object</kind>
         <file>CO_user.obj</file>
         <name>CO_user.obj</name>
      </input_file>
      <input_file id="fl-3">
         <path>.\src\CANopen\</path>
         <kind>object</kind>
         <file>CO_stack.obj</file>
         <name>CO_stack.obj</name>
      </input_file>
      <input_file id="fl-4">
         <path>.\src\CANopen\</path>
         <kind>object</kind>
         <file>CO_driver.obj</file>
         <name>CO_driver.obj</name>
      </input_file>
      <input_file id="fl-5">
         <path>.\src\CANopen\</path>
         <kind>object</kind>
         <file>CO_OD.obj</file>
         <name>CO_OD.obj</name>
      </input_file>
      <input_file id="fl-6">
         <path>.\src\CANopen\</path>
         <kind>object</kind>
         <file>CO_DS402.obj</file>
         <name>CO_DS402.obj</name>
      </input_file>
      <input_file id="fl-7">
         <path>.\src\DPRAM\</path>
         <kind>object</kind>
         <file>User_DPRAM_OD.obj</file>
         <name>User_DPRAM_OD.obj</name>
      </input_file>
      <input_file id="fl-8">
         <path>.\src\DPRAM\</path>
         <kind>object</kind>
         <file>User_DPRAM.obj</file>
         <name>User_DPRAM.obj</name>
      </input_file>
      <input_file id="fl-9">
         <path>.\src\Test\</path>
         <kind>object</kind>
         <file>User_test.obj</file>
         <name>User_test.obj</name>
      </input_file>
      <input_file id="fl-a">
         <path>.\src\</path>
         <kind>object</kind>
         <file>User_subFunc.obj</file>
         <name>User_subFunc.obj</name>
      </input_file>
      <input_file id="fl-b">
         <path>.\src\</path>
         <kind>object</kind>
         <file>User_Modbus.obj</file>
         <name>User_Modbus.obj</name>
      </input_file>
      <input_file id="fl-c">
         <path>.\src\</path>
         <kind>object</kind>
         <file>User_Menu.obj</file>
         <name>User_Menu.obj</name>
      </input_file>
      <input_file id="fl-d">
         <path>.\src\</path>
         <kind>object</kind>
         <file>User_Isr.obj</file>
         <name>User_Isr.obj</name>
      </input_file>
      <input_file id="fl-e">
         <path>.\src\</path>
         <kind>object</kind>
         <file>User_InitVar.obj</file>
         <name>User_InitVar.obj</name>
      </input_file>
      <input_file id="fl-f">
         <path>.\src\</path>
         <kind>object</kind>
         <file>User_Comm.obj</file>
         <name>User_Comm.obj</name>
      </input_file>
      <input_file id="fl-10">
         <path>.\src\</path>
         <kind>object</kind>
         <file>DSP2833x_usDelay.obj</file>
         <name>DSP2833x_usDelay.obj</name>
      </input_file>
      <input_file id="fl-11">
         <path>.\src\</path>
         <kind>object</kind>
         <file>DSP2833x_Xintf.obj</file>
         <name>DSP2833x_Xintf.obj</name>
      </input_file>
      <input_file id="fl-12">
         <path>.\src\</path>
         <kind>object</kind>
         <file>DSP2833x_SysCtrl.obj</file>
         <name>DSP2833x_SysCtrl.obj</name>
      </input_file>
      <input_file id="fl-13">
         <path>.\src\</path>
         <kind>object</kind>
         <file>DSP2833x_Spi.obj</file>
         <name>DSP2833x_Spi.obj</name>
      </input_file>
      <input_file id="fl-14">
         <path>.\src\</path>
         <kind>object</kind>
         <file>DSP2833x_Sci.obj</file>
         <name>DSP2833x_Sci.obj</name>
      </input_file>
      <input_file id="fl-15">
         <path>.\src\</path>
         <kind>object</kind>
         <file>DSP2833x_PieVect.obj</file>
         <name>DSP2833x_PieVect.obj</name>
      </input_file>
      <input_file id="fl-16">
         <path>.\src\</path>
         <kind>object</kind>
         <file>DSP2833x_PieCtrl.obj</file>
         <name>DSP2833x_PieCtrl.obj</name>
      </input_file>
      <input_file id="fl-17">
         <path>.\src\</path>
         <kind>object</kind>
         <file>DSP2833x_MemCopy.obj</file>
         <name>DSP2833x_MemCopy.obj</name>
      </input_file>
      <input_file id="fl-18">
         <path>.\src\</path>
         <kind>object</kind>
         <file>DSP2833x_Mcbsp.obj</file>
         <name>DSP2833x_Mcbsp.obj</name>
      </input_file>
      <input_file id="fl-19">
         <path>.\src\</path>
         <kind>object</kind>
         <file>DSP2833x_I2C.obj</file>
         <name>DSP2833x_I2C.obj</name>
      </input_file>
      <input_file id="fl-1a">
         <path>.\src\</path>
         <kind>object</kind>
         <file>DSP2833x_Gpio.obj</file>
         <name>DSP2833x_Gpio.obj</name>
      </input_file>
      <input_file id="fl-1b">
         <path>.\src\</path>
         <kind>object</kind>
         <file>DSP2833x_GlobalVariableDefs.obj</file>
         <name>DSP2833x_GlobalVariableDefs.obj</name>
      </input_file>
      <input_file id="fl-1c">
         <path>.\src\</path>
         <kind>object</kind>
         <file>DSP2833x_EPwm.obj</file>
         <name>DSP2833x_EPwm.obj</name>
      </input_file>
      <input_file id="fl-1d">
         <path>.\src\</path>
         <kind>object</kind>
         <file>DSP2833x_ECap.obj</file>
         <name>DSP2833x_ECap.obj</name>
      </input_file>
      <input_file id="fl-1e">
         <path>.\src\</path>
         <kind>object</kind>
         <file>DSP2833x_ECan.obj</file>
         <name>DSP2833x_ECan.obj</name>
      </input_file>
      <input_file id="fl-1f">
         <path>.\src\</path>
         <kind>object</kind>
         <file>DSP2833x_DisInt.obj</file>
         <name>DSP2833x_DisInt.obj</name>
      </input_file>
      <input_file id="fl-20">
         <path>.\src\</path>
         <kind>object</kind>
         <file>DSP2833x_DefaultIsr.obj</file>
         <name>DSP2833x_DefaultIsr.obj</name>
      </input_file>
      <input_file id="fl-21">
         <path>.\src\</path>
         <kind>object</kind>
         <file>DSP2833x_DMA.obj</file>
         <name>DSP2833x_DMA.obj</name>
      </input_file>
      <input_file id="fl-22">
         <path>.\src\</path>
         <kind>object</kind>
         <file>DSP2833x_DBGIER.obj</file>
         <name>DSP2833x_DBGIER.obj</name>
      </input_file>
      <input_file id="fl-23">
         <path>.\src\</path>
         <kind>object</kind>
         <file>DSP2833x_CodeStartBranch.obj</file>
         <name>DSP2833x_CodeStartBranch.obj</name>
      </input_file>
      <input_file id="fl-24">
         <path>.\src\</path>
         <kind>object</kind>
         <file>DSP2833x_CSMPasswords.obj</file>
         <name>DSP2833x_CSMPasswords.obj</name>
      </input_file>
      <input_file id="fl-25">
         <path>.\src\</path>
         <kind>object</kind>
         <file>DSP2833x_Adc.obj</file>
         <name>DSP2833x_Adc.obj</name>
      </input_file>
      <input_file id="fl-26">
         <path>.\src\</path>
         <kind>object</kind>
         <file>DSP2833x_ADC_cal.obj</file>
         <name>DSP2833x_ADC_cal.obj</name>
      </input_file>
      <input_file id="fl-27">
         <path>.\</path>
         <kind>object</kind>
         <file>main.obj</file>
         <name>main.obj</name>
      </input_file>
      <input_file id="fl-2e">
         <path>..\lib\</path>
         <kind>archive</kind>
         <file>IQmath_fpu32.lib</file>
         <name>IQ16sinPU.obj</name>
      </input_file>
      <input_file id="fl-2f">
         <path>..\lib\</path>
         <kind>archive</kind>
         <file>IQmath_fpu32.lib</file>
         <name>IQ1sqrt.obj</name>
      </input_file>
      <input_file id="fl-30">
         <path>..\lib\</path>
         <kind>archive</kind>
         <file>IQmath_fpu32.lib</file>
         <name>IQmathTables.obj</name>
      </input_file>
      <input_file id="fl-3c">
         <path>C:\ti\ccsv5\tools\compiler\c2000_6.2.0\lib\</path>
         <kind>archive</kind>
         <file>rts2800_fpu32.lib</file>
         <name>boot.obj</name>
      </input_file>
      <input_file id="fl-3d">
         <path>C:\ti\ccsv5\tools\compiler\c2000_6.2.0\lib\</path>
         <kind>archive</kind>
         <file>rts2800_fpu32.lib</file>
         <name>exit.obj</name>
      </input_file>
      <input_file id="fl-3e">
         <path>C:\ti\ccsv5\tools\compiler\c2000_6.2.0\lib\</path>
         <kind>archive</kind>
         <file>rts2800_fpu32.lib</file>
         <name>i_div.obj</name>
      </input_file>
      <input_file id="fl-3f">
         <path>C:\ti\ccsv5\tools\compiler\c2000_6.2.0\lib\</path>
         <kind>archive</kind>
         <file>rts2800_fpu32.lib</file>
         <name>l_div.obj</name>
      </input_file>
      <input_file id="fl-40">
         <path>C:\ti\ccsv5\tools\compiler\c2000_6.2.0\lib\</path>
         <kind>archive</kind>
         <file>rts2800_fpu32.lib</file>
         <name>ll_abs.obj</name>
      </input_file>
      <input_file id="fl-41">
         <path>C:\ti\ccsv5\tools\compiler\c2000_6.2.0\lib\</path>
         <kind>archive</kind>
         <file>rts2800_fpu32.lib</file>
         <name>ll_cmp.obj</name>
      </input_file>
      <input_file id="fl-42">
         <path>C:\ti\ccsv5\tools\compiler\c2000_6.2.0\lib\</path>
         <kind>archive</kind>
         <file>rts2800_fpu32.lib</file>
         <name>ll_div.obj</name>
      </input_file>
      <input_file id="fl-43">
         <path>C:\ti\ccsv5\tools\compiler\c2000_6.2.0\lib\</path>
         <kind>archive</kind>
         <file>rts2800_fpu32.lib</file>
         <name>ll_mpy.obj</name>
      </input_file>
      <input_file id="fl-44">
         <path>C:\ti\ccsv5\tools\compiler\c2000_6.2.0\lib\</path>
         <kind>archive</kind>
         <file>rts2800_fpu32.lib</file>
         <name>_lock.obj</name>
      </input_file>
      <input_file id="fl-45">
         <path>C:\ti\ccsv5\tools\compiler\c2000_6.2.0\lib\</path>
         <kind>archive</kind>
         <file>rts2800_fpu32.lib</file>
         <name>u_div.obj</name>
      </input_file>
      <input_file id="fl-46">
         <path>C:\ti\ccsv5\tools\compiler\c2000_6.2.0\lib\</path>
         <kind>archive</kind>
         <file>rts2800_fpu32.lib</file>
         <name>args_main.obj</name>
      </input_file>
   </input_file_list>
   <object_component_list>
      <object_component id="oc-118">
         <name>PieVectTableFile</name>
         <uninitialized>true</uninitialized>
         <run_address>0xd00</run_address>
         <size>0x100</size>
         <input_file_ref idref="fl-1b"/>
      </object_component>
      <object_component id="oc-114">
         <name>DevEmuRegsFile</name>
         <uninitialized>true</uninitialized>
         <run_address>0x880</run_address>
         <size>0xd0</size>
         <input_file_ref idref="fl-1b"/>
      </object_component>
      <object_component id="oc-ea">
         <name>FlashRegsFile</name>
         <uninitialized>true</uninitialized>
         <run_address>0xa80</run_address>
         <size>0x8</size>
         <input_file_ref idref="fl-1b"/>
      </object_component>
      <object_component id="oc-f4">
         <name>CsmRegsFile</name>
         <uninitialized>true</uninitialized>
         <run_address>0xae0</run_address>
         <size>0x10</size>
         <input_file_ref idref="fl-1b"/>
      </object_component>
      <object_component id="oc-f3">
         <name>AdcMirrorFile</name>
         <uninitialized>true</uninitialized>
         <run_address>0xb00</run_address>
         <size>0x10</size>
         <input_file_ref idref="fl-1b"/>
      </object_component>
      <object_component id="oc-f7">
         <name>XintfRegsFile</name>
         <uninitialized>true</uninitialized>
         <run_address>0xb20</run_address>
         <size>0x1e</size>
         <input_file_ref idref="fl-1b"/>
      </object_component>
      <object_component id="oc-eb">
         <name>CpuTimer0RegsFile</name>
         <uninitialized>true</uninitialized>
         <run_address>0xc00</run_address>
         <size>0x8</size>
         <input_file_ref idref="fl-1b"/>
      </object_component>
      <object_component id="oc-e9">
         <name>CpuTimer1RegsFile</name>
         <uninitialized>true</uninitialized>
         <run_address>0xc08</run_address>
         <size>0x8</size>
         <input_file_ref idref="fl-1b"/>
      </object_component>
      <object_component id="oc-e8">
         <name>CpuTimer2RegsFile</name>
         <uninitialized>true</uninitialized>
         <run_address>0xc10</run_address>
         <size>0x8</size>
         <input_file_ref idref="fl-1b"/>
      </object_component>
      <object_component id="oc-f5">
         <name>PieCtrlRegsFile</name>
         <uninitialized>true</uninitialized>
         <run_address>0xce0</run_address>
         <size>0x1a</size>
         <input_file_ref idref="fl-1b"/>
      </object_component>
      <object_component id="oc-115">
         <name>DmaRegsFile</name>
         <uninitialized>true</uninitialized>
         <run_address>0x1000</run_address>
         <size>0xe0</size>
         <input_file_ref idref="fl-1b"/>
      </object_component>
      <object_component id="oc-107">
         <name>McbspaRegsFile</name>
         <uninitialized>true</uninitialized>
         <run_address>0x5000</run_address>
         <size>0x25</size>
         <input_file_ref idref="fl-1b"/>
      </object_component>
      <object_component id="oc-108">
         <name>McbspbRegsFile</name>
         <uninitialized>true</uninitialized>
         <run_address>0x5040</run_address>
         <size>0x25</size>
         <input_file_ref idref="fl-1b"/>
      </object_component>
      <object_component id="oc-10b">
         <name>ECanaRegsFile</name>
         <uninitialized>true</uninitialized>
         <run_address>0x6000</run_address>
         <size>0x34</size>
         <input_file_ref idref="fl-1b"/>
      </object_component>
      <object_component id="oc-10e">
         <name>ECanaLAMRegsFile</name>
         <uninitialized>true</uninitialized>
         <run_address>0x6040</run_address>
         <size>0x40</size>
         <input_file_ref idref="fl-1b"/>
      </object_component>
      <object_component id="oc-117">
         <name>ECanaMboxesFile</name>
         <uninitialized>true</uninitialized>
         <run_address>0x6100</run_address>
         <size>0x100</size>
         <input_file_ref idref="fl-1b"/>
      </object_component>
      <object_component id="oc-10f">
         <name>ECanaMOTSRegsFile</name>
         <uninitialized>true</uninitialized>
         <run_address>0x6080</run_address>
         <size>0x40</size>
         <input_file_ref idref="fl-1b"/>
      </object_component>
      <object_component id="oc-10c">
         <name>ECanaMOTORegsFile</name>
         <uninitialized>true</uninitialized>
         <run_address>0x60c0</run_address>
         <size>0x40</size>
         <input_file_ref idref="fl-1b"/>
      </object_component>
      <object_component id="oc-10a">
         <name>ECanbRegsFile</name>
         <uninitialized>true</uninitialized>
         <run_address>0x6200</run_address>
         <size>0x34</size>
         <input_file_ref idref="fl-1b"/>
      </object_component>
      <object_component id="oc-112">
         <name>ECanbLAMRegsFile</name>
         <uninitialized>true</uninitialized>
         <run_address>0x6240</run_address>
         <size>0x40</size>
         <input_file_ref idref="fl-1b"/>
      </object_component>
      <object_component id="oc-116">
         <name>ECanbMboxesFile</name>
         <uninitialized>true</uninitialized>
         <run_address>0x6300</run_address>
         <size>0x100</size>
         <input_file_ref idref="fl-1b"/>
      </object_component>
      <object_component id="oc-10d">
         <name>ECanbMOTSRegsFile</name>
         <uninitialized>true</uninitialized>
         <run_address>0x6280</run_address>
         <size>0x40</size>
         <input_file_ref idref="fl-1b"/>
      </object_component>
      <object_component id="oc-110">
         <name>ECanbMOTORegsFile</name>
         <uninitialized>true</uninitialized>
         <run_address>0x62c0</run_address>
         <size>0x40</size>
         <input_file_ref idref="fl-1b"/>
      </object_component>
      <object_component id="oc-102">
         <name>EPwm1RegsFile</name>
         <uninitialized>true</uninitialized>
         <run_address>0x6800</run_address>
         <size>0x22</size>
         <input_file_ref idref="fl-1b"/>
      </object_component>
      <object_component id="oc-101">
         <name>EPwm2RegsFile</name>
         <uninitialized>true</uninitialized>
         <run_address>0x6840</run_address>
         <size>0x22</size>
         <input_file_ref idref="fl-1b"/>
      </object_component>
      <object_component id="oc-103">
         <name>EPwm3RegsFile</name>
         <uninitialized>true</uninitialized>
         <run_address>0x6880</run_address>
         <size>0x22</size>
         <input_file_ref idref="fl-1b"/>
      </object_component>
      <object_component id="oc-105">
         <name>EPwm4RegsFile</name>
         <uninitialized>true</uninitialized>
         <run_address>0x68c0</run_address>
         <size>0x22</size>
         <input_file_ref idref="fl-1b"/>
      </object_component>
      <object_component id="oc-104">
         <name>EPwm5RegsFile</name>
         <uninitialized>true</uninitialized>
         <run_address>0x6900</run_address>
         <size>0x22</size>
         <input_file_ref idref="fl-1b"/>
      </object_component>
      <object_component id="oc-106">
         <name>EPwm6RegsFile</name>
         <uninitialized>true</uninitialized>
         <run_address>0x6940</run_address>
         <size>0x22</size>
         <input_file_ref idref="fl-1b"/>
      </object_component>
      <object_component id="oc-fe">
         <name>ECap1RegsFile</name>
         <uninitialized>true</uninitialized>
         <run_address>0x6a00</run_address>
         <size>0x20</size>
         <input_file_ref idref="fl-1b"/>
      </object_component>
      <object_component id="oc-fa">
         <name>ECap2RegsFile</name>
         <uninitialized>true</uninitialized>
         <run_address>0x6a20</run_address>
         <size>0x20</size>
         <input_file_ref idref="fl-1b"/>
      </object_component>
      <object_component id="oc-fb">
         <name>ECap3RegsFile</name>
         <uninitialized>true</uninitialized>
         <run_address>0x6a40</run_address>
         <size>0x20</size>
         <input_file_ref idref="fl-1b"/>
      </object_component>
      <object_component id="oc-f8">
         <name>ECap4RegsFile</name>
         <uninitialized>true</uninitialized>
         <run_address>0x6a60</run_address>
         <size>0x20</size>
         <input_file_ref idref="fl-1b"/>
      </object_component>
      <object_component id="oc-f9">
         <name>ECap5RegsFile</name>
         <uninitialized>true</uninitialized>
         <run_address>0x6a80</run_address>
         <size>0x20</size>
         <input_file_ref idref="fl-1b"/>
      </object_component>
      <object_component id="oc-ff">
         <name>ECap6RegsFile</name>
         <uninitialized>true</uninitialized>
         <run_address>0x6aa0</run_address>
         <size>0x20</size>
         <input_file_ref idref="fl-1b"/>
      </object_component>
      <object_component id="oc-113">
         <name>EQep1RegsFile</name>
         <uninitialized>true</uninitialized>
         <run_address>0x6b00</run_address>
         <size>0x40</size>
         <input_file_ref idref="fl-1b"/>
      </object_component>
      <object_component id="oc-111">
         <name>EQep2RegsFile</name>
         <uninitialized>true</uninitialized>
         <run_address>0x6b40</run_address>
         <size>0x40</size>
         <input_file_ref idref="fl-1b"/>
      </object_component>
      <object_component id="oc-109">
         <name>GpioCtrlRegsFile</name>
         <uninitialized>true</uninitialized>
         <run_address>0x6f80</run_address>
         <size>0x2e</size>
         <input_file_ref idref="fl-1b"/>
      </object_component>
      <object_component id="oc-fc">
         <name>GpioDataRegsFile</name>
         <uninitialized>true</uninitialized>
         <run_address>0x6fc0</run_address>
         <size>0x20</size>
         <input_file_ref idref="fl-1b"/>
      </object_component>
      <object_component id="oc-ed">
         <name>GpioIntRegsFile</name>
         <uninitialized>true</uninitialized>
         <run_address>0x6fe0</run_address>
         <size>0xa</size>
         <input_file_ref idref="fl-1b"/>
      </object_component>
      <object_component id="oc-fd">
         <name>SysCtrlRegsFile</name>
         <uninitialized>true</uninitialized>
         <run_address>0x7010</run_address>
         <size>0x20</size>
         <input_file_ref idref="fl-1b"/>
      </object_component>
      <object_component id="oc-f0">
         <name>SpiaRegsFile</name>
         <uninitialized>true</uninitialized>
         <run_address>0x7040</run_address>
         <size>0x10</size>
         <input_file_ref idref="fl-1b"/>
      </object_component>
      <object_component id="oc-f1">
         <name>SciaRegsFile</name>
         <uninitialized>true</uninitialized>
         <run_address>0x7050</run_address>
         <size>0x10</size>
         <input_file_ref idref="fl-1b"/>
      </object_component>
      <object_component id="oc-f2">
         <name>XIntruptRegsFile</name>
         <uninitialized>true</uninitialized>
         <run_address>0x7070</run_address>
         <size>0x10</size>
         <input_file_ref idref="fl-1b"/>
      </object_component>
      <object_component id="oc-f6">
         <name>AdcRegsFile</name>
         <uninitialized>true</uninitialized>
         <run_address>0x7100</run_address>
         <size>0x1e</size>
         <input_file_ref idref="fl-1b"/>
      </object_component>
      <object_component id="oc-ef">
         <name>ScibRegsFile</name>
         <uninitialized>true</uninitialized>
         <run_address>0x7750</run_address>
         <size>0x10</size>
         <input_file_ref idref="fl-1b"/>
      </object_component>
      <object_component id="oc-ee">
         <name>ScicRegsFile</name>
         <uninitialized>true</uninitialized>
         <run_address>0x7770</run_address>
         <size>0x10</size>
         <input_file_ref idref="fl-1b"/>
      </object_component>
      <object_component id="oc-100">
         <name>I2caRegsFile</name>
         <uninitialized>true</uninitialized>
         <run_address>0x7900</run_address>
         <size>0x22</size>
         <input_file_ref idref="fl-1b"/>
      </object_component>
      <object_component id="oc-ec">
         <name>CsmPwlFile</name>
         <uninitialized>true</uninitialized>
         <run_address>0x33fff8</run_address>
         <size>0x8</size>
         <input_file_ref idref="fl-1b"/>
      </object_component>
      <object_component id="oc-14d">
         <name>.cinit</name>
         <load_address>0x333626</load_address>
         <run_address>0x333626</run_address>
         <size>0xcbc</size>
         <input_file_ref idref="fl-27"/>
      </object_component>
      <object_component id="oc-63">
         <name>.cinit</name>
         <load_address>0x3342e2</load_address>
         <run_address>0x3342e2</run_address>
         <size>0x331</size>
         <input_file_ref idref="fl-5"/>
      </object_component>
      <object_component id="oc-6b">
         <name>.cinit</name>
         <load_address>0x334613</load_address>
         <run_address>0x334613</run_address>
         <size>0x141</size>
         <input_file_ref idref="fl-6"/>
      </object_component>
      <object_component id="oc-53">
         <name>.cinit</name>
         <load_address>0x334754</load_address>
         <run_address>0x334754</run_address>
         <size>0xfc</size>
         <input_file_ref idref="fl-3"/>
      </object_component>
      <object_component id="oc-83">
         <name>.cinit</name>
         <load_address>0x334850</load_address>
         <run_address>0x334850</run_address>
         <size>0x6b</size>
         <input_file_ref idref="fl-9"/>
      </object_component>
      <object_component id="oc-7c">
         <name>.cinit</name>
         <load_address>0x3348bb</load_address>
         <run_address>0x3348bb</run_address>
         <size>0x2a</size>
         <input_file_ref idref="fl-8"/>
      </object_component>
      <object_component id="oc-74">
         <name>.cinit</name>
         <load_address>0x3348e5</load_address>
         <run_address>0x3348e5</run_address>
         <size>0x15</size>
         <input_file_ref idref="fl-7"/>
      </object_component>
      <object_component id="oc-181">
         <name>.cinit</name>
         <load_address>0x3348fa</load_address>
         <run_address>0x3348fa</run_address>
         <size>0xa</size>
         <input_file_ref idref="fl-44"/>
      </object_component>
      <object_component id="oc-162">
         <name>.cinit</name>
         <load_address>0x334904</load_address>
         <run_address>0x334904</run_address>
         <size>0xa</size>
         <input_file_ref idref="fl-3d"/>
      </object_component>
      <object_component id="oc-4b">
         <name>.cinit</name>
         <load_address>0x33490e</load_address>
         <run_address>0x33490e</run_address>
         <size>0x7</size>
         <input_file_ref idref="fl-2"/>
      </object_component>
      <object_component id="oc-5a">
         <name>.cinit</name>
         <load_address>0x334915</load_address>
         <run_address>0x334915</run_address>
         <size>0x4</size>
         <input_file_ref idref="fl-4"/>
      </object_component>
      <object_component id="oc-90">
         <name>.text</name>
         <load_address>0x322f74</load_address>
         <run_address>0x322f74</run_address>
         <size>0x221d</size>
         <input_file_ref idref="fl-b"/>
      </object_component>
      <object_component id="oc-88">
         <name>.text</name>
         <load_address>0x325191</load_address>
         <run_address>0x325191</run_address>
         <size>0x18e5</size>
         <input_file_ref idref="fl-a"/>
      </object_component>
      <object_component id="oc-97">
         <name>.text</name>
         <load_address>0x326a76</load_address>
         <run_address>0x326a76</run_address>
         <size>0x16d3</size>
         <input_file_ref idref="fl-c"/>
      </object_component>
      <object_component id="oc-69">
         <name>.text</name>
         <load_address>0x328149</load_address>
         <run_address>0x328149</run_address>
         <size>0x1125</size>
         <input_file_ref idref="fl-6"/>
      </object_component>
      <object_component id="oc-51">
         <name>.text</name>
         <load_address>0x32926e</load_address>
         <run_address>0x32926e</run_address>
         <size>0x10e1</size>
         <input_file_ref idref="fl-3"/>
      </object_component>
      <object_component id="oc-14b">
         <name>.text</name>
         <load_address>0x32a34f</load_address>
         <run_address>0x32a34f</run_address>
         <size>0x100b</size>
         <input_file_ref idref="fl-27"/>
      </object_component>
      <object_component id="oc-7a">
         <name>.text</name>
         <load_address>0x32b35a</load_address>
         <run_address>0x32b35a</run_address>
         <size>0xe67</size>
         <input_file_ref idref="fl-8"/>
      </object_component>
      <object_component id="oc-81">
         <name>.text</name>
         <load_address>0x32c1c1</load_address>
         <run_address>0x32c1c1</run_address>
         <size>0x70c</size>
         <input_file_ref idref="fl-9"/>
      </object_component>
      <object_component id="oc-58">
         <name>.text</name>
         <load_address>0x32c8cd</load_address>
         <run_address>0x32c8cd</run_address>
         <size>0x6ca</size>
         <input_file_ref idref="fl-4"/>
      </object_component>
      <object_component id="oc-9c">
         <name>.text</name>
         <load_address>0x32cf97</load_address>
         <run_address>0x32cf97</run_address>
         <size>0x6c6</size>
         <input_file_ref idref="fl-d"/>
      </object_component>
      <object_component id="oc-61">
         <name>.text</name>
         <load_address>0x32d65d</load_address>
         <run_address>0x32d65d</run_address>
         <size>0x6ba</size>
         <input_file_ref idref="fl-5"/>
      </object_component>
      <object_component id="oc-a5">
         <name>.text</name>
         <load_address>0x32dd17</load_address>
         <run_address>0x32dd17</run_address>
         <size>0x648</size>
         <input_file_ref idref="fl-e"/>
      </object_component>
      <object_component id="oc-aa">
         <name>.text</name>
         <load_address>0x32e35f</load_address>
         <run_address>0x32e35f</run_address>
         <size>0x48c</size>
         <input_file_ref idref="fl-f"/>
      </object_component>
      <object_component id="oc-132">
         <name>.text</name>
         <load_address>0x32e7eb</load_address>
         <run_address>0x32e7eb</run_address>
         <size>0x3f4</size>
         <input_file_ref idref="fl-21"/>
      </object_component>
      <object_component id="oc-12e">
         <name>.text:retain</name>
         <load_address>0x32ebdf</load_address>
         <run_address>0x32ebdf</run_address>
         <size>0x323</size>
         <input_file_ref idref="fl-20"/>
      </object_component>
      <object_component id="oc-d8">
         <name>.text</name>
         <load_address>0x32ef02</load_address>
         <run_address>0x32ef02</run_address>
         <size>0x170</size>
         <input_file_ref idref="fl-18"/>
      </object_component>
      <object_component id="oc-124">
         <name>.text</name>
         <load_address>0x32f072</load_address>
         <run_address>0x32f072</run_address>
         <size>0x12c</size>
         <input_file_ref idref="fl-1e"/>
      </object_component>
      <object_component id="oc-e2">
         <name>.text</name>
         <load_address>0x32f19e</load_address>
         <run_address>0x32f19e</run_address>
         <size>0x121</size>
         <input_file_ref idref="fl-1a"/>
      </object_component>
      <object_component id="oc-b3">
         <name>.text</name>
         <load_address>0x32f2bf</load_address>
         <run_address>0x32f2bf</run_address>
         <size>0x109</size>
         <input_file_ref idref="fl-11"/>
      </object_component>
      <object_component id="oc-177">
         <name>.text</name>
         <load_address>0x32f3c8</load_address>
         <run_address>0x32f3c8</run_address>
         <size>0x107</size>
         <input_file_ref idref="fl-42"/>
      </object_component>
      <object_component id="oc-b8">
         <name>.text</name>
         <load_address>0x32f4cf</load_address>
         <run_address>0x32f4cf</run_address>
         <size>0xf4</size>
         <input_file_ref idref="fl-12"/>
      </object_component>
      <object_component id="oc-11a">
         <name>.text</name>
         <load_address>0x32f5c3</load_address>
         <run_address>0x32f5c3</run_address>
         <size>0xe3</size>
         <input_file_ref idref="fl-1c"/>
      </object_component>
      <object_component id="oc-72">
         <name>.text</name>
         <load_address>0x32f6a6</load_address>
         <run_address>0x32f6a6</run_address>
         <size>0xcf</size>
         <input_file_ref idref="fl-7"/>
      </object_component>
      <object_component id="oc-be">
         <name>.text</name>
         <load_address>0x32f775</load_address>
         <run_address>0x32f775</run_address>
         <size>0x96</size>
         <input_file_ref idref="fl-13"/>
      </object_component>
      <object_component id="oc-11f">
         <name>.text</name>
         <load_address>0x32f80b</load_address>
         <run_address>0x32f80b</run_address>
         <size>0x5c</size>
         <input_file_ref idref="fl-1d"/>
      </object_component>
      <object_component id="oc-142">
         <name>.text</name>
         <load_address>0x32f867</load_address>
         <run_address>0x32f867</run_address>
         <size>0x59</size>
         <input_file_ref idref="fl-25"/>
      </object_component>
      <object_component id="oc-49">
         <name>.text</name>
         <load_address>0x32f8c0</load_address>
         <run_address>0x32f8c0</run_address>
         <size>0x46</size>
         <input_file_ref idref="fl-3c"/>
      </object_component>
      <object_component id="oc-93">
         <name>.text:retain</name>
         <load_address>0x32f906</load_address>
         <run_address>0x32f906</run_address>
         <size>0x43</size>
         <input_file_ref idref="fl-b"/>
      </object_component>
      <object_component id="oc-9f">
         <name>.text:retain</name>
         <load_address>0x32f949</load_address>
         <run_address>0x32f949</run_address>
         <size>0x3e</size>
         <input_file_ref idref="fl-d"/>
      </object_component>
      <object_component id="oc-16b">
         <name>.text</name>
         <load_address>0x32f987</load_address>
         <run_address>0x32f987</run_address>
         <size>0x2a</size>
         <input_file_ref idref="fl-3f"/>
      </object_component>
      <object_component id="oc-ce">
         <name>.text</name>
         <load_address>0x32f9b1</load_address>
         <run_address>0x32f9b1</run_address>
         <size>0x28</size>
         <input_file_ref idref="fl-16"/>
      </object_component>
      <object_component id="oc-167">
         <name>.text</name>
         <load_address>0x32f9d9</load_address>
         <run_address>0x32f9d9</run_address>
         <size>0x22</size>
         <input_file_ref idref="fl-3e"/>
      </object_component>
      <object_component id="oc-c8">
         <name>.text</name>
         <load_address>0x32f9fb</load_address>
         <run_address>0x32f9fb</run_address>
         <size>0x20</size>
         <input_file_ref idref="fl-15"/>
      </object_component>
      <object_component id="oc-173">
         <name>.text</name>
         <load_address>0x32fa1b</load_address>
         <run_address>0x32fa1b</run_address>
         <size>0x1e</size>
         <input_file_ref idref="fl-41"/>
      </object_component>
      <object_component id="oc-18a">
         <name>.text</name>
         <load_address>0x32fa39</load_address>
         <run_address>0x32fa39</run_address>
         <size>0x19</size>
         <input_file_ref idref="fl-46"/>
      </object_component>
      <object_component id="oc-160">
         <name>.text</name>
         <load_address>0x32fa52</load_address>
         <run_address>0x32fa52</run_address>
         <size>0x19</size>
         <input_file_ref idref="fl-3d"/>
      </object_component>
      <object_component id="oc-dd">
         <name>.text</name>
         <load_address>0x32fa6b</load_address>
         <run_address>0x32fa6b</run_address>
         <size>0x17</size>
         <input_file_ref idref="fl-19"/>
      </object_component>
      <object_component id="oc-c3">
         <name>.text</name>
         <load_address>0x32fa82</load_address>
         <run_address>0x32fa82</run_address>
         <size>0x17</size>
         <input_file_ref idref="fl-14"/>
      </object_component>
      <object_component id="oc-d3">
         <name>.text</name>
         <load_address>0x32fa99</load_address>
         <run_address>0x32fa99</run_address>
         <size>0x15</size>
         <input_file_ref idref="fl-17"/>
      </object_component>
      <object_component id="oc-17b">
         <name>.text</name>
         <load_address>0x32faae</load_address>
         <run_address>0x32faae</run_address>
         <size>0x14</size>
         <input_file_ref idref="fl-43"/>
      </object_component>
      <object_component id="oc-186">
         <name>.text</name>
         <load_address>0x32fac2</load_address>
         <run_address>0x32fac2</run_address>
         <size>0xb</size>
         <input_file_ref idref="fl-45"/>
      </object_component>
      <object_component id="oc-17f">
         <name>.text</name>
         <load_address>0x32facd</load_address>
         <run_address>0x32facd</run_address>
         <size>0x9</size>
         <input_file_ref idref="fl-44"/>
      </object_component>
      <object_component id="oc-13b">
         <name>.text</name>
         <load_address>0x32fad6</load_address>
         <run_address>0x32fad6</run_address>
         <size>0x8</size>
         <input_file_ref idref="fl-23"/>
      </object_component>
      <object_component id="oc-129">
         <name>.text</name>
         <load_address>0x32fade</load_address>
         <run_address>0x32fade</run_address>
         <size>0x7</size>
         <input_file_ref idref="fl-1f"/>
      </object_component>
      <object_component id="oc-16f">
         <name>.text</name>
         <load_address>0x32fae5</load_address>
         <run_address>0x32fae5</run_address>
         <size>0x5</size>
         <input_file_ref idref="fl-40"/>
      </object_component>
      <object_component id="oc-137">
         <name>.text</name>
         <load_address>0x32faea</load_address>
         <run_address>0x32faea</run_address>
         <size>0x3</size>
         <input_file_ref idref="fl-22"/>
      </object_component>
      <object_component id="oc-13c">
         <name>codestart</name>
         <load_address>0x33fff6</load_address>
         <run_address>0x33fff6</run_address>
         <size>0x2</size>
         <input_file_ref idref="fl-23"/>
      </object_component>
      <object_component id="oc-a1">
         <name>ramfuncs</name>
         <load_address>0x320000</load_address>
         <run_address>0x8000</run_address>
         <size>0x7c8</size>
         <input_file_ref idref="fl-d"/>
      </object_component>
      <object_component id="oc-8a">
         <name>ramfuncs</name>
         <load_address>0x3207c8</load_address>
         <run_address>0x87c8</run_address>
         <size>0x746</size>
         <input_file_ref idref="fl-a"/>
      </object_component>
      <object_component id="oc-ba">
         <name>ramfuncs</name>
         <load_address>0x320f0e</load_address>
         <run_address>0x8f0e</run_address>
         <size>0x1b</size>
         <input_file_ref idref="fl-12"/>
      </object_component>
      <object_component id="oc-af">
         <name>ramfuncs</name>
         <load_address>0x320f29</load_address>
         <run_address>0x8f29</run_address>
         <size>0x4</size>
         <input_file_ref idref="fl-10"/>
      </object_component>
      <object_component id="oc-9e">
         <name>ramfuncs1</name>
         <load_address>0x320f2d</load_address>
         <run_address>0x9000</run_address>
         <size>0xc4d</size>
         <input_file_ref idref="fl-d"/>
      </object_component>
      <object_component id="oc-8b">
         <name>ramfuncs1</name>
         <load_address>0x321b7a</load_address>
         <run_address>0x9c4d</run_address>
         <size>0xb07</size>
         <input_file_ref idref="fl-a"/>
      </object_component>
      <object_component id="oc-6d">
         <name>ramfuncs1</name>
         <load_address>0x322681</load_address>
         <run_address>0xa754</run_address>
         <size>0x874</size>
         <input_file_ref idref="fl-6"/>
      </object_component>
      <object_component id="oc-5c">
         <name>ramfuncs1</name>
         <load_address>0x322ef5</load_address>
         <run_address>0xafc8</run_address>
         <size>0x7f</size>
         <input_file_ref idref="fl-4"/>
      </object_component>
      <object_component id="oc-a0">
         <name>ramfuncs2:retain</name>
         <load_address>0x332bdd</load_address>
         <run_address>0xcfba</run_address>
         <size>0x347</size>
         <input_file_ref idref="fl-d"/>
      </object_component>
      <object_component id="oc-6e">
         <name>ramfuncs2</name>
         <load_address>0x332f24</load_address>
         <run_address>0xd301</run_address>
         <size>0x308</size>
         <input_file_ref idref="fl-6"/>
      </object_component>
      <object_component id="oc-4d">
         <name>ramfuncs2</name>
         <load_address>0x33322c</load_address>
         <run_address>0xd609</run_address>
         <size>0x242</size>
         <input_file_ref idref="fl-2"/>
      </object_component>
      <object_component id="oc-5d">
         <name>ramfuncs2:retain</name>
         <load_address>0x33346e</load_address>
         <run_address>0xd84b</run_address>
         <size>0xe2</size>
         <input_file_ref idref="fl-4"/>
      </object_component>
      <object_component id="oc-8c">
         <name>ramfuncs2</name>
         <load_address>0x333550</load_address>
         <run_address>0xd92d</run_address>
         <size>0xd6</size>
         <input_file_ref idref="fl-a"/>
      </object_component>
      <object_component id="oc-140">
         <name>csmpasswds</name>
         <load_address>0x33fff8</load_address>
         <run_address>0x33fff8</run_address>
         <size>0x8</size>
         <input_file_ref idref="fl-24"/>
      </object_component>
      <object_component id="oc-141">
         <name>csm_rsvd</name>
         <load_address>0x33ff80</load_address>
         <run_address>0x33ff80</run_address>
         <size>0x76</size>
         <input_file_ref idref="fl-24"/>
      </object_component>
      <object_component id="oc-15b">
         <name>.stack</name>
         <uninitialized>true</uninitialized>
         <run_address>0x400</run_address>
         <size>0x0</size>
         <input_file_ref idref="fl-3c"/>
      </object_component>
      <object_component id="oc-1fc">
         <name>.stack</name>
         <uninitialized>true</uninitialized>
         <run_address>0x400</run_address>
         <size>0x0</size>
      </object_component>
      <object_component id="oc-4c">
         <name>.ebss</name>
         <uninitialized>true</uninitialized>
         <run_address>0xcaa0</run_address>
         <size>0x14</size>
         <input_file_ref idref="fl-2"/>
      </object_component>
      <object_component id="oc-54">
         <name>.ebss</name>
         <uninitialized>true</uninitialized>
         <run_address>0xc840</run_address>
         <size>0x260</size>
         <input_file_ref idref="fl-3"/>
      </object_component>
      <object_component id="oc-5b">
         <name>.ebss</name>
         <uninitialized>true</uninitialized>
         <run_address>0xcf80</run_address>
         <size>0x3a</size>
         <input_file_ref idref="fl-4"/>
      </object_component>
      <object_component id="oc-64">
         <name>.ebss</name>
         <uninitialized>true</uninitialized>
         <run_address>0xcac0</run_address>
         <size>0x240</size>
         <input_file_ref idref="fl-5"/>
      </object_component>
      <object_component id="oc-6c">
         <name>.ebss</name>
         <uninitialized>true</uninitialized>
         <run_address>0xcd00</run_address>
         <size>0xd8</size>
         <input_file_ref idref="fl-6"/>
      </object_component>
      <object_component id="oc-76">
         <name>.ebss</name>
         <uninitialized>true</uninitialized>
         <run_address>0xcdd8</run_address>
         <size>0xe</size>
         <input_file_ref idref="fl-7"/>
      </object_component>
      <object_component id="oc-7d">
         <name>.ebss</name>
         <uninitialized>true</uninitialized>
         <run_address>0xce00</run_address>
         <size>0xc8</size>
         <input_file_ref idref="fl-8"/>
      </object_component>
      <object_component id="oc-84">
         <name>.ebss</name>
         <uninitialized>true</uninitialized>
         <run_address>0xcf00</run_address>
         <size>0x4a</size>
         <input_file_ref idref="fl-9"/>
      </object_component>
      <object_component id="oc-92">
         <name>.ebss</name>
         <uninitialized>true</uninitialized>
         <run_address>0xc835</run_address>
         <size>0x1</size>
         <input_file_ref idref="fl-b"/>
      </object_component>
      <object_component id="oc-14e">
         <name>.ebss</name>
         <uninitialized>true</uninitialized>
         <run_address>0xc000</run_address>
         <size>0x835</size>
         <input_file_ref idref="fl-27"/>
      </object_component>
      <object_component id="oc-163">
         <name>.ebss</name>
         <uninitialized>true</uninitialized>
         <run_address>0xc83a</run_address>
         <size>0x4</size>
         <input_file_ref idref="fl-3d"/>
      </object_component>
      <object_component id="oc-182">
         <name>.ebss</name>
         <uninitialized>true</uninitialized>
         <run_address>0xc836</run_address>
         <size>0x4</size>
         <input_file_ref idref="fl-44"/>
      </object_component>
      <object_component id="oc-191">
         <name>.econst:_CO_OD</name>
         <load_address>0x32faee</load_address>
         <run_address>0x32faee</run_address>
         <size>0xf6c</size>
         <input_file_ref idref="fl-5"/>
      </object_component>
      <object_component id="oc-198">
         <name>.econst:_costab</name>
         <load_address>0x330a5a</load_address>
         <run_address>0x330a5a</run_address>
         <size>0xe10</size>
         <input_file_ref idref="fl-c"/>
      </object_component>
      <object_component id="oc-193">
         <name>.econst:_PnAttribute</name>
         <load_address>0x33186a</load_address>
         <run_address>0x33186a</run_address>
         <size>0x57c</size>
         <input_file_ref idref="fl-c"/>
      </object_component>
      <object_component id="oc-1a2">
         <name>.econst:_MotorPar2</name>
         <load_address>0x331de6</load_address>
         <run_address>0x331de6</run_address>
         <size>0x300</size>
         <input_file_ref idref="fl-c"/>
      </object_component>
      <object_component id="oc-1a3">
         <name>.econst:_MotorPar3</name>
         <load_address>0x3320e6</load_address>
         <run_address>0x3320e6</run_address>
         <size>0x300</size>
         <input_file_ref idref="fl-c"/>
      </object_component>
      <object_component id="oc-1a0">
         <name>.econst:_MotorPar4</name>
         <load_address>0x3323e6</load_address>
         <run_address>0x3323e6</run_address>
         <size>0x2a0</size>
         <input_file_ref idref="fl-c"/>
      </object_component>
      <object_component id="oc-1a5">
         <name>.econst:_sintab</name>
         <load_address>0x332686</load_address>
         <run_address>0x332686</run_address>
         <size>0x169</size>
         <input_file_ref idref="fl-c"/>
      </object_component>
      <object_component id="oc-1a1">
         <name>.econst:_MotorPar1</name>
         <load_address>0x3327ef</load_address>
         <run_address>0x3327ef</run_address>
         <size>0x150</size>
         <input_file_ref idref="fl-c"/>
      </object_component>
      <object_component id="oc-75">
         <name>.econst</name>
         <load_address>0x33293f</load_address>
         <run_address>0x33293f</run_address>
         <size>0x1</size>
         <input_file_ref idref="fl-7"/>
      </object_component>
      <object_component id="oc-ca">
         <name>.econst</name>
         <load_address>0x332940</load_address>
         <run_address>0x332940</run_address>
         <size>0x100</size>
         <input_file_ref idref="fl-15"/>
      </object_component>
      <object_component id="oc-195">
         <name>.econst:_DPRAM_CO_OD</name>
         <load_address>0x332a40</load_address>
         <run_address>0x332a40</run_address>
         <size>0x90</size>
         <input_file_ref idref="fl-7"/>
      </object_component>
      <object_component id="oc-190">
         <name>.econst:_ErrorCodesTable</name>
         <load_address>0x332ad0</load_address>
         <run_address>0x332ad0</run_address>
         <size>0x40</size>
         <input_file_ref idref="fl-3"/>
      </object_component>
      <object_component id="oc-65">
         <name>.econst</name>
         <load_address>0x332b10</load_address>
         <run_address>0x332b10</run_address>
         <size>0x22</size>
         <input_file_ref idref="fl-5"/>
      </object_component>
      <object_component id="oc-19e">
         <name>.econst:_UnAttribute</name>
         <load_address>0x332b32</load_address>
         <run_address>0x332b32</run_address>
         <size>0x16</size>
         <input_file_ref idref="fl-c"/>
      </object_component>
      <object_component id="oc-1a9">
         <name>.econst:.string:_ODE_Manufacturer_Device_Name</name>
         <load_address>0x332b48</load_address>
         <run_address>0x332b48</run_address>
         <size>0x14</size>
         <input_file_ref idref="fl-5"/>
      </object_component>
      <object_component id="oc-192">
         <name>.econst:_CO_BitRateData</name>
         <load_address>0x332b5c</load_address>
         <run_address>0x332b5c</run_address>
         <size>0x12</size>
         <input_file_ref idref="fl-4"/>
      </object_component>
      <object_component id="oc-19d">
         <name>.econst:_LedCode</name>
         <load_address>0x332b6e</load_address>
         <run_address>0x332b6e</run_address>
         <size>0x10</size>
         <input_file_ref idref="fl-c"/>
      </object_component>
      <object_component id="oc-196">
         <name>.econst:_RigidityGain</name>
         <load_address>0x332b7e</load_address>
         <run_address>0x332b7e</run_address>
         <size>0x10</size>
         <input_file_ref idref="fl-c"/>
      </object_component>
      <object_component id="oc-199">
         <name>.econst:_RigidityTi</name>
         <load_address>0x332b8e</load_address>
         <run_address>0x332b8e</run_address>
         <size>0x10</size>
         <input_file_ref idref="fl-c"/>
      </object_component>
      <object_component id="oc-1a4">
         <name>.econst:_DrivePar1</name>
         <load_address>0x332b9e</load_address>
         <run_address>0x332b9e</run_address>
         <size>0xc</size>
         <input_file_ref idref="fl-c"/>
      </object_component>
      <object_component id="oc-19b">
         <name>.econst:_EDB_Servo</name>
         <load_address>0x332baa</load_address>
         <run_address>0x332baa</run_address>
         <size>0x9</size>
         <input_file_ref idref="fl-b"/>
      </object_component>
      <object_component id="oc-1aa">
         <name>.econst:.string:_ODE_Manufacturer_Hardware_Version</name>
         <load_address>0x332bb3</load_address>
         <run_address>0x332bb3</run_address>
         <size>0x6</size>
         <input_file_ref idref="fl-5"/>
      </object_component>
      <object_component id="oc-1ab">
         <name>.econst:.string:_ODE_Manufacturer_Software_Version</name>
         <load_address>0x332bb9</load_address>
         <run_address>0x332bb9</run_address>
         <size>0x6</size>
         <input_file_ref idref="fl-5"/>
      </object_component>
      <object_component id="oc-18f">
         <name>.econst:_ODE_Server_SDO_Parameter</name>
         <load_address>0x332bc0</load_address>
         <run_address>0x332bc0</run_address>
         <size>0x6</size>
         <input_file_ref idref="fl-5"/>
      </object_component>
      <object_component id="oc-19c">
         <name>.econst:_Speed_Software</name>
         <load_address>0x332bc6</load_address>
         <run_address>0x332bc6</run_address>
         <size>0x6</size>
         <input_file_ref idref="fl-b"/>
      </object_component>
      <object_component id="oc-1a7">
         <name>.econst:_uvwtab</name>
         <load_address>0x332bcc</load_address>
         <run_address>0x332bcc</run_address>
         <size>0x6</size>
         <input_file_ref idref="fl-c"/>
      </object_component>
      <object_component id="oc-1a8">
         <name>.econst:_uvwtab_sumtak</name>
         <load_address>0x332bd2</load_address>
         <run_address>0x332bd2</run_address>
         <size>0x6</size>
         <input_file_ref idref="fl-c"/>
      </object_component>
      <object_component id="oc-19a">
         <name>.econst:_ESTUN</name>
         <load_address>0x332bd8</load_address>
         <run_address>0x332bd8</run_address>
         <size>0x5</size>
         <input_file_ref idref="fl-b"/>
      </object_component>
      <object_component id="oc-197">
         <name>.switch:_def_input</name>
         <load_address>0x33491c</load_address>
         <run_address>0x33491c</run_address>
         <size>0xf0</size>
         <input_file_ref idref="fl-a"/>
      </object_component>
      <object_component id="oc-194">
         <name>.switch:_Find_char_OD</name>
         <load_address>0x334a0c</load_address>
         <run_address>0x334a0c</run_address>
         <size>0x22</size>
         <input_file_ref idref="fl-5"/>
      </object_component>
      <object_component id="oc-1a6">
         <name>.switch:_ControlSel</name>
         <load_address>0x334a2e</load_address>
         <run_address>0x334a2e</run_address>
         <size>0x1c</size>
         <input_file_ref idref="fl-d"/>
      </object_component>
      <object_component id="oc-19f">
         <name>.switch:_Menu</name>
         <load_address>0x334a4a</load_address>
         <run_address>0x334a4a</run_address>
         <size>0x1c</size>
         <input_file_ref idref="fl-c"/>
      </object_component>
      <object_component id="oc-156">
         <name>IQmath</name>
         <load_address>0x338000</load_address>
         <run_address>0x338000</run_address>
         <size>0x42</size>
         <input_file_ref idref="fl-2f"/>
      </object_component>
      <object_component id="oc-152">
         <name>IQmath</name>
         <load_address>0x338042</load_address>
         <run_address>0x338042</run_address>
         <size>0x29</size>
         <input_file_ref idref="fl-2e"/>
      </object_component>
      <object_component id="oc-15a">
         <name>IQmathTables</name>
         <load_address>0x3fe000</load_address>
         <run_address>0x3fe000</run_address>
         <size>0xb50</size>
         <input_file_ref idref="fl-30"/>
      </object_component>
      <object_component id="oc-15c">
         <name>.reset</name>
         <load_address>0x3fffc0</load_address>
         <run_address>0x3fffc0</run_address>
         <size>0x2</size>
         <input_file_ref idref="fl-3c"/>
      </object_component>
      <object_component id="oc-147">
         <name>.adc_cal</name>
         <load_address>0x380080</load_address>
         <run_address>0x380080</run_address>
         <size>0x7</size>
         <input_file_ref idref="fl-26"/>
      </object_component>
      <object_component id="oc-4a">
         <name>.debug_info</name>
         <load_address>0x0</load_address>
         <run_address>0x0</run_address>
         <size>0xcd2</size>
         <input_file_ref idref="fl-2"/>
      </object_component>
      <object_component id="oc-52">
         <name>.debug_info</name>
         <load_address>0xcd2</load_address>
         <run_address>0xcd2</run_address>
         <size>0x80f9</size>
         <input_file_ref idref="fl-3"/>
      </object_component>
      <object_component id="oc-59">
         <name>.debug_info</name>
         <load_address>0x8dcb</load_address>
         <run_address>0x8dcb</run_address>
         <size>0x7107</size>
         <input_file_ref idref="fl-4"/>
      </object_component>
      <object_component id="oc-62">
         <name>.debug_info</name>
         <load_address>0xfed2</load_address>
         <run_address>0xfed2</run_address>
         <size>0x7d1c</size>
         <input_file_ref idref="fl-5"/>
      </object_component>
      <object_component id="oc-6a">
         <name>.debug_info</name>
         <load_address>0x17bee</load_address>
         <run_address>0x17bee</run_address>
         <size>0x57ed</size>
         <input_file_ref idref="fl-6"/>
      </object_component>
      <object_component id="oc-73">
         <name>.debug_info</name>
         <load_address>0x1d3db</load_address>
         <run_address>0x1d3db</run_address>
         <size>0xe1d</size>
         <input_file_ref idref="fl-7"/>
      </object_component>
      <object_component id="oc-7b">
         <name>.debug_info</name>
         <load_address>0x1e1f8</load_address>
         <run_address>0x1e1f8</run_address>
         <size>0x33d1</size>
         <input_file_ref idref="fl-8"/>
      </object_component>
      <object_component id="oc-82">
         <name>.debug_info</name>
         <load_address>0x215c9</load_address>
         <run_address>0x215c9</run_address>
         <size>0x27ad</size>
         <input_file_ref idref="fl-9"/>
      </object_component>
      <object_component id="oc-89">
         <name>.debug_info</name>
         <load_address>0x23d76</load_address>
         <run_address>0x23d76</run_address>
         <size>0x62d5</size>
         <input_file_ref idref="fl-a"/>
      </object_component>
      <object_component id="oc-91">
         <name>.debug_info</name>
         <load_address>0x2a04b</load_address>
         <run_address>0x2a04b</run_address>
         <size>0x79a9</size>
         <input_file_ref idref="fl-b"/>
      </object_component>
      <object_component id="oc-98">
         <name>.debug_info</name>
         <load_address>0x319f4</load_address>
         <run_address>0x319f4</run_address>
         <size>0x405c</size>
         <input_file_ref idref="fl-c"/>
      </object_component>
      <object_component id="oc-9d">
         <name>.debug_info</name>
         <load_address>0x35a50</load_address>
         <run_address>0x35a50</run_address>
         <size>0x9199</size>
         <input_file_ref idref="fl-d"/>
      </object_component>
      <object_component id="oc-a6">
         <name>.debug_info</name>
         <load_address>0x3ebe9</load_address>
         <run_address>0x3ebe9</run_address>
         <size>0x4771</size>
         <input_file_ref idref="fl-e"/>
      </object_component>
      <object_component id="oc-ab">
         <name>.debug_info</name>
         <load_address>0x4335a</load_address>
         <run_address>0x4335a</run_address>
         <size>0x33b4</size>
         <input_file_ref idref="fl-f"/>
      </object_component>
      <object_component id="oc-b0">
         <name>.debug_info</name>
         <load_address>0x4670e</load_address>
         <run_address>0x4670e</run_address>
         <size>0xdb</size>
         <input_file_ref idref="fl-10"/>
      </object_component>
      <object_component id="oc-b4">
         <name>.debug_info</name>
         <load_address>0x467e9</load_address>
         <run_address>0x467e9</run_address>
         <size>0x21f6</size>
         <input_file_ref idref="fl-11"/>
      </object_component>
      <object_component id="oc-b9">
         <name>.debug_info</name>
         <load_address>0x489df</load_address>
         <run_address>0x489df</run_address>
         <size>0x1f9f</size>
         <input_file_ref idref="fl-12"/>
      </object_component>
      <object_component id="oc-bf">
         <name>.debug_info</name>
         <load_address>0x4a97e</load_address>
         <run_address>0x4a97e</run_address>
         <size>0x1920</size>
         <input_file_ref idref="fl-13"/>
      </object_component>
      <object_component id="oc-c4">
         <name>.debug_info</name>
         <load_address>0x4c29e</load_address>
         <run_address>0x4c29e</run_address>
         <size>0xdd6</size>
         <input_file_ref idref="fl-14"/>
      </object_component>
      <object_component id="oc-c9">
         <name>.debug_info</name>
         <load_address>0x4d074</load_address>
         <run_address>0x4d074</run_address>
         <size>0x2287</size>
         <input_file_ref idref="fl-15"/>
      </object_component>
      <object_component id="oc-cf">
         <name>.debug_info</name>
         <load_address>0x4f2fb</load_address>
         <run_address>0x4f2fb</run_address>
         <size>0xb1d</size>
         <input_file_ref idref="fl-16"/>
      </object_component>
      <object_component id="oc-d4">
         <name>.debug_info</name>
         <load_address>0x4fe18</load_address>
         <run_address>0x4fe18</run_address>
         <size>0x45c</size>
         <input_file_ref idref="fl-17"/>
      </object_component>
      <object_component id="oc-d9">
         <name>.debug_info</name>
         <load_address>0x50274</load_address>
         <run_address>0x50274</run_address>
         <size>0x50f1</size>
         <input_file_ref idref="fl-18"/>
      </object_component>
      <object_component id="oc-de">
         <name>.debug_info</name>
         <load_address>0x55365</load_address>
         <run_address>0x55365</run_address>
         <size>0x1bdc</size>
         <input_file_ref idref="fl-19"/>
      </object_component>
      <object_component id="oc-e3">
         <name>.debug_info</name>
         <load_address>0x56f41</load_address>
         <run_address>0x56f41</run_address>
         <size>0x1d78</size>
         <input_file_ref idref="fl-1a"/>
      </object_component>
      <object_component id="oc-e7">
         <name>.debug_info</name>
         <load_address>0x58cb9</load_address>
         <run_address>0x58cb9</run_address>
         <size>0x12dce</size>
         <input_file_ref idref="fl-1b"/>
      </object_component>
      <object_component id="oc-11b">
         <name>.debug_info</name>
         <load_address>0x6ba87</load_address>
         <run_address>0x6ba87</run_address>
         <size>0x225a</size>
         <input_file_ref idref="fl-1c"/>
      </object_component>
      <object_component id="oc-120">
         <name>.debug_info</name>
         <load_address>0x6dce1</load_address>
         <run_address>0x6dce1</run_address>
         <size>0x1ea9</size>
         <input_file_ref idref="fl-1d"/>
      </object_component>
      <object_component id="oc-125">
         <name>.debug_info</name>
         <load_address>0x6fb8a</load_address>
         <run_address>0x6fb8a</run_address>
         <size>0x5ecf</size>
         <input_file_ref idref="fl-1e"/>
      </object_component>
      <object_component id="oc-12a">
         <name>.debug_info</name>
         <load_address>0x75a59</load_address>
         <run_address>0x75a59</run_address>
         <size>0xdf</size>
         <input_file_ref idref="fl-1f"/>
      </object_component>
      <object_component id="oc-12d">
         <name>.debug_info</name>
         <load_address>0x75b38</load_address>
         <run_address>0x75b38</run_address>
         <size>0x22dc</size>
         <input_file_ref idref="fl-20"/>
      </object_component>
      <object_component id="oc-133">
         <name>.debug_info</name>
         <load_address>0x77e14</load_address>
         <run_address>0x77e14</run_address>
         <size>0x3bb1</size>
         <input_file_ref idref="fl-21"/>
      </object_component>
      <object_component id="oc-138">
         <name>.debug_info</name>
         <load_address>0x7b9c5</load_address>
         <run_address>0x7b9c5</run_address>
         <size>0xd9</size>
         <input_file_ref idref="fl-22"/>
      </object_component>
      <object_component id="oc-13d">
         <name>.debug_info</name>
         <load_address>0x7ba9e</load_address>
         <run_address>0x7ba9e</run_address>
         <size>0x11c</size>
         <input_file_ref idref="fl-23"/>
      </object_component>
      <object_component id="oc-143">
         <name>.debug_info</name>
         <load_address>0x7bbba</load_address>
         <run_address>0x7bbba</run_address>
         <size>0x1dac</size>
         <input_file_ref idref="fl-25"/>
      </object_component>
      <object_component id="oc-148">
         <name>.debug_info</name>
         <load_address>0x7d966</load_address>
         <run_address>0x7d966</run_address>
         <size>0xdb</size>
         <input_file_ref idref="fl-26"/>
      </object_component>
      <object_component id="oc-14c">
         <name>.debug_info</name>
         <load_address>0x7da41</load_address>
         <run_address>0x7da41</run_address>
         <size>0xdee1</size>
         <input_file_ref idref="fl-27"/>
      </object_component>
      <object_component id="oc-153">
         <name>.debug_info</name>
         <load_address>0x8b922</load_address>
         <run_address>0x8b922</run_address>
         <size>0xae</size>
         <input_file_ref idref="fl-2e"/>
      </object_component>
      <object_component id="oc-157">
         <name>.debug_info</name>
         <load_address>0x8b9d0</load_address>
         <run_address>0x8b9d0</run_address>
         <size>0xac</size>
         <input_file_ref idref="fl-2f"/>
      </object_component>
      <object_component id="oc-15d">
         <name>.debug_info</name>
         <load_address>0x8ba7c</load_address>
         <run_address>0x8ba7c</run_address>
         <size>0xde</size>
         <input_file_ref idref="fl-3c"/>
      </object_component>
      <object_component id="oc-161">
         <name>.debug_info</name>
         <load_address>0x8bb5a</load_address>
         <run_address>0x8bb5a</run_address>
         <size>0x488</size>
         <input_file_ref idref="fl-3d"/>
      </object_component>
      <object_component id="oc-168">
         <name>.debug_info</name>
         <load_address>0x8bfe2</load_address>
         <run_address>0x8bfe2</run_address>
         <size>0xeb</size>
         <input_file_ref idref="fl-3e"/>
      </object_component>
      <object_component id="oc-16c">
         <name>.debug_info</name>
         <load_address>0x8c0cd</load_address>
         <run_address>0x8c0cd</run_address>
         <size>0x14b</size>
         <input_file_ref idref="fl-3f"/>
      </object_component>
      <object_component id="oc-170">
         <name>.debug_info</name>
         <load_address>0x8c218</load_address>
         <run_address>0x8c218</run_address>
         <size>0xc0</size>
         <input_file_ref idref="fl-40"/>
      </object_component>
      <object_component id="oc-174">
         <name>.debug_info</name>
         <load_address>0x8c2d8</load_address>
         <run_address>0x8c2d8</run_address>
         <size>0xf8</size>
         <input_file_ref idref="fl-41"/>
      </object_component>
      <object_component id="oc-178">
         <name>.debug_info</name>
         <load_address>0x8c3d0</load_address>
         <run_address>0x8c3d0</run_address>
         <size>0x1c1</size>
         <input_file_ref idref="fl-42"/>
      </object_component>
      <object_component id="oc-17c">
         <name>.debug_info</name>
         <load_address>0x8c591</load_address>
         <run_address>0x8c591</run_address>
         <size>0xc0</size>
         <input_file_ref idref="fl-43"/>
      </object_component>
      <object_component id="oc-180">
         <name>.debug_info</name>
         <load_address>0x8c651</load_address>
         <run_address>0x8c651</run_address>
         <size>0x4ae</size>
         <input_file_ref idref="fl-44"/>
      </object_component>
      <object_component id="oc-187">
         <name>.debug_info</name>
         <load_address>0x8caff</load_address>
         <run_address>0x8caff</run_address>
         <size>0xeb</size>
         <input_file_ref idref="fl-45"/>
      </object_component>
      <object_component id="oc-18b">
         <name>.debug_info</name>
         <load_address>0x8cbea</load_address>
         <run_address>0x8cbea</run_address>
         <size>0x46f</size>
         <input_file_ref idref="fl-46"/>
      </object_component>
      <object_component id="oc-1fd">
         <name>.debug_info</name>
         <load_address>0x8d059</load_address>
         <run_address>0x8d059</run_address>
         <size>0x6f</size>
      </object_component>
      <object_component id="oc-4e">
         <name>.debug_frame</name>
         <load_address>0x0</load_address>
         <run_address>0x0</run_address>
         <size>0xae</size>
         <input_file_ref idref="fl-2"/>
      </object_component>
      <object_component id="oc-55">
         <name>.debug_frame</name>
         <load_address>0xae</load_address>
         <run_address>0xae</run_address>
         <size>0x243</size>
         <input_file_ref idref="fl-3"/>
      </object_component>
      <object_component id="oc-5e">
         <name>.debug_frame</name>
         <load_address>0x2f1</load_address>
         <run_address>0x2f1</run_address>
         <size>0x26c</size>
         <input_file_ref idref="fl-4"/>
      </object_component>
      <object_component id="oc-66">
         <name>.debug_frame</name>
         <load_address>0x55d</load_address>
         <run_address>0x55d</run_address>
         <size>0xce</size>
         <input_file_ref idref="fl-5"/>
      </object_component>
      <object_component id="oc-6f">
         <name>.debug_frame</name>
         <load_address>0x62b</load_address>
         <run_address>0x62b</run_address>
         <size>0x26f</size>
         <input_file_ref idref="fl-6"/>
      </object_component>
      <object_component id="oc-77">
         <name>.debug_frame</name>
         <load_address>0x89a</load_address>
         <run_address>0x89a</run_address>
         <size>0x107</size>
         <input_file_ref idref="fl-7"/>
      </object_component>
      <object_component id="oc-7e">
         <name>.debug_frame</name>
         <load_address>0x9a1</load_address>
         <run_address>0x9a1</run_address>
         <size>0x282</size>
         <input_file_ref idref="fl-8"/>
      </object_component>
      <object_component id="oc-85">
         <name>.debug_frame</name>
         <load_address>0xc23</load_address>
         <run_address>0xc23</run_address>
         <size>0x294</size>
         <input_file_ref idref="fl-9"/>
      </object_component>
      <object_component id="oc-8d">
         <name>.debug_frame</name>
         <load_address>0xeb7</load_address>
         <run_address>0xeb7</run_address>
         <size>0x5ea</size>
         <input_file_ref idref="fl-a"/>
      </object_component>
      <object_component id="oc-94">
         <name>.debug_frame</name>
         <load_address>0x14a1</load_address>
         <run_address>0x14a1</run_address>
         <size>0x3a0</size>
         <input_file_ref idref="fl-b"/>
      </object_component>
      <object_component id="oc-99">
         <name>.debug_frame</name>
         <load_address>0x1841</load_address>
         <run_address>0x1841</run_address>
         <size>0x1c5</size>
         <input_file_ref idref="fl-c"/>
      </object_component>
      <object_component id="oc-a2">
         <name>.debug_frame</name>
         <load_address>0x1a06</load_address>
         <run_address>0x1a06</run_address>
         <size>0x354</size>
         <input_file_ref idref="fl-d"/>
      </object_component>
      <object_component id="oc-a7">
         <name>.debug_frame</name>
         <load_address>0x1d5a</load_address>
         <run_address>0x1d5a</run_address>
         <size>0xef</size>
         <input_file_ref idref="fl-e"/>
      </object_component>
      <object_component id="oc-ac">
         <name>.debug_frame</name>
         <load_address>0x1e49</load_address>
         <run_address>0x1e49</run_address>
         <size>0xe7</size>
         <input_file_ref idref="fl-f"/>
      </object_component>
      <object_component id="oc-b5">
         <name>.debug_frame</name>
         <load_address>0x1f30</load_address>
         <run_address>0x1f30</run_address>
         <size>0xd6</size>
         <input_file_ref idref="fl-11"/>
      </object_component>
      <object_component id="oc-bb">
         <name>.debug_frame</name>
         <load_address>0x2006</load_address>
         <run_address>0x2006</run_address>
         <size>0x15c</size>
         <input_file_ref idref="fl-12"/>
      </object_component>
      <object_component id="oc-c0">
         <name>.debug_frame</name>
         <load_address>0x2162</load_address>
         <run_address>0x2162</run_address>
         <size>0xe3</size>
         <input_file_ref idref="fl-13"/>
      </object_component>
      <object_component id="oc-c5">
         <name>.debug_frame</name>
         <load_address>0x2245</load_address>
         <run_address>0x2245</run_address>
         <size>0xa6</size>
         <input_file_ref idref="fl-14"/>
      </object_component>
      <object_component id="oc-cb">
         <name>.debug_frame</name>
         <load_address>0x22eb</load_address>
         <run_address>0x22eb</run_address>
         <size>0xac</size>
         <input_file_ref idref="fl-15"/>
      </object_component>
      <object_component id="oc-d0">
         <name>.debug_frame</name>
         <load_address>0x2397</load_address>
         <run_address>0x2397</run_address>
         <size>0xbe</size>
         <input_file_ref idref="fl-16"/>
      </object_component>
      <object_component id="oc-d5">
         <name>.debug_frame</name>
         <load_address>0x2455</load_address>
         <run_address>0x2455</run_address>
         <size>0xac</size>
         <input_file_ref idref="fl-17"/>
      </object_component>
      <object_component id="oc-da">
         <name>.debug_frame</name>
         <load_address>0x2501</load_address>
         <run_address>0x2501</run_address>
         <size>0x27a</size>
         <input_file_ref idref="fl-18"/>
      </object_component>
      <object_component id="oc-df">
         <name>.debug_frame</name>
         <load_address>0x277b</load_address>
         <run_address>0x277b</run_address>
         <size>0xbe</size>
         <input_file_ref idref="fl-19"/>
      </object_component>
      <object_component id="oc-e4">
         <name>.debug_frame</name>
         <load_address>0x2839</load_address>
         <run_address>0x2839</run_address>
         <size>0xa7</size>
         <input_file_ref idref="fl-1a"/>
      </object_component>
      <object_component id="oc-11c">
         <name>.debug_frame</name>
         <load_address>0x28e0</load_address>
         <run_address>0x28e0</run_address>
         <size>0xa7</size>
         <input_file_ref idref="fl-1c"/>
      </object_component>
      <object_component id="oc-121">
         <name>.debug_frame</name>
         <load_address>0x2987</load_address>
         <run_address>0x2987</run_address>
         <size>0x14e</size>
         <input_file_ref idref="fl-1d"/>
      </object_component>
      <object_component id="oc-126">
         <name>.debug_frame</name>
         <load_address>0x2ad5</load_address>
         <run_address>0x2ad5</run_address>
         <size>0x12c</size>
         <input_file_ref idref="fl-1e"/>
      </object_component>
      <object_component id="oc-12f">
         <name>.debug_frame</name>
         <load_address>0x2c01</load_address>
         <run_address>0x2c01</run_address>
         <size>0xd1a</size>
         <input_file_ref idref="fl-20"/>
      </object_component>
      <object_component id="oc-134">
         <name>.debug_frame</name>
         <load_address>0x391b</load_address>
         <run_address>0x391b</run_address>
         <size>0x4c0</size>
         <input_file_ref idref="fl-21"/>
      </object_component>
      <object_component id="oc-144">
         <name>.debug_frame</name>
         <load_address>0x3ddb</load_address>
         <run_address>0x3ddb</run_address>
         <size>0xa6</size>
         <input_file_ref idref="fl-25"/>
      </object_component>
      <object_component id="oc-14f">
         <name>.debug_frame</name>
         <load_address>0x3e81</load_address>
         <run_address>0x3e81</run_address>
         <size>0x189</size>
         <input_file_ref idref="fl-27"/>
      </object_component>
      <object_component id="oc-164">
         <name>.debug_frame</name>
         <load_address>0x400a</load_address>
         <run_address>0x400a</run_address>
         <size>0xc7</size>
         <input_file_ref idref="fl-3d"/>
      </object_component>
      <object_component id="oc-183">
         <name>.debug_frame</name>
         <load_address>0x40d1</load_address>
         <run_address>0x40d1</run_address>
         <size>0xd6</size>
         <input_file_ref idref="fl-44"/>
      </object_component>
      <object_component id="oc-18c">
         <name>.debug_frame</name>
         <load_address>0x41a7</load_address>
         <run_address>0x41a7</run_address>
         <size>0xa6</size>
         <input_file_ref idref="fl-46"/>
      </object_component>
      <object_component id="oc-4f">
         <name>.debug_line</name>
         <load_address>0x0</load_address>
         <run_address>0x0</run_address>
         <size>0x165</size>
         <input_file_ref idref="fl-2"/>
      </object_component>
      <object_component id="oc-56">
         <name>.debug_line</name>
         <load_address>0x165</load_address>
         <run_address>0x165</run_address>
         <size>0xd8a</size>
         <input_file_ref idref="fl-3"/>
      </object_component>
      <object_component id="oc-5f">
         <name>.debug_line</name>
         <load_address>0xeef</load_address>
         <run_address>0xeef</run_address>
         <size>0x50c</size>
         <input_file_ref idref="fl-4"/>
      </object_component>
      <object_component id="oc-67">
         <name>.debug_line</name>
         <load_address>0x13fb</load_address>
         <run_address>0x13fb</run_address>
         <size>0x3e1</size>
         <input_file_ref idref="fl-5"/>
      </object_component>
      <object_component id="oc-70">
         <name>.debug_line</name>
         <load_address>0x17dc</load_address>
         <run_address>0x17dc</run_address>
         <size>0x113f</size>
         <input_file_ref idref="fl-6"/>
      </object_component>
      <object_component id="oc-78">
         <name>.debug_line</name>
         <load_address>0x291b</load_address>
         <run_address>0x291b</run_address>
         <size>0x114</size>
         <input_file_ref idref="fl-7"/>
      </object_component>
      <object_component id="oc-7f">
         <name>.debug_line</name>
         <load_address>0x2a2f</load_address>
[...]
      </symbol>
      <symbol id="sm-1725">
         <name>_AnPressFeed_out</name>
         <value>0xc1aa</value>
         <object_component_ref idref="oc-14e"/>
      </symbol>
      <symbol id="sm-1726">
         <name>_UnVCMD</name>
         <value>0xc1d8</value>
         <object_component_ref idref="oc-14e"/>
      </symbol>
      <symbol id="sm-1727">
         <name>_co_abs_roate</name>
         <value>0xc152</value>
         <object_component_ref idref="oc-14e"/>
      </symbol>
      <symbol id="sm-1728">
         <name>_SpeedLRm</name>
         <value>0xc372</value>
         <object_component_ref idref="oc-14e"/>
      </symbol>
      <symbol id="sm-1729">
         <name>_wComm</name>
         <value>0xc1b2</value>
         <object_component_ref idref="oc-14e"/>
      </symbol>
      <symbol id="sm-172a">
         <name>_sci_oper_status</name>
         <value>0xc05b</value>
         <object_component_ref idref="oc-14e"/>
      </symbol>
      <symbol id="sm-172b">
         <name>_sci_data</name>
         <value>0xc420</value>
         <object_component_ref idref="oc-14e"/>
      </symbol>
      <symbol id="sm-172c">
         <name>_memSCIsel</name>
         <value>0xc038</value>
         <object_component_ref idref="oc-14e"/>
      </symbol>
      <symbol id="sm-172d">
         <name>_total_slid</name>
         <value>0xc292</value>
         <object_component_ref idref="oc-14e"/>
      </symbol>
      <symbol id="sm-172e">
         <name>_EXAnaEdition</name>
         <value>0xc086</value>
         <object_component_ref idref="oc-14e"/>
      </symbol>
      <symbol id="sm-172f">
         <name>_pos_flag4</name>
         <value>0xc050</value>
         <object_component_ref idref="oc-14e"/>
      </symbol>
      <symbol id="sm-1730">
         <name>_loadcnt</name>
         <value>0xc012</value>
         <object_component_ref idref="oc-14e"/>
      </symbol>
      <symbol id="sm-1731">
         <name>_nUq</name>
         <value>0xc07a</value>
         <object_component_ref idref="oc-14e"/>
      </symbol>
      <symbol id="sm-1732">
         <name>_RmSPEED</name>
         <value>0xc032</value>
         <object_component_ref idref="oc-14e"/>
      </symbol>
      <symbol id="sm-1733">
         <name>_fact_speed</name>
         <value>0xc27c</value>
         <object_component_ref idref="oc-14e"/>
      </symbol>
      <symbol id="sm-1734">
         <name>_An2display</name>
         <value>0xc028</value>
         <object_component_ref idref="oc-14e"/>
      </symbol>
      <symbol id="sm-1735">
         <name>_Iqrmin</name>
         <value>0xc29a</value>
         <object_component_ref idref="oc-14e"/>
      </symbol>
      <symbol id="sm-1736">
         <name>_TCMDG</name>
         <value>0xc20c</value>
         <object_component_ref idref="oc-14e"/>
      </symbol>
      <symbol id="sm-1737">
         <name>_SoftAlmEnaBit</name>
         <value>0xc00c</value>
         <object_component_ref idref="oc-14e"/>
      </symbol>
      <symbol id="sm-1738">
         <name>_sci_scan_finished</name>
         <value>0xc05e</value>
         <object_component_ref idref="oc-14e"/>
      </symbol>
      <symbol id="sm-1739">
         <name>_Pgplus</name>
         <value>0xc254</value>
         <object_component_ref idref="oc-14e"/>
      </symbol>
      <symbol id="sm-173a">
         <name>_rEncData</name>
         <value>0xc34c</value>
         <object_component_ref idref="oc-14e"/>
      </symbol>
      <symbol id="sm-173b">
         <name>_avslid_speed</name>
         <value>0xc2b0</value>
         <object_component_ref idref="oc-14e"/>
      </symbol>
      <symbol id="sm-173c">
         <name>_last10msSPD</name>
         <value>0xc19e</value>
         <object_component_ref idref="oc-14e"/>
      </symbol>
      <symbol id="sm-173d">
         <name>_memAccDecSel</name>
         <value>0xc17a</value>
         <object_component_ref idref="oc-14e"/>
      </symbol>
      <symbol id="sm-173e">
         <name>_jxcnt</name>
         <value>0xc091</value>
         <object_component_ref idref="oc-14e"/>
      </symbol>
      <symbol id="sm-173f">
         <name>_guai_A</name>
         <value>0xc0c2</value>
         <object_component_ref idref="oc-14e"/>
      </symbol>
      <symbol id="sm-1740">
         <name>_pumpflag</name>
         <value>0xc16b</value>
         <object_component_ref idref="oc-14e"/>
      </symbol>
      <symbol id="sm-1741">
         <name>_varFactualTn</name>
         <value>0xc150</value>
         <object_component_ref idref="oc-14e"/>
      </symbol>
      <symbol id="sm-1742">
         <name>_CANParasSET</name>
         <value>0xc143</value>
         <object_component_ref idref="oc-14e"/>
      </symbol>
      <symbol id="sm-1743">
         <name>_Pfroate</name>
         <value>0xc043</value>
         <object_component_ref idref="oc-14e"/>
      </symbol>
      <symbol id="sm-1744">
         <name>_AnPressBack_out</name>
         <value>0xc19a</value>
         <object_component_ref idref="oc-14e"/>
      </symbol>
      <symbol id="sm-1745">
         <name>_Jauto</name>
         <value>0xc500</value>
         <object_component_ref idref="oc-14e"/>
      </symbol>
      <symbol id="sm-1746">
         <name>_wAnPressBack_out</name>
         <value>0xc027</value>
         <object_component_ref idref="oc-14e"/>
      </symbol>
      <symbol id="sm-1747">
         <name>_BRstate</name>
         <value>0x32b21a</value>
         <object_component_ref idref="oc-14b"/>
      </symbol>
      <symbol id="sm-1748">
         <name>_encincr</name>
         <value>0xc0b3</value>
         <object_component_ref idref="oc-14e"/>
      </symbol>
      <symbol id="sm-1749">
         <name>_AnPressFeed</name>
         <value>0xc1a6</value>
         <object_component_ref idref="oc-14e"/>
      </symbol>
      <symbol id="sm-174a">
         <name>_syncPGout</name>
         <value>0xc19c</value>
         <object_component_ref idref="oc-14e"/>
      </symbol>
      <symbol id="sm-174b">
         <name>_SgmaSpd0</name>
         <value>0xc188</value>
         <object_component_ref idref="oc-14e"/>
      </symbol>
      <symbol id="sm-174c">
         <name>_almin_filter_out</name>
         <value>0xc252</value>
         <object_component_ref idref="oc-14e"/>
      </symbol>
      <symbol id="sm-174d">
         <name>_FnNum</name>
         <value>0xc0e5</value>
         <object_component_ref idref="oc-14e"/>
      </symbol>
      <symbol id="sm-1755">
         <name>__IQ16sinPU</name>
         <value>0x338042</value>
         <object_component_ref idref="oc-152"/>
      </symbol>
      <symbol id="sm-175d">
         <name>__IQ1sqrt</name>
         <value>0x338000</value>
         <object_component_ref idref="oc-156"/>
      </symbol>
      <symbol id="sm-1761">
         <name>_IQ4mpyRndSatTable</name>
         <value>0x3feb20</value>
         <object_component_ref idref="oc-15a"/>
      </symbol>
      <symbol id="sm-1762">
         <name>_IQ5mpyRndSatTable</name>
         <value>0x3feb14</value>
         <object_component_ref idref="oc-15a"/>
      </symbol>
      <symbol id="sm-1763">
         <name>_IQatan2Table</name>
         <value>0x3fe862</value>
         <object_component_ref idref="oc-15a"/>
      </symbol>
      <symbol id="sm-1764">
         <name>_IQisqrtTableEnd</name>
         <value>0x3fe824</value>
         <object_component_ref idref="oc-15a"/>
      </symbol>
      <symbol id="sm-1765">
         <name>_IQ8mpyRndSatTable</name>
         <value>0x3feaf0</value>
         <object_component_ref idref="oc-15a"/>
      </symbol>
      <symbol id="sm-1766">
         <name>_IQ9mpyRndSatTable</name>
         <value>0x3feae4</value>
         <object_component_ref idref="oc-15a"/>
      </symbol>
      <symbol id="sm-1767">
         <name>_IQsqrtTable</name>
         <value>0x3fe722</value>
         <object_component_ref idref="oc-15a"/>
      </symbol>
      <symbol id="sm-1768">
         <name>_IQcosTableEnd</name>
         <value>0x3fe502</value>
         <object_component_ref idref="oc-15a"/>
      </symbol>
      <symbol id="sm-1769">
         <name>_IQatan2HalfPITable</name>
         <value>0x3fe824</value>
         <object_component_ref idref="oc-15a"/>
      </symbol>
      <symbol id="sm-176a">
         <name>_IQisqrtTable</name>
         <value>0x3fe722</value>
         <object_component_ref idref="oc-15a"/>
      </symbol>
      <symbol id="sm-176b">
         <name>_IQsqrtRoundSatTable</name>
         <value>0x3fe712</value>
         <object_component_ref idref="oc-15a"/>
      </symbol>
      <symbol id="sm-176c">
         <name>_IQsqrtTableEnd</name>
         <value>0x3fe824</value>
         <object_component_ref idref="oc-15a"/>
      </symbol>
      <symbol id="sm-176d">
         <name>_IQ30mpyRndSatTable</name>
         <value>0x3fe9e8</value>
         <object_component_ref idref="oc-15a"/>
      </symbol>
      <symbol id="sm-176e">
         <name>_IQ17mpyRndSatTable</name>
         <value>0x3fea84</value>
         <object_component_ref idref="oc-15a"/>
      </symbol>
      <symbol id="sm-176f">
         <name>_IQ16mpyRndSatTable</name>
         <value>0x3fea90</value>
         <object_component_ref idref="oc-15a"/>
      </symbol>
      <symbol id="sm-1770">
         <name>_IQ15mpyRndSatTable</name>
         <value>0x3fea9c</value>
         <object_component_ref idref="oc-15a"/>
      </symbol>
      <symbol id="sm-1771">
         <name>_IQ14mpyRndSatTable</name>
         <value>0x3feaa8</value>
         <object_component_ref idref="oc-15a"/>
      </symbol>
      <symbol id="sm-1772">
         <name>_IQ13mpyRndSatTable</name>
         <value>0x3feab4</value>
         <object_component_ref idref="oc-15a"/>
      </symbol>
      <symbol id="sm-1773">
         <name>_IQmpyRndSatTable</name>
         <value>0x3fe9e8</value>
         <object_component_ref idref="oc-15a"/>
      </symbol>
      <symbol id="sm-1774">
         <name>_IQ12mpyRndSatTable</name>
         <value>0x3feac0</value>
         <object_component_ref idref="oc-15a"/>
      </symbol>
      <symbol id="sm-1775">
         <name>_IQdivRoundSatTable</name>
         <value>0x3fe502</value>
         <object_component_ref idref="oc-15a"/>
      </symbol>
      <symbol id="sm-1776">
         <name>_IQisqrtRoundSatTable</name>
         <value>0x3fe712</value>
         <object_component_ref idref="oc-15a"/>
      </symbol>
      <symbol id="sm-1777">
         <name>_IQ11mpyRndSatTable</name>
         <value>0x3feacc</value>
         <object_component_ref idref="oc-15a"/>
      </symbol>
      <symbol id="sm-1778">
         <name>_IQcosTable</name>
         <value>0x3fe100</value>
         <object_component_ref idref="oc-15a"/>
      </symbol>
      <symbol id="sm-1779">
         <name>_IQ10mpyRndSatTable</name>
         <value>0x3fead8</value>
         <object_component_ref idref="oc-15a"/>
      </symbol>
      <symbol id="sm-177a">
         <name>_IQmpyRndSatTableEnd</name>
         <value>0x3feb50</value>
         <object_component_ref idref="oc-15a"/>
      </symbol>
      <symbol id="sm-177b">
         <name>_IQ19mpyRndSatTable</name>
         <value>0x3fea6c</value>
         <object_component_ref idref="oc-15a"/>
      </symbol>
      <symbol id="sm-177c">
         <name>_IQ27mpyRndSatTable</name>
         <value>0x3fea0c</value>
         <object_component_ref idref="oc-15a"/>
      </symbol>
      <symbol id="sm-177d">
         <name>_IQ18mpyRndSatTable</name>
         <value>0x3fea78</value>
         <object_component_ref idref="oc-15a"/>
      </symbol>
      <symbol id="sm-177e">
         <name>_IQ26mpyRndSatTable</name>
         <value>0x3fea18</value>
         <object_component_ref idref="oc-15a"/>
      </symbol>
      <symbol id="sm-177f">
         <name>_IQ25mpyRndSatTable</name>
         <value>0x3fea24</value>
         <object_component_ref idref="oc-15a"/>
      </symbol>
      <symbol id="sm-1780">
         <name>_IQsinTable</name>
         <value>0x3fe000</value>
         <object_component_ref idref="oc-15a"/>
      </symbol>
      <symbol id="sm-1781">
         <name>_IQ24mpyRndSatTable</name>
         <value>0x3fea30</value>
         <object_component_ref idref="oc-15a"/>
      </symbol>
      <symbol id="sm-1782">
         <name>_IQdivTableEnd</name>
         <value>0x3fe712</value>
         <object_component_ref idref="oc-15a"/>
      </symbol>
      <symbol id="sm-1783">
         <name>_IQ23mpyRndSatTable</name>
         <value>0x3fea3c</value>
         <object_component_ref idref="oc-15a"/>
      </symbol>
      <symbol id="sm-1784">
         <name>_IQ22mpyRndSatTable</name>
         <value>0x3fea48</value>
         <object_component_ref idref="oc-15a"/>
      </symbol>
      <symbol id="sm-1785">
         <name>_IQ21mpyRndSatTable</name>
         <value>0x3fea54</value>
         <object_component_ref idref="oc-15a"/>
      </symbol>
      <symbol id="sm-1786">
         <name>_IQ20mpyRndSatTable</name>
         <value>0x3fea60</value>
         <object_component_ref idref="oc-15a"/>
      </symbol>
      <symbol id="sm-1787">
         <name>_IQsinTableEnd</name>
         <value>0x3fe400</value>
         <object_component_ref idref="oc-15a"/>
      </symbol>
      <symbol id="sm-1788">
         <name>_IQdivTable</name>
         <value>0x3fe510</value>
         <object_component_ref idref="oc-15a"/>
      </symbol>
      <symbol id="sm-1789">
         <name>_IQ2mpyRndSatTable</name>
         <value>0x3feb38</value>
         <object_component_ref idref="oc-15a"/>
      </symbol>
      <symbol id="sm-178a">
         <name>_IQ3mpyRndSatTable</name>
         <value>0x3feb2c</value>
         <object_component_ref idref="oc-15a"/>
      </symbol>
      <symbol id="sm-178b">
         <name>_IQ1mpyRndSatTable</name>
         <value>0x3feb44</value>
         <object_component_ref idref="oc-15a"/>
      </symbol>
      <symbol id="sm-178c">
         <name>_IQ29mpyRndSatTable</name>
         <value>0x3fe9f4</value>
         <object_component_ref idref="oc-15a"/>
      </symbol>
      <symbol id="sm-178d">
         <name>_IQ6mpyRndSatTable</name>
         <value>0x3feb08</value>
         <object_component_ref idref="oc-15a"/>
      </symbol>
      <symbol id="sm-178e">
         <name>_IQatan2TableEnd</name>
         <value>0x3fe9e8</value>
         <object_component_ref idref="oc-15a"/>
      </symbol>
      <symbol id="sm-178f">
         <name>_IQ28mpyRndSatTable</name>
         <value>0x3fea00</value>
         <object_component_ref idref="oc-15a"/>
      </symbol>
      <symbol id="sm-1790">
         <name>_IQ7mpyRndSatTable</name>
         <value>0x3feafc</value>
         <object_component_ref idref="oc-15a"/>
      </symbol>
      <symbol id="sm-17a4">
         <name>_c_int00</name>
         <value>0x32f8c0</value>
         <object_component_ref idref="oc-49"/>
      </symbol>
      <symbol id="sm-17a5">
         <name>__stack</name>
         <value>0x400</value>
         <object_component_ref idref="oc-15b"/>
      </symbol>
      <symbol id="sm-17b6">
         <name>C$$EXIT</name>
         <value>0x32fa52</value>
         <object_component_ref idref="oc-160"/>
      </symbol>
      <symbol id="sm-17b7">
         <name>_exit</name>
         <value>0x32fa54</value>
         <object_component_ref idref="oc-160"/>
      </symbol>
      <symbol id="sm-17b8">
         <name>___TI_cleanup_ptr</name>
         <value>0xc83a</value>
         <object_component_ref idref="oc-163"/>
      </symbol>
      <symbol id="sm-17b9">
         <name>_abort</name>
         <value>0x32fa52</value>
         <object_component_ref idref="oc-160"/>
      </symbol>
      <symbol id="sm-17ba">
         <name>___TI_dtors_ptr</name>
         <value>0xc83c</value>
         <object_component_ref idref="oc-163"/>
      </symbol>
      <symbol id="sm-17c4">
         <name>I$$MOD</name>
         <value>0x32f9ea</value>
         <object_component_ref idref="oc-167"/>
      </symbol>
      <symbol id="sm-17c5">
         <name>I$$DIV</name>
         <value>0x32f9d9</value>
         <object_component_ref idref="oc-167"/>
      </symbol>
      <symbol id="sm-17cd">
         <name>UL$$MOD</name>
         <value>0x32f9ab</value>
         <object_component_ref idref="oc-16b"/>
      </symbol>
      <symbol id="sm-17ce">
         <name>L$$MOD</name>
         <value>0x32f996</value>
         <object_component_ref idref="oc-16b"/>
      </symbol>
      <symbol id="sm-17cf">
         <name>L$$DIV</name>
         <value>0x32f987</value>
         <object_component_ref idref="oc-16b"/>
      </symbol>
      <symbol id="sm-17d0">
         <name>UL$$DIV</name>
         <value>0x32f9a4</value>
         <object_component_ref idref="oc-16b"/>
      </symbol>
      <symbol id="sm-17d9">
         <name>LL$$ABS</name>
         <value>0x32fae5</value>
         <object_component_ref idref="oc-16f"/>
      </symbol>
      <symbol id="sm-17e3">
         <name>ULL$$CMP</name>
         <value>0x32fa2d</value>
         <object_component_ref idref="oc-173"/>
      </symbol>
      <symbol id="sm-17e4">
         <name>LL$$CMP</name>
         <value>0x32fa1b</value>
         <object_component_ref idref="oc-173"/>
      </symbol>
      <symbol id="sm-180b">
         <name>ULL$$MOD</name>
         <value>0x32f46d</value>
         <object_component_ref idref="oc-177"/>
      </symbol>
      <symbol id="sm-180c">
         <name>ULL$$DIV</name>
         <value>0x32f43e</value>
         <object_component_ref idref="oc-177"/>
      </symbol>
      <symbol id="sm-180d">
         <name>LL$$MOD</name>
         <value>0x32f404</value>
         <object_component_ref idref="oc-177"/>
      </symbol>
      <symbol id="sm-180e">
         <name>LL$$DIV</name>
         <value>0x32f3c8</value>
         <object_component_ref idref="oc-177"/>
      </symbol>
      <symbol id="sm-1816">
         <name>LL$$MPY</name>
         <value>0x32faae</value>
         <object_component_ref idref="oc-17b"/>
      </symbol>
      <symbol id="sm-1824">
         <name>__unlock</name>
         <value>0xc836</value>
         <object_component_ref idref="oc-182"/>
      </symbol>
      <symbol id="sm-1825">
         <name>__lock</name>
         <value>0xc838</value>
         <object_component_ref idref="oc-182"/>
      </symbol>
      <symbol id="sm-1826">
         <name>__register_lock</name>
         <value>0x32fad1</value>
         <object_component_ref idref="oc-17f"/>
      </symbol>
      <symbol id="sm-1827">
         <name>__nop</name>
         <value>0x32fad5</value>
         <object_component_ref idref="oc-17f"/>
      </symbol>
      <symbol id="sm-1828">
         <name>__register_unlock</name>
         <value>0x32facd</value>
         <object_component_ref idref="oc-17f"/>
      </symbol>
      <symbol id="sm-1830">
         <name>U$$MOD</name>
         <value>0x32fac7</value>
         <object_component_ref idref="oc-186"/>
      </symbol>
      <symbol id="sm-1831">
         <name>U$$DIV</name>
         <value>0x32fac2</value>
         <object_component_ref idref="oc-186"/>
      </symbol>
      <symbol id="sm-183d">
         <name>__args_main</name>
         <value>0x32fa39</value>
         <object_component_ref idref="oc-18a"/>
      </symbol>
      <symbol id="sm-183e">
         <name>__TI_args_main</name>
         <value>0x1</value>
      </symbol>
   </symbol_table>
   <title>Link successful</title>
</link_info>
