<?xml version="1.0" encoding="ISO-8859-1" ?>
<link_info>
   <banner>TMS320C2000 Linker PC v18.12.4.LTS</banner>
   <copyright>Copyright (c) 1996-2018 Texas Instruments Incorporated</copyright>
   <link_time>0x686a2ca3</link_time>
   <link_errors>0x0</link_errors>
   <output_file>SlaveOK.out</output_file>
   <entry_point>
      <name>_c_int00</name>
      <address>0x32c831</address>
   </entry_point>
   <input_file_list>
      <input_file id="fl-2">
         <path>.\</path>
         <kind>object</kind>
         <file>main.obj</file>
         <name>main.obj</name>
      </input_file>
      <input_file id="fl-3">
         <path>.\src\</path>
         <kind>object</kind>
         <file>AD2S.obj</file>
         <name>AD2S.obj</name>
      </input_file>
      <input_file id="fl-4">
         <path>.\src\</path>
         <kind>object</kind>
         <file>DSP2833x_ADC_cal.obj</file>
         <name>DSP2833x_ADC_cal.obj</name>
      </input_file>
      <input_file id="fl-5">
         <path>.\src\</path>
         <kind>object</kind>
         <file>DSP2833x_Adc.obj</file>
         <name>DSP2833x_Adc.obj</name>
      </input_file>
      <input_file id="fl-6">
         <path>.\src\</path>
         <kind>object</kind>
         <file>DSP2833x_CSMPasswords.obj</file>
         <name>DSP2833x_CSMPasswords.obj</name>
      </input_file>
      <input_file id="fl-7">
         <path>.\src\</path>
         <kind>object</kind>
         <file>DSP2833x_CodeStartBranch.obj</file>
         <name>DSP2833x_CodeStartBranch.obj</name>
      </input_file>
      <input_file id="fl-8">
         <path>.\src\</path>
         <kind>object</kind>
         <file>DSP2833x_DBGIER.obj</file>
         <name>DSP2833x_DBGIER.obj</name>
      </input_file>
      <input_file id="fl-9">
         <path>.\src\</path>
         <kind>object</kind>
         <file>DSP2833x_DMA.obj</file>
         <name>DSP2833x_DMA.obj</name>
      </input_file>
      <input_file id="fl-a">
         <path>.\src\</path>
         <kind>object</kind>
         <file>DSP2833x_DefaultIsr.obj</file>
         <name>DSP2833x_DefaultIsr.obj</name>
      </input_file>
      <input_file id="fl-b">
         <path>.\src\</path>
         <kind>object</kind>
         <file>DSP2833x_DisInt.obj</file>
         <name>DSP2833x_DisInt.obj</name>
      </input_file>
      <input_file id="fl-c">
         <path>.\src\</path>
         <kind>object</kind>
         <file>DSP2833x_ECan.obj</file>
         <name>DSP2833x_ECan.obj</name>
      </input_file>
      <input_file id="fl-d">
         <path>.\src\</path>
         <kind>object</kind>
         <file>DSP2833x_ECap.obj</file>
         <name>DSP2833x_ECap.obj</name>
      </input_file>
      <input_file id="fl-e">
         <path>.\src\</path>
         <kind>object</kind>
         <file>DSP2833x_EPwm.obj</file>
         <name>DSP2833x_EPwm.obj</name>
      </input_file>
      <input_file id="fl-f">
         <path>.\src\</path>
         <kind>object</kind>
         <file>DSP2833x_GlobalVariableDefs.obj</file>
         <name>DSP2833x_GlobalVariableDefs.obj</name>
      </input_file>
      <input_file id="fl-10">
         <path>.\src\</path>
         <kind>object</kind>
         <file>DSP2833x_Gpio.obj</file>
         <name>DSP2833x_Gpio.obj</name>
      </input_file>
      <input_file id="fl-11">
         <path>.\src\</path>
         <kind>object</kind>
         <file>DSP2833x_I2C.obj</file>
         <name>DSP2833x_I2C.obj</name>
      </input_file>
      <input_file id="fl-12">
         <path>.\src\</path>
         <kind>object</kind>
         <file>DSP2833x_Mcbsp.obj</file>
         <name>DSP2833x_Mcbsp.obj</name>
      </input_file>
      <input_file id="fl-13">
         <path>.\src\</path>
         <kind>object</kind>
         <file>DSP2833x_MemCopy.obj</file>
         <name>DSP2833x_MemCopy.obj</name>
      </input_file>
      <input_file id="fl-14">
         <path>.\src\</path>
         <kind>object</kind>
         <file>DSP2833x_PieCtrl.obj</file>
         <name>DSP2833x_PieCtrl.obj</name>
      </input_file>
      <input_file id="fl-15">
         <path>.\src\</path>
         <kind>object</kind>
         <file>DSP2833x_PieVect.obj</file>
         <name>DSP2833x_PieVect.obj</name>
      </input_file>
      <input_file id="fl-16">
         <path>.\src\</path>
         <kind>object</kind>
         <file>DSP2833x_Sci.obj</file>
         <name>DSP2833x_Sci.obj</name>
      </input_file>
      <input_file id="fl-17">
         <path>.\src\</path>
         <kind>object</kind>
         <file>DSP2833x_Spi.obj</file>
         <name>DSP2833x_Spi.obj</name>
      </input_file>
      <input_file id="fl-18">
         <path>.\src\</path>
         <kind>object</kind>
         <file>DSP2833x_SysCtrl.obj</file>
         <name>DSP2833x_SysCtrl.obj</name>
      </input_file>
      <input_file id="fl-19">
         <path>.\src\</path>
         <kind>object</kind>
         <file>DSP2833x_Xintf.obj</file>
         <name>DSP2833x_Xintf.obj</name>
      </input_file>
      <input_file id="fl-1a">
         <path>.\src\</path>
         <kind>object</kind>
         <file>DSP2833x_usDelay.obj</file>
         <name>DSP2833x_usDelay.obj</name>
      </input_file>
      <input_file id="fl-1b">
         <path>.\src\</path>
         <kind>object</kind>
         <file>SPI4.obj</file>
         <name>SPI4.obj</name>
      </input_file>
      <input_file id="fl-1c">
         <path>.\src\</path>
         <kind>object</kind>
         <file>User_Comm.obj</file>
         <name>User_Comm.obj</name>
      </input_file>
      <input_file id="fl-1d">
         <path>.\src\</path>
         <kind>object</kind>
         <file>User_InitVar.obj</file>
         <name>User_InitVar.obj</name>
      </input_file>
      <input_file id="fl-1e">
         <path>.\src\</path>
         <kind>object</kind>
         <file>User_Isr.obj</file>
         <name>User_Isr.obj</name>
      </input_file>
      <input_file id="fl-1f">
         <path>.\src\</path>
         <kind>object</kind>
         <file>User_Menu.obj</file>
         <name>User_Menu.obj</name>
      </input_file>
      <input_file id="fl-20">
         <path>.\src\</path>
         <kind>object</kind>
         <file>User_Modbus.obj</file>
         <name>User_Modbus.obj</name>
      </input_file>
      <input_file id="fl-21">
         <path>.\src\</path>
         <kind>object</kind>
         <file>User_subFunc.obj</file>
         <name>User_subFunc.obj</name>
      </input_file>
      <input_file id="fl-22">
         <path>.\src\CANopen\</path>
         <kind>object</kind>
         <file>CO_DS402.obj</file>
         <name>CO_DS402.obj</name>
      </input_file>
      <input_file id="fl-23">
         <path>.\src\CANopen\</path>
         <kind>object</kind>
         <file>CO_OD.obj</file>
         <name>CO_OD.obj</name>
      </input_file>
      <input_file id="fl-24">
         <path>.\src\CANopen\</path>
         <kind>object</kind>
         <file>CO_driver.obj</file>
         <name>CO_driver.obj</name>
      </input_file>
      <input_file id="fl-25">
         <path>.\src\CANopen\</path>
         <kind>object</kind>
         <file>CO_stack.obj</file>
         <name>CO_stack.obj</name>
      </input_file>
      <input_file id="fl-26">
         <path>.\src\CANopen\</path>
         <kind>object</kind>
         <file>CO_user.obj</file>
         <name>CO_user.obj</name>
      </input_file>
      <input_file id="fl-27">
         <path>.\src\DPRAM\</path>
         <kind>object</kind>
         <file>User_DPRAM.obj</file>
         <name>User_DPRAM.obj</name>
      </input_file>
      <input_file id="fl-28">
         <path>.\src\DPRAM\</path>
         <kind>object</kind>
         <file>User_DPRAM_OD.obj</file>
         <name>User_DPRAM_OD.obj</name>
      </input_file>
      <input_file id="fl-29">
         <path>.\src\Test\</path>
         <kind>object</kind>
         <file>User_test.obj</file>
         <name>User_test.obj</name>
      </input_file>
      <input_file id="fl-30">
         <kind>object</kind>
         <file>&lt;internal&gt;</file>
         <name>&lt;internal&gt;</name>
      </input_file>
      <input_file id="fl-31">
         <path>..\lib\</path>
         <kind>archive</kind>
         <file>IQmath_fpu32.lib</file>
         <name>IQ16sinPU.obj</name>
      </input_file>
      <input_file id="fl-32">
         <path>..\lib\</path>
         <kind>archive</kind>
         <file>IQmath_fpu32.lib</file>
         <name>IQ1sqrt.obj</name>
      </input_file>
      <input_file id="fl-33">
         <path>..\lib\</path>
         <kind>archive</kind>
         <file>IQmath_fpu32.lib</file>
         <name>IQmathTables.obj</name>
      </input_file>
      <input_file id="fl-3f">
         <path>C:\ti\ccs930\ccs\tools\compiler\ti-cgt-c2000_18.12.4.LTS\lib\</path>
         <kind>archive</kind>
         <file>rts2800_fpu32.lib</file>
         <name>boot28.asm.obj</name>
      </input_file>
      <input_file id="fl-40">
         <path>C:\ti\ccs930\ccs\tools\compiler\ti-cgt-c2000_18.12.4.LTS\lib\</path>
         <kind>archive</kind>
         <file>rts2800_fpu32.lib</file>
         <name>ll_abs28.asm.obj</name>
      </input_file>
      <input_file id="fl-41">
         <path>C:\ti\ccs930\ccs\tools\compiler\ti-cgt-c2000_18.12.4.LTS\lib\</path>
         <kind>archive</kind>
         <file>rts2800_fpu32.lib</file>
         <name>ll_cmp28.asm.obj</name>
      </input_file>
      <input_file id="fl-42">
         <path>C:\ti\ccs930\ccs\tools\compiler\ti-cgt-c2000_18.12.4.LTS\lib\</path>
         <kind>archive</kind>
         <file>rts2800_fpu32.lib</file>
         <name>ll_div28.asm.obj</name>
      </input_file>
      <input_file id="fl-43">
         <path>C:\ti\ccs930\ccs\tools\compiler\ti-cgt-c2000_18.12.4.LTS\lib\</path>
         <kind>archive</kind>
         <file>rts2800_fpu32.lib</file>
         <name>ll_mpy28.asm.obj</name>
      </input_file>
      <input_file id="fl-44">
         <path>C:\ti\ccs930\ccs\tools\compiler\ti-cgt-c2000_18.12.4.LTS\lib\</path>
         <kind>archive</kind>
         <file>rts2800_fpu32.lib</file>
         <name>i_div28.asm.obj</name>
      </input_file>
      <input_file id="fl-45">
         <path>C:\ti\ccs930\ccs\tools\compiler\ti-cgt-c2000_18.12.4.LTS\lib\</path>
         <kind>archive</kind>
         <file>rts2800_fpu32.lib</file>
         <name>u_div28.asm.obj</name>
      </input_file>
      <input_file id="fl-46">
         <path>C:\ti\ccs930\ccs\tools\compiler\ti-cgt-c2000_18.12.4.LTS\lib\</path>
         <kind>archive</kind>
         <file>rts2800_fpu32.lib</file>
         <name>l_div28.asm.obj</name>
      </input_file>
      <input_file id="fl-47">
         <path>C:\ti\ccs930\ccs\tools\compiler\ti-cgt-c2000_18.12.4.LTS\lib\</path>
         <kind>archive</kind>
         <file>rts2800_fpu32.lib</file>
         <name>cpy_tbl.c.obj</name>
      </input_file>
      <input_file id="fl-48">
         <path>C:\ti\ccs930\ccs\tools\compiler\ti-cgt-c2000_18.12.4.LTS\lib\</path>
         <kind>archive</kind>
         <file>rts2800_fpu32.lib</file>
         <name>memcpy.c.obj</name>
      </input_file>
      <input_file id="fl-49">
         <path>C:\ti\ccs930\ccs\tools\compiler\ti-cgt-c2000_18.12.4.LTS\lib\</path>
         <kind>archive</kind>
         <file>rts2800_fpu32.lib</file>
         <name>pre_init.c.obj</name>
      </input_file>
      <input_file id="fl-4a">
         <path>C:\ti\ccs930\ccs\tools\compiler\ti-cgt-c2000_18.12.4.LTS\lib\</path>
         <kind>archive</kind>
         <file>rts2800_fpu32.lib</file>
         <name>startup.c.obj</name>
      </input_file>
      <input_file id="fl-4b">
         <path>C:\ti\ccs930\ccs\tools\compiler\ti-cgt-c2000_18.12.4.LTS\lib\</path>
         <kind>archive</kind>
         <file>rts2800_fpu32.lib</file>
         <name>exit.c.obj</name>
      </input_file>
      <input_file id="fl-4c">
         <path>C:\ti\ccs930\ccs\tools\compiler\ti-cgt-c2000_18.12.4.LTS\lib\</path>
         <kind>archive</kind>
         <file>rts2800_fpu32.lib</file>
         <name>_lock.c.obj</name>
      </input_file>
      <input_file id="fl-4d">
         <path>C:\ti\ccs930\ccs\tools\compiler\ti-cgt-c2000_18.12.4.LTS\lib\</path>
         <kind>archive</kind>
         <file>rts2800_fpu32.lib</file>
         <name>args_main.c.obj</name>
      </input_file>
   </input_file_list>
   <object_component_list>
      <object_component id="oc-bf">
         <name>PieVectTableFile</name>
         <uninitialized>true</uninitialized>
         <run_address>0xd00</run_address>
         <size>0x100</size>
         <input_file_ref idref="fl-f"/>
      </object_component>
      <object_component id="oc-bb">
         <name>DevEmuRegsFile</name>
         <uninitialized>true</uninitialized>
         <run_address>0x880</run_address>
         <size>0xd0</size>
         <input_file_ref idref="fl-f"/>
      </object_component>
      <object_component id="oc-93">
         <name>FlashRegsFile</name>
         <uninitialized>true</uninitialized>
         <run_address>0xa80</run_address>
         <size>0x8</size>
         <input_file_ref idref="fl-f"/>
      </object_component>
      <object_component id="oc-96">
         <name>CsmRegsFile</name>
         <uninitialized>true</uninitialized>
         <run_address>0xae0</run_address>
         <size>0x10</size>
         <input_file_ref idref="fl-f"/>
      </object_component>
      <object_component id="oc-95">
         <name>AdcMirrorFile</name>
         <uninitialized>true</uninitialized>
         <run_address>0xb00</run_address>
         <size>0x10</size>
         <input_file_ref idref="fl-f"/>
      </object_component>
      <object_component id="oc-9e">
         <name>XintfRegsFile</name>
         <uninitialized>true</uninitialized>
         <run_address>0xb20</run_address>
         <size>0x1e</size>
         <input_file_ref idref="fl-f"/>
      </object_component>
      <object_component id="oc-8f">
         <name>CpuTimer0RegsFile</name>
         <uninitialized>true</uninitialized>
         <run_address>0xc00</run_address>
         <size>0x8</size>
         <input_file_ref idref="fl-f"/>
      </object_component>
      <object_component id="oc-90">
         <name>CpuTimer1RegsFile</name>
         <uninitialized>true</uninitialized>
         <run_address>0xc08</run_address>
         <size>0x8</size>
         <input_file_ref idref="fl-f"/>
      </object_component>
      <object_component id="oc-91">
         <name>CpuTimer2RegsFile</name>
         <uninitialized>true</uninitialized>
         <run_address>0xc10</run_address>
         <size>0x8</size>
         <input_file_ref idref="fl-f"/>
      </object_component>
      <object_component id="oc-9c">
         <name>PieCtrlRegsFile</name>
         <uninitialized>true</uninitialized>
         <run_address>0xce0</run_address>
         <size>0x1a</size>
         <input_file_ref idref="fl-f"/>
      </object_component>
      <object_component id="oc-bc">
         <name>DmaRegsFile</name>
         <uninitialized>true</uninitialized>
         <run_address>0x1000</run_address>
         <size>0xe0</size>
         <input_file_ref idref="fl-f"/>
      </object_component>
      <object_component id="oc-ae">
         <name>McbspaRegsFile</name>
         <uninitialized>true</uninitialized>
         <run_address>0x5000</run_address>
         <size>0x25</size>
         <input_file_ref idref="fl-f"/>
      </object_component>
      <object_component id="oc-af">
         <name>McbspbRegsFile</name>
         <uninitialized>true</uninitialized>
         <run_address>0x5040</run_address>
         <size>0x25</size>
         <input_file_ref idref="fl-f"/>
      </object_component>
      <object_component id="oc-b1">
         <name>ECanaRegsFile</name>
         <uninitialized>true</uninitialized>
         <run_address>0x6000</run_address>
         <size>0x34</size>
         <input_file_ref idref="fl-f"/>
      </object_component>
      <object_component id="oc-b3">
         <name>ECanaLAMRegsFile</name>
         <uninitialized>true</uninitialized>
         <run_address>0x6040</run_address>
         <size>0x40</size>
         <input_file_ref idref="fl-f"/>
      </object_component>
      <object_component id="oc-bd">
         <name>ECanaMboxesFile</name>
         <uninitialized>true</uninitialized>
         <run_address>0x6100</run_address>
         <size>0x100</size>
         <input_file_ref idref="fl-f"/>
      </object_component>
      <object_component id="oc-b4">
         <name>ECanaMOTSRegsFile</name>
         <uninitialized>true</uninitialized>
         <run_address>0x6080</run_address>
         <size>0x40</size>
         <input_file_ref idref="fl-f"/>
      </object_component>
      <object_component id="oc-b5">
         <name>ECanaMOTORegsFile</name>
         <uninitialized>true</uninitialized>
         <run_address>0x60c0</run_address>
         <size>0x40</size>
         <input_file_ref idref="fl-f"/>
      </object_component>
      <object_component id="oc-b2">
         <name>ECanbRegsFile</name>
         <uninitialized>true</uninitialized>
         <run_address>0x6200</run_address>
         <size>0x34</size>
         <input_file_ref idref="fl-f"/>
      </object_component>
      <object_component id="oc-b6">
         <name>ECanbLAMRegsFile</name>
         <uninitialized>true</uninitialized>
         <run_address>0x6240</run_address>
         <size>0x40</size>
         <input_file_ref idref="fl-f"/>
      </object_component>
      <object_component id="oc-be">
         <name>ECanbMboxesFile</name>
         <uninitialized>true</uninitialized>
         <run_address>0x6300</run_address>
         <size>0x100</size>
         <input_file_ref idref="fl-f"/>
      </object_component>
      <object_component id="oc-b7">
         <name>ECanbMOTSRegsFile</name>
         <uninitialized>true</uninitialized>
         <run_address>0x6280</run_address>
         <size>0x40</size>
         <input_file_ref idref="fl-f"/>
      </object_component>
      <object_component id="oc-b8">
         <name>ECanbMOTORegsFile</name>
         <uninitialized>true</uninitialized>
         <run_address>0x62c0</run_address>
         <size>0x40</size>
         <input_file_ref idref="fl-f"/>
      </object_component>
      <object_component id="oc-a7">
         <name>EPwm1RegsFile</name>
         <uninitialized>true</uninitialized>
         <run_address>0x6800</run_address>
         <size>0x22</size>
         <input_file_ref idref="fl-f"/>
      </object_component>
      <object_component id="oc-a8">
         <name>EPwm2RegsFile</name>
         <uninitialized>true</uninitialized>
         <run_address>0x6840</run_address>
         <size>0x22</size>
         <input_file_ref idref="fl-f"/>
      </object_component>
      <object_component id="oc-a9">
         <name>EPwm3RegsFile</name>
         <uninitialized>true</uninitialized>
         <run_address>0x6880</run_address>
         <size>0x22</size>
         <input_file_ref idref="fl-f"/>
      </object_component>
      <object_component id="oc-aa">
         <name>EPwm4RegsFile</name>
         <uninitialized>true</uninitialized>
         <run_address>0x68c0</run_address>
         <size>0x22</size>
         <input_file_ref idref="fl-f"/>
      </object_component>
      <object_component id="oc-ab">
         <name>EPwm5RegsFile</name>
         <uninitialized>true</uninitialized>
         <run_address>0x6900</run_address>
         <size>0x22</size>
         <input_file_ref idref="fl-f"/>
      </object_component>
      <object_component id="oc-ac">
         <name>EPwm6RegsFile</name>
         <uninitialized>true</uninitialized>
         <run_address>0x6940</run_address>
         <size>0x22</size>
         <input_file_ref idref="fl-f"/>
      </object_component>
      <object_component id="oc-9f">
         <name>ECap1RegsFile</name>
         <uninitialized>true</uninitialized>
         <run_address>0x6a00</run_address>
         <size>0x20</size>
         <input_file_ref idref="fl-f"/>
      </object_component>
      <object_component id="oc-a0">
         <name>ECap2RegsFile</name>
         <uninitialized>true</uninitialized>
         <run_address>0x6a20</run_address>
         <size>0x20</size>
         <input_file_ref idref="fl-f"/>
      </object_component>
      <object_component id="oc-a1">
         <name>ECap3RegsFile</name>
         <uninitialized>true</uninitialized>
         <run_address>0x6a40</run_address>
         <size>0x20</size>
         <input_file_ref idref="fl-f"/>
      </object_component>
      <object_component id="oc-a2">
         <name>ECap4RegsFile</name>
         <uninitialized>true</uninitialized>
         <run_address>0x6a60</run_address>
         <size>0x20</size>
         <input_file_ref idref="fl-f"/>
      </object_component>
      <object_component id="oc-a3">
         <name>ECap5RegsFile</name>
         <uninitialized>true</uninitialized>
         <run_address>0x6a80</run_address>
         <size>0x20</size>
         <input_file_ref idref="fl-f"/>
      </object_component>
      <object_component id="oc-a4">
         <name>ECap6RegsFile</name>
         <uninitialized>true</uninitialized>
         <run_address>0x6aa0</run_address>
         <size>0x20</size>
         <input_file_ref idref="fl-f"/>
      </object_component>
      <object_component id="oc-b9">
         <name>EQep1RegsFile</name>
         <uninitialized>true</uninitialized>
         <run_address>0x6b00</run_address>
         <size>0x40</size>
         <input_file_ref idref="fl-f"/>
      </object_component>
      <object_component id="oc-ba">
         <name>EQep2RegsFile</name>
         <uninitialized>true</uninitialized>
         <run_address>0x6b40</run_address>
         <size>0x40</size>
         <input_file_ref idref="fl-f"/>
      </object_component>
      <object_component id="oc-b0">
         <name>GpioCtrlRegsFile</name>
         <uninitialized>true</uninitialized>
         <run_address>0x6f80</run_address>
         <size>0x2e</size>
         <input_file_ref idref="fl-f"/>
      </object_component>
      <object_component id="oc-a5">
         <name>GpioDataRegsFile</name>
         <uninitialized>true</uninitialized>
         <run_address>0x6fc0</run_address>
         <size>0x20</size>
         <input_file_ref idref="fl-f"/>
      </object_component>
      <object_component id="oc-94">
         <name>GpioIntRegsFile</name>
         <uninitialized>true</uninitialized>
         <run_address>0x6fe0</run_address>
         <size>0xa</size>
         <input_file_ref idref="fl-f"/>
      </object_component>
      <object_component id="oc-a6">
         <name>SysCtrlRegsFile</name>
         <uninitialized>true</uninitialized>
         <run_address>0x7010</run_address>
         <size>0x20</size>
         <input_file_ref idref="fl-f"/>
      </object_component>
      <object_component id="oc-9a">
         <name>SpiaRegsFile</name>
         <uninitialized>true</uninitialized>
         <run_address>0x7040</run_address>
         <size>0x10</size>
         <input_file_ref idref="fl-f"/>
      </object_component>
      <object_component id="oc-97">
         <name>SciaRegsFile</name>
         <uninitialized>true</uninitialized>
         <run_address>0x7050</run_address>
         <size>0x10</size>
         <input_file_ref idref="fl-f"/>
      </object_component>
      <object_component id="oc-9b">
         <name>XIntruptRegsFile</name>
         <uninitialized>true</uninitialized>
         <run_address>0x7070</run_address>
         <size>0x10</size>
         <input_file_ref idref="fl-f"/>
      </object_component>
      <object_component id="oc-9d">
         <name>AdcRegsFile</name>
         <uninitialized>true</uninitialized>
         <run_address>0x7100</run_address>
         <size>0x1e</size>
         <input_file_ref idref="fl-f"/>
      </object_component>
      <object_component id="oc-98">
         <name>ScibRegsFile</name>
         <uninitialized>true</uninitialized>
         <run_address>0x7750</run_address>
         <size>0x10</size>
         <input_file_ref idref="fl-f"/>
      </object_component>
      <object_component id="oc-99">
         <name>ScicRegsFile</name>
         <uninitialized>true</uninitialized>
         <run_address>0x7770</run_address>
         <size>0x10</size>
         <input_file_ref idref="fl-f"/>
      </object_component>
      <object_component id="oc-ad">
         <name>I2caRegsFile</name>
         <uninitialized>true</uninitialized>
         <run_address>0x7900</run_address>
         <size>0x22</size>
         <input_file_ref idref="fl-f"/>
      </object_component>
      <object_component id="oc-92">
         <name>CsmPwlFile</name>
         <uninitialized>true</uninitialized>
         <run_address>0x33fff8</run_address>
         <size>0x8</size>
         <input_file_ref idref="fl-f"/>
      </object_component>
      <object_component id="oc-4c">
         <name>.cinit</name>
         <load_address>0x33269b</load_address>
         <run_address>0x33269b</run_address>
         <size>0x95f</size>
         <input_file_ref idref="fl-2"/>
      </object_component>
      <object_component id="oc-130">
         <name>.cinit</name>
         <load_address>0x332ffa</load_address>
         <run_address>0x332ffa</run_address>
         <size>0x21c</size>
         <input_file_ref idref="fl-23"/>
      </object_component>
      <object_component id="oc-129">
         <name>.cinit</name>
         <load_address>0x333216</load_address>
         <run_address>0x333216</run_address>
         <size>0x13c</size>
         <input_file_ref idref="fl-22"/>
      </object_component>
      <object_component id="oc-215">
         <name>.cinit:_Rxbuffer</name>
         <load_address>0x333352</load_address>
         <run_address>0x333352</run_address>
         <size>0xcb</size>
         <input_file_ref idref="fl-2"/>
      </object_component>
      <object_component id="oc-25f">
         <name>.cinit:_slid_speed</name>
         <load_address>0x33341d</load_address>
         <run_address>0x33341d</run_address>
         <size>0x83</size>
         <input_file_ref idref="fl-2"/>
      </object_component>
      <object_component id="oc-15b">
         <name>.cinit</name>
         <load_address>0x3334a0</load_address>
         <run_address>0x3334a0</run_address>
         <size>0x6b</size>
         <input_file_ref idref="fl-29"/>
      </object_component>
      <object_component id="oc-24e">
         <name>.cinit:_CO_RPDO_MAPing</name>
         <load_address>0x33350b</load_address>
         <run_address>0x33350b</run_address>
         <size>0x61</size>
         <input_file_ref idref="fl-25"/>
      </object_component>
      <object_component id="oc-250">
         <name>.cinit:_CO_TPDO_MAPing</name>
         <load_address>0x33356c</load_address>
         <run_address>0x33356c</run_address>
         <size>0x61</size>
         <input_file_ref idref="fl-25"/>
      </object_component>
      <object_component id="oc-270">
         <name>.cinit:_Jauto</name>
         <load_address>0x3335cd</load_address>
         <run_address>0x3335cd</run_address>
         <size>0x43</size>
         <input_file_ref idref="fl-2"/>
      </object_component>
      <object_component id="oc-23b">
         <name>.cinit:_ODE_RPDO_Mapping</name>
         <load_address>0x333610</load_address>
         <run_address>0x333610</run_address>
         <size>0x43</size>
         <input_file_ref idref="fl-23"/>
      </object_component>
      <object_component id="oc-242">
         <name>.cinit:_ODE_TPDO_Mapping</name>
         <load_address>0x333653</load_address>
         <run_address>0x333653</run_address>
         <size>0x43</size>
         <input_file_ref idref="fl-23"/>
      </object_component>
      <object_component id="oc-140">
         <name>.cinit</name>
         <load_address>0x333696</load_address>
         <run_address>0x333696</run_address>
         <size>0x2c</size>
         <input_file_ref idref="fl-25"/>
      </object_component>
      <object_component id="oc-14c">
         <name>.cinit</name>
         <load_address>0x3336c2</load_address>
         <run_address>0x3336c2</run_address>
         <size>0x2a</size>
         <input_file_ref idref="fl-27"/>
      </object_component>
      <object_component id="oc-f9">
         <name>.cinit</name>
         <load_address>0x3336ec</load_address>
         <run_address>0x3336ec</run_address>
         <size>0x26</size>
         <input_file_ref idref="fl-1b"/>
      </object_component>
      <object_component id="oc-10c">
         <name>.cinit</name>
         <load_address>0x333712</load_address>
         <run_address>0x333712</run_address>
         <size>0x25</size>
         <input_file_ref idref="fl-1e"/>
      </object_component>
      <object_component id="oc-122">
         <name>.cinit</name>
         <load_address>0x333737</load_address>
         <run_address>0x333737</run_address>
         <size>0x20</size>
         <input_file_ref idref="fl-21"/>
      </object_component>
      <object_component id="oc-234">
         <name>.cinit:_ODE_TPDO_Parameter</name>
         <load_address>0x333757</load_address>
         <run_address>0x333757</run_address>
         <size>0x1a</size>
         <input_file_ref idref="fl-23"/>
      </object_component>
      <object_component id="oc-20a">
         <name>.cinit:_Un</name>
         <load_address>0x333771</load_address>
         <run_address>0x333771</run_address>
         <size>0x19</size>
         <input_file_ref idref="fl-2"/>
      </object_component>
      <object_component id="oc-28b">
         <name>.cinit:_Drive_Catalog_Address</name>
         <load_address>0x33378a</load_address>
         <run_address>0x33378a</run_address>
         <size>0x18</size>
         <input_file_ref idref="fl-23"/>
      </object_component>
      <object_component id="oc-239">
         <name>.cinit:_ODE_RPDO_Parameter</name>
         <load_address>0x3337a2</load_address>
         <run_address>0x3337a2</run_address>
         <size>0x18</size>
         <input_file_ref idref="fl-23"/>
      </object_component>
      <object_component id="oc-289">
         <name>.cinit:_Drive_Manufacturer</name>
         <load_address>0x3337ba</load_address>
         <run_address>0x3337ba</run_address>
         <size>0x17</size>
         <input_file_ref idref="fl-23"/>
      </object_component>
      <object_component id="oc-153">
         <name>.cinit</name>
         <load_address>0x3337d1</load_address>
         <run_address>0x3337d1</run_address>
         <size>0x15</size>
         <input_file_ref idref="fl-28"/>
      </object_component>
      <object_component id="oc-283">
         <name>.cinit:_ODE_TPDO_MASK</name>
         <load_address>0x3337e6</load_address>
         <run_address>0x3337e6</run_address>
         <size>0x13</size>
         <input_file_ref idref="fl-23"/>
      </object_component>
      <object_component id="oc-261">
         <name>.cinit:_xMotor</name>
         <load_address>0x3337f9</load_address>
         <run_address>0x3337f9</run_address>
         <size>0x13</size>
         <input_file_ref idref="fl-2"/>
      </object_component>
      <object_component id="oc-263">
         <name>.cinit:_yMotor</name>
         <load_address>0x33380c</load_address>
         <run_address>0x33380c</run_address>
         <size>0x13</size>
         <input_file_ref idref="fl-2"/>
      </object_component>
      <object_component id="oc-1a8">
         <name>.cinit</name>
         <load_address>0x33381f</load_address>
         <run_address>0x33381f</run_address>
         <size>0xe</size>
         <input_file_ref idref="fl-4b"/>
      </object_component>
      <object_component id="oc-257">
         <name>.cinit:_Au5561</name>
         <load_address>0x33382d</load_address>
         <run_address>0x33382d</run_address>
         <size>0xb</size>
         <input_file_ref idref="fl-2"/>
      </object_component>
      <object_component id="oc-1f2">
         <name>.cinit:_Jiner</name>
         <load_address>0x333838</load_address>
         <run_address>0x333838</run_address>
         <size>0xb</size>
         <input_file_ref idref="fl-2"/>
      </object_component>
      <object_component id="oc-23d">
         <name>.cinit:_ODE_RPDO_Mapping_NoOfEntries</name>
         <load_address>0x333843</load_address>
         <run_address>0x333843</run_address>
         <size>0xb</size>
         <input_file_ref idref="fl-23"/>
      </object_component>
      <object_component id="oc-244">
         <name>.cinit:_ODE_TPDO_Mapping_NoOfEntries</name>
         <load_address>0x33384e</load_address>
         <run_address>0x33384e</run_address>
         <size>0xb</size>
         <input_file_ref idref="fl-23"/>
      </object_component>
      <object_component id="oc-1ec">
         <name>.cinit:_SpeedL</name>
         <load_address>0x333859</load_address>
         <run_address>0x333859</run_address>
         <size>0xb</size>
         <input_file_ref idref="fl-2"/>
      </object_component>
      <object_component id="oc-1ee">
         <name>.cinit:_SpeedLRm</name>
         <load_address>0x333864</load_address>
         <run_address>0x333864</run_address>
         <size>0xb</size>
         <input_file_ref idref="fl-2"/>
      </object_component>
      <object_component id="oc-259">
         <name>.cinit:_EncData</name>
         <load_address>0x33386f</load_address>
         <run_address>0x33386f</run_address>
         <size>0xa</size>
         <input_file_ref idref="fl-2"/>
      </object_component>
      <object_component id="oc-22e">
         <name>.cinit:_rEncData</name>
         <load_address>0x333879</load_address>
         <run_address>0x333879</run_address>
         <size>0xa</size>
         <input_file_ref idref="fl-2"/>
      </object_component>
      <object_component id="oc-26a">
         <name>.cinit:_SgmaIq</name>
         <load_address>0x333883</load_address>
         <run_address>0x333883</run_address>
         <size>0x9</size>
         <input_file_ref idref="fl-2"/>
      </object_component>
      <object_component id="oc-268">
         <name>.cinit:_SgmaSpd</name>
         <load_address>0x33388c</load_address>
         <run_address>0x33388c</run_address>
         <size>0x9</size>
         <input_file_ref idref="fl-2"/>
      </object_component>
      <object_component id="oc-1ea">
         <name>.cinit:_Speed</name>
         <load_address>0x333895</load_address>
         <run_address>0x333895</run_address>
         <size>0x9</size>
         <input_file_ref idref="fl-2"/>
      </object_component>
      <object_component id="oc-1da">
         <name>.cinit:_x1Iqr</name>
         <load_address>0x33389e</load_address>
         <run_address>0x33389e</run_address>
         <size>0x9</size>
         <input_file_ref idref="fl-2"/>
      </object_component>
      <object_component id="oc-1dc">
         <name>.cinit:_x2Iqr</name>
         <load_address>0x3338a7</load_address>
         <run_address>0x3338a7</run_address>
         <size>0x9</size>
         <input_file_ref idref="fl-2"/>
      </object_component>
      <object_component id="oc-1d8">
         <name>.cinit:_xIqr</name>
         <load_address>0x3338b0</load_address>
         <run_address>0x3338b0</run_address>
         <size>0x9</size>
         <input_file_ref idref="fl-2"/>
      </object_component>
      <object_component id="oc-1e0">
         <name>.cinit:_y1Iqr</name>
         <load_address>0x3338b9</load_address>
         <run_address>0x3338b9</run_address>
         <size>0x9</size>
         <input_file_ref idref="fl-2"/>
      </object_component>
      <object_component id="oc-1e2">
         <name>.cinit:_y2Iqr</name>
         <load_address>0x3338c2</load_address>
         <run_address>0x3338c2</run_address>
         <size>0x9</size>
         <input_file_ref idref="fl-2"/>
      </object_component>
      <object_component id="oc-1de">
         <name>.cinit:_yIqr</name>
         <load_address>0x3338cb</load_address>
         <run_address>0x3338cb</run_address>
         <size>0x9</size>
         <input_file_ref idref="fl-2"/>
      </object_component>
      <object_component id="oc-1e4">
         <name>.cinit:_yIqrm</name>
         <load_address>0x3338d4</load_address>
         <run_address>0x3338d4</run_address>
         <size>0x9</size>
         <input_file_ref idref="fl-2"/>
      </object_component>
      <object_component id="oc-276">
         <name>.cinit:_BcdCode</name>
         <load_address>0x3338dd</load_address>
         <run_address>0x3338dd</run_address>
         <size>0x8</size>
         <input_file_ref idref="fl-2"/>
      </object_component>
      <object_component id="oc-1d3">
         <name>.cinit:_LedSegment</name>
         <load_address>0x3338e5</load_address>
         <run_address>0x3338e5</run_address>
         <size>0x8</size>
         <input_file_ref idref="fl-2"/>
      </object_component>
      <object_component id="oc-281">
         <name>.cinit:_CO_SYNCcounter_old$1</name>
         <load_address>0x3338ed</load_address>
         <run_address>0x3338ed</run_address>
         <size>0x7</size>
         <input_file_ref idref="fl-26"/>
      </object_component>
      <object_component id="oc-25d">
         <name>.cinit:_Delt_speed</name>
         <load_address>0x3338f4</load_address>
         <run_address>0x3338f4</run_address>
         <size>0x7</size>
         <input_file_ref idref="fl-2"/>
      </object_component>
      <object_component id="oc-24a">
         <name>.cinit:_RPDO_MAPPing_Flag</name>
         <load_address>0x3338fb</load_address>
         <run_address>0x3338fb</run_address>
         <size>0x7</size>
         <input_file_ref idref="fl-25"/>
      </object_component>
      <object_component id="oc-205">
         <name>.cinit:_SFiltIn</name>
         <load_address>0x333902</load_address>
         <run_address>0x333902</run_address>
         <size>0x7</size>
         <input_file_ref idref="fl-2"/>
      </object_component>
      <object_component id="oc-20f">
         <name>.cinit:_Save32bit</name>
         <load_address>0x333909</load_address>
         <run_address>0x333909</run_address>
         <size>0x7</size>
         <input_file_ref idref="fl-2"/>
      </object_component>
      <object_component id="oc-1cc">
         <name>.cinit:_Scur</name>
         <load_address>0x333910</load_address>
         <run_address>0x333910</run_address>
         <size>0x7</size>
         <input_file_ref idref="fl-2"/>
      </object_component>
      <object_component id="oc-24c">
         <name>.cinit:_TPDO_MAPPing_Flag</name>
         <load_address>0x333917</load_address>
         <run_address>0x333917</run_address>
         <size>0x7</size>
         <input_file_ref idref="fl-25"/>
      </object_component>
      <object_component id="oc-217">
         <name>.cinit:_Xbuffer</name>
         <load_address>0x33391e</load_address>
         <run_address>0x33391e</run_address>
         <size>0x7</size>
         <input_file_ref idref="fl-2"/>
      </object_component>
      <object_component id="oc-25b">
         <name>.cinit:_absPos</name>
         <load_address>0x333925</load_address>
         <run_address>0x333925</run_address>
         <size>0x7</size>
         <input_file_ref idref="fl-2"/>
      </object_component>
      <object_component id="oc-26e">
         <name>.cinit:_aveSgmaSpd</name>
         <load_address>0x33392c</load_address>
         <run_address>0x33392c</run_address>
         <size>0x7</size>
         <input_file_ref idref="fl-2"/>
      </object_component>
      <object_component id="oc-252">
         <name>.cinit:_spgTime</name>
         <load_address>0x333933</load_address>
         <run_address>0x333933</run_address>
         <size>0x7</size>
         <input_file_ref idref="fl-2"/>
      </object_component>
      <object_component id="oc-254">
         <name>.cinit:_spgTimeDelt</name>
         <load_address>0x33393a</load_address>
         <run_address>0x33393a</run_address>
         <size>0x7</size>
         <input_file_ref idref="fl-2"/>
      </object_component>
      <object_component id="oc-1e6">
         <name>.cinit:_y1Iqrm</name>
         <load_address>0x333941</load_address>
         <run_address>0x333941</run_address>
         <size>0x7</size>
         <input_file_ref idref="fl-2"/>
      </object_component>
      <object_component id="oc-1e8">
         <name>.cinit:_y2Iqrm</name>
         <load_address>0x333948</load_address>
         <run_address>0x333948</run_address>
         <size>0x7</size>
         <input_file_ref idref="fl-2"/>
      </object_component>
      <object_component id="oc-26c">
         <name>.cinit:_jsgmacnt</name>
         <load_address>0x33394f</load_address>
         <run_address>0x33394f</run_address>
         <size>0x6</size>
         <input_file_ref idref="fl-2"/>
      </object_component>
      <object_component id="oc-265">
         <name>.cinit:_MPg</name>
         <load_address>0x333955</load_address>
         <run_address>0x333955</run_address>
         <size>0x5</size>
         <input_file_ref idref="fl-2"/>
      </object_component>
      <object_component id="oc-240">
         <name>.cinit:_ODE_Consumer_Heartbeat_Time</name>
         <load_address>0x33395a</load_address>
         <run_address>0x33395a</run_address>
         <size>0x5</size>
         <input_file_ref idref="fl-23"/>
      </object_component>
      <object_component id="oc-1d0">
         <name>.cinit:_PGCNT</name>
         <load_address>0x33395f</load_address>
         <run_address>0x33395f</run_address>
         <size>0x5</size>
         <input_file_ref idref="fl-2"/>
      </object_component>
      <object_component id="oc-1c0">
         <name>.cinit:_Pf</name>
         <load_address>0x333964</load_address>
         <run_address>0x333964</run_address>
         <size>0x5</size>
         <input_file_ref idref="fl-2"/>
      </object_component>
      <object_component id="oc-202">
         <name>.cinit:_Pg</name>
         <load_address>0x333969</load_address>
         <run_address>0x333969</run_address>
         <size>0x5</size>
         <input_file_ref idref="fl-2"/>
      </object_component>
      <object_component id="oc-20c">
         <name>.cinit:_StateBit</name>
         <load_address>0x33396e</load_address>
         <run_address>0x33396e</run_address>
         <size>0x5</size>
         <input_file_ref idref="fl-2"/>
      </object_component>
      <object_component id="oc-1d6">
         <name>.cinit:_SwGainPg</name>
         <load_address>0x333973</load_address>
         <run_address>0x333973</run_address>
         <size>0x5</size>
         <input_file_ref idref="fl-2"/>
      </object_component>
      <object_component id="oc-1c8">
         <name>.cinit:__lock</name>
         <load_address>0x333978</load_address>
         <run_address>0x333978</run_address>
         <size>0x5</size>
         <input_file_ref idref="fl-4c"/>
      </object_component>
      <object_component id="oc-230">
         <name>.cinit:__unlock</name>
         <load_address>0x33397d</load_address>
         <run_address>0x33397d</run_address>
         <size>0x5</size>
         <input_file_ref idref="fl-4c"/>
      </object_component>
      <object_component id="oc-273">
         <name>.cinit:_abs_relative</name>
         <load_address>0x333982</load_address>
         <run_address>0x333982</run_address>
         <size>0x5</size>
         <input_file_ref idref="fl-22"/>
      </object_component>
      <object_component id="oc-1fd">
         <name>.cinit:_almin_buf</name>
         <load_address>0x333987</load_address>
         <run_address>0x333987</run_address>
         <size>0x5</size>
         <input_file_ref idref="fl-2"/>
      </object_component>
      <object_component id="oc-1ff">
         <name>.cinit:_almin_filter_out</name>
         <load_address>0x33398c</load_address>
         <run_address>0x33398c</run_address>
         <size>0x5</size>
         <input_file_ref idref="fl-2"/>
      </object_component>
      <object_component id="oc-1fb">
         <name>.cinit:_in_filter_out</name>
         <load_address>0x333991</load_address>
         <run_address>0x333991</run_address>
         <size>0x5</size>
         <input_file_ref idref="fl-2"/>
      </object_component>
      <object_component id="oc-1f9">
         <name>.cinit:_input_buf</name>
         <load_address>0x333996</load_address>
         <run_address>0x333996</run_address>
         <size>0x5</size>
         <input_file_ref idref="fl-2"/>
      </object_component>
      <object_component id="oc-138">
         <name>.cinit</name>
         <load_address>0x33399b</load_address>
         <run_address>0x33399b</run_address>
         <size>0x4</size>
         <input_file_ref idref="fl-24"/>
      </object_component>
      <object_component id="oc-11a">
         <name>.cinit</name>
         <load_address>0x33399f</load_address>
         <run_address>0x33399f</run_address>
         <size>0x4</size>
         <input_file_ref idref="fl-20"/>
      </object_component>
      <object_component id="oc-1c2">
         <name>.text</name>
         <load_address>0x320000</load_address>
         <run_address>0x320000</run_address>
         <size>0x22fb</size>
         <input_file_ref idref="fl-20"/>
      </object_component>
      <object_component id="oc-1c1">
         <name>.text</name>
         <load_address>0x3222fb</load_address>
         <run_address>0x3222fb</run_address>
         <size>0x18d6</size>
         <input_file_ref idref="fl-21"/>
      </object_component>
      <object_component id="oc-210">
         <name>.text</name>
         <load_address>0x323bd1</load_address>
         <run_address>0x323bd1</run_address>
         <size>0x168e</size>
         <input_file_ref idref="fl-1f"/>
      </object_component>
      <object_component id="oc-1c9">
         <name>.text</name>
         <load_address>0x32525f</load_address>
         <run_address>0x32525f</run_address>
         <size>0x1146</size>
         <input_file_ref idref="fl-25"/>
      </object_component>
      <object_component id="oc-1f4">
         <name>.text</name>
         <load_address>0x3263a5</load_address>
         <run_address>0x3263a5</run_address>
         <size>0x10f2</size>
         <input_file_ref idref="fl-22"/>
      </object_component>
      <object_component id="oc-1c6">
         <name>.text</name>
         <load_address>0x327497</load_address>
         <run_address>0x327497</run_address>
         <size>0x1008</size>
         <input_file_ref idref="fl-2"/>
      </object_component>
      <object_component id="oc-1ca">
         <name>.text</name>
         <load_address>0x32849f</load_address>
         <run_address>0x32849f</run_address>
         <size>0xeb6</size>
         <input_file_ref idref="fl-27"/>
      </object_component>
      <object_component id="oc-21d">
         <name>.text</name>
         <load_address>0x329355</load_address>
         <run_address>0x329355</run_address>
         <size>0x723</size>
         <input_file_ref idref="fl-23"/>
      </object_component>
      <object_component id="oc-1f0">
         <name>.text</name>
         <load_address>0x329a78</load_address>
         <run_address>0x329a78</run_address>
         <size>0x6f1</size>
         <input_file_ref idref="fl-29"/>
      </object_component>
      <object_component id="oc-1be">
         <name>.text</name>
         <load_address>0x32a169</load_address>
         <run_address>0x32a169</run_address>
         <size>0x6c9</size>
         <input_file_ref idref="fl-1e"/>
      </object_component>
      <object_component id="oc-1c4">
         <name>.text</name>
         <load_address>0x32a832</load_address>
         <run_address>0x32a832</run_address>
         <size>0x6af</size>
         <input_file_ref idref="fl-24"/>
      </object_component>
      <object_component id="oc-228">
         <name>.text</name>
         <load_address>0x32aee1</load_address>
         <run_address>0x32aee1</run_address>
         <size>0x66f</size>
         <input_file_ref idref="fl-1d"/>
      </object_component>
      <object_component id="oc-1c3">
         <name>.text</name>
         <load_address>0x32b550</load_address>
         <run_address>0x32b550</run_address>
         <size>0x481</size>
         <input_file_ref idref="fl-1c"/>
      </object_component>
      <object_component id="oc-75">
         <name>.text:retain</name>
         <load_address>0x32b9d1</load_address>
         <run_address>0x32b9d1</run_address>
         <size>0x323</size>
         <input_file_ref idref="fl-a"/>
      </object_component>
      <object_component id="oc-22a">
         <name>.text</name>
         <load_address>0x32bcf4</load_address>
         <run_address>0x32bcf4</run_address>
         <size>0x251</size>
         <input_file_ref idref="fl-3"/>
      </object_component>
      <object_component id="oc-220">
         <name>.text</name>
         <load_address>0x32bf45</load_address>
         <run_address>0x32bf45</run_address>
         <size>0x228</size>
         <input_file_ref idref="fl-12"/>
      </object_component>
      <object_component id="oc-21f">
         <name>.text</name>
         <load_address>0x32c16d</load_address>
         <run_address>0x32c16d</run_address>
         <size>0x121</size>
         <input_file_ref idref="fl-10"/>
      </object_component>
      <object_component id="oc-225">
         <name>.text</name>
         <load_address>0x32c28e</load_address>
         <run_address>0x32c28e</run_address>
         <size>0x109</size>
         <input_file_ref idref="fl-19"/>
      </object_component>
      <object_component id="oc-17a">
         <name>.text</name>
         <load_address>0x32c397</load_address>
         <run_address>0x32c397</run_address>
         <size>0x107</size>
         <input_file_ref idref="fl-42"/>
      </object_component>
      <object_component id="oc-21e">
         <name>.text</name>
         <load_address>0x32c49e</load_address>
         <run_address>0x32c49e</run_address>
         <size>0xf9</size>
         <input_file_ref idref="fl-18"/>
      </object_component>
      <object_component id="oc-226">
         <name>.text</name>
         <load_address>0x32c597</load_address>
         <run_address>0x32c597</run_address>
         <size>0xe3</size>
         <input_file_ref idref="fl-e"/>
      </object_component>
      <object_component id="oc-255">
         <name>.text</name>
         <load_address>0x32c67a</load_address>
         <run_address>0x32c67a</run_address>
         <size>0xc8</size>
         <input_file_ref idref="fl-28"/>
      </object_component>
      <object_component id="oc-207">
         <name>.text</name>
         <load_address>0x32c742</load_address>
         <run_address>0x32c742</run_address>
         <size>0x96</size>
         <input_file_ref idref="fl-17"/>
      </object_component>
      <object_component id="oc-227">
         <name>.text</name>
         <load_address>0x32c7d8</load_address>
         <run_address>0x32c7d8</run_address>
         <size>0x59</size>
         <input_file_ref idref="fl-5"/>
      </object_component>
      <object_component id="oc-4a">
         <name>.text</name>
         <load_address>0x32c831</load_address>
         <run_address>0x32c831</run_address>
         <size>0x56</size>
         <input_file_ref idref="fl-3f"/>
      </object_component>
      <object_component id="oc-11c">
         <name>.text:retain</name>
         <load_address>0x32c887</load_address>
         <run_address>0x32c887</run_address>
         <size>0x44</size>
         <input_file_ref idref="fl-20"/>
      </object_component>
      <object_component id="oc-10e">
         <name>.text:retain</name>
         <load_address>0x32c8cb</load_address>
         <run_address>0x32c8cb</run_address>
         <size>0x3f</size>
         <input_file_ref idref="fl-1e"/>
      </object_component>
      <object_component id="oc-fb">
         <name>.text:retain</name>
         <load_address>0x32c90a</load_address>
         <run_address>0x32c90a</run_address>
         <size>0x39</size>
         <input_file_ref idref="fl-1b"/>
      </object_component>
      <object_component id="oc-18e">
         <name>.text</name>
         <load_address>0x32c943</load_address>
         <run_address>0x32c943</run_address>
         <size>0x2a</size>
         <input_file_ref idref="fl-46"/>
      </object_component>
      <object_component id="oc-1bc">
         <name>.text</name>
         <load_address>0x32c96d</load_address>
         <run_address>0x32c96d</run_address>
         <size>0x29</size>
         <input_file_ref idref="fl-4b"/>
      </object_component>
      <object_component id="oc-221">
         <name>.text</name>
         <load_address>0x32c996</load_address>
         <run_address>0x32c996</run_address>
         <size>0x28</size>
         <input_file_ref idref="fl-14"/>
      </object_component>
      <object_component id="oc-1b9">
         <name>.text</name>
         <load_address>0x32c9be</load_address>
         <run_address>0x32c9be</run_address>
         <size>0x24</size>
         <input_file_ref idref="fl-47"/>
      </object_component>
      <object_component id="oc-184">
         <name>.text</name>
         <load_address>0x32c9e2</load_address>
         <run_address>0x32c9e2</run_address>
         <size>0x22</size>
         <input_file_ref idref="fl-44"/>
      </object_component>
      <object_component id="oc-222">
         <name>.text</name>
         <load_address>0x32ca04</load_address>
         <run_address>0x32ca04</run_address>
         <size>0x20</size>
         <input_file_ref idref="fl-15"/>
      </object_component>
      <object_component id="oc-175">
         <name>.text</name>
         <load_address>0x32ca24</load_address>
         <run_address>0x32ca24</run_address>
         <size>0x1e</size>
         <input_file_ref idref="fl-41"/>
      </object_component>
      <object_component id="oc-1c5">
         <name>.text</name>
         <load_address>0x32ca42</load_address>
         <run_address>0x32ca42</run_address>
         <size>0x1d</size>
         <input_file_ref idref="fl-48"/>
      </object_component>
      <object_component id="oc-1bb">
         <name>.text</name>
         <load_address>0x32ca5f</load_address>
         <run_address>0x32ca5f</run_address>
         <size>0x19</size>
         <input_file_ref idref="fl-4d"/>
      </object_component>
      <object_component id="oc-208">
         <name>.text</name>
         <load_address>0x32ca78</load_address>
         <run_address>0x32ca78</run_address>
         <size>0x17</size>
         <input_file_ref idref="fl-16"/>
      </object_component>
      <object_component id="oc-17f">
         <name>.text</name>
         <load_address>0x32ca8f</load_address>
         <run_address>0x32ca8f</run_address>
         <size>0x14</size>
         <input_file_ref idref="fl-43"/>
      </object_component>
      <object_component id="oc-223">
         <name>.text</name>
         <load_address>0x32caa3</load_address>
         <run_address>0x32caa3</run_address>
         <size>0x13</size>
         <input_file_ref idref="fl-13"/>
      </object_component>
      <object_component id="oc-189">
         <name>.text</name>
         <load_address>0x32cab6</load_address>
         <run_address>0x32cab6</run_address>
         <size>0xb</size>
         <input_file_ref idref="fl-45"/>
      </object_component>
      <object_component id="oc-22f">
         <name>.text</name>
         <load_address>0x32cac1</load_address>
         <run_address>0x32cac1</run_address>
         <size>0x9</size>
         <input_file_ref idref="fl-4c"/>
      </object_component>
      <object_component id="oc-64">
         <name>.text</name>
         <load_address>0x32caca</load_address>
         <run_address>0x32caca</run_address>
         <size>0x8</size>
         <input_file_ref idref="fl-7"/>
      </object_component>
      <object_component id="oc-7a">
         <name>.text</name>
         <load_address>0x32cad2</load_address>
         <run_address>0x32cad2</run_address>
         <size>0x7</size>
         <input_file_ref idref="fl-b"/>
      </object_component>
      <object_component id="oc-170">
         <name>.text</name>
         <load_address>0x32cad9</load_address>
         <run_address>0x32cad9</run_address>
         <size>0x5</size>
         <input_file_ref idref="fl-40"/>
      </object_component>
      <object_component id="oc-6a">
         <name>.text</name>
         <load_address>0x32cade</load_address>
         <run_address>0x32cade</run_address>
         <size>0x3</size>
         <input_file_ref idref="fl-8"/>
      </object_component>
      <object_component id="oc-1b8">
         <name>.text</name>
         <load_address>0x32cae1</load_address>
         <run_address>0x32cae1</run_address>
         <size>0x2</size>
         <input_file_ref idref="fl-49"/>
      </object_component>
      <object_component id="oc-1ba">
         <name>.text</name>
         <load_address>0x32cae3</load_address>
         <run_address>0x32cae3</run_address>
         <size>0x1</size>
         <input_file_ref idref="fl-4a"/>
      </object_component>
      <object_component id="oc-65">
         <name>codestart</name>
         <load_address>0x33fff6</load_address>
         <run_address>0x33fff6</run_address>
         <size>0x2</size>
         <input_file_ref idref="fl-7"/>
      </object_component>
      <object_component id="oc-1ce">
         <name>ramfuncs</name>
         <load_address>0x3339a5</load_address>
         <run_address>0x8000</run_address>
         <size>0x7ce</size>
         <input_file_ref idref="fl-1e"/>
      </object_component>
      <object_component id="oc-1d4">
         <name>ramfuncs</name>
         <load_address>0x334173</load_address>
         <run_address>0x87ce</run_address>
         <size>0x74f</size>
         <input_file_ref idref="fl-21"/>
      </object_component>
      <object_component id="oc-224">
         <name>ramfuncs</name>
         <load_address>0x3348c2</load_address>
         <run_address>0x8f1d</run_address>
         <size>0x1b</size>
         <input_file_ref idref="fl-18"/>
      </object_component>
      <object_component id="oc-f3">
         <name>ramfuncs</name>
         <load_address>0x3348dd</load_address>
         <run_address>0x8f38</run_address>
         <size>0x4</size>
         <input_file_ref idref="fl-1a"/>
      </object_component>
      <object_component id="oc-1bd">
         <name>ramfuncs1</name>
         <load_address>0x330601</load_address>
         <run_address>0x9000</run_address>
         <size>0xc99</size>
         <input_file_ref idref="fl-1e"/>
      </object_component>
      <object_component id="oc-1ef">
         <name>ramfuncs1</name>
         <load_address>0x33129a</load_address>
         <run_address>0x9c99</run_address>
         <size>0xb1e</size>
         <input_file_ref idref="fl-21"/>
      </object_component>
      <object_component id="oc-1f5">
         <name>ramfuncs1</name>
         <load_address>0x331db8</load_address>
         <run_address>0xa7b7</run_address>
         <size>0x86d</size>
         <input_file_ref idref="fl-22"/>
      </object_component>
      <object_component id="oc-21c">
         <name>ramfuncs1</name>
         <load_address>0x332625</load_address>
         <run_address>0xb024</run_address>
         <size>0x76</size>
         <input_file_ref idref="fl-24"/>
      </object_component>
      <object_component id="oc-10f">
         <name>ramfuncs2:retain</name>
         <load_address>0x32cae4</load_address>
         <run_address>0xcdf2</run_address>
         <size>0x348</size>
         <input_file_ref idref="fl-1e"/>
      </object_component>
      <object_component id="oc-274">
         <name>ramfuncs2</name>
         <load_address>0x32ce2c</load_address>
         <run_address>0xd13a</run_address>
         <size>0x2fd</size>
         <input_file_ref idref="fl-22"/>
      </object_component>
      <object_component id="oc-245">
         <name>ramfuncs2</name>
         <load_address>0x32d129</load_address>
         <run_address>0xd437</run_address>
         <size>0x23d</size>
         <input_file_ref idref="fl-26"/>
      </object_component>
      <object_component id="oc-1f3">
         <name>ramfuncs2</name>
         <load_address>0x32d366</load_address>
         <run_address>0xd674</run_address>
         <size>0xdc</size>
         <input_file_ref idref="fl-21"/>
      </object_component>
      <object_component id="oc-13a">
         <name>ramfuncs2:retain</name>
         <load_address>0x32d442</load_address>
         <run_address>0xd750</run_address>
         <size>0xdb</size>
         <input_file_ref idref="fl-24"/>
      </object_component>
      <object_component id="oc-62">
         <name>csmpasswds</name>
         <load_address>0x33fff8</load_address>
         <run_address>0x33fff8</run_address>
         <size>0x8</size>
         <input_file_ref idref="fl-6"/>
      </object_component>
      <object_component id="oc-63">
         <name>csm_rsvd</name>
         <load_address>0x33ff80</load_address>
         <run_address>0x33ff80</run_address>
         <size>0x76</size>
         <input_file_ref idref="fl-6"/>
      </object_component>
      <object_component id="oc-16a">
         <name>.stack</name>
         <uninitialized>true</uninitialized>
         <run_address>0x400</run_address>
         <size>0x0</size>
         <input_file_ref idref="fl-3f"/>
      </object_component>
      <object_component id="oc-2e0">
         <name>.stack</name>
         <uninitialized>true</uninitialized>
         <run_address>0x400</run_address>
         <size>0x0</size>
      </object_component>
      <object_component id="oc-4d">
         <name>.ebss</name>
         <uninitialized>true</uninitialized>
         <run_address>0xc000</run_address>
         <size>0x380</size>
         <input_file_ref idref="fl-2"/>
      </object_component>
      <object_component id="oc-20b">
         <name>.ebss:_StateBit</name>
         <uninitialized>true</uninitialized>
         <run_address>0xcde0</run_address>
         <size>0x2</size>
         <input_file_ref idref="fl-2"/>
      </object_component>
      <object_component id="oc-1f8">
         <name>.ebss:_input_buf</name>
         <uninitialized>true</uninitialized>
         <run_address>0xcdf0</run_address>
         <size>0x2</size>
         <input_file_ref idref="fl-2"/>
      </object_component>
      <object_component id="oc-1fc">
         <name>.ebss:_almin_buf</name>
         <uninitialized>true</uninitialized>
         <run_address>0xcdea</run_address>
         <size>0x2</size>
         <input_file_ref idref="fl-2"/>
      </object_component>
      <object_component id="oc-1fa">
         <name>.ebss:_in_filter_out</name>
         <uninitialized>true</uninitialized>
         <run_address>0xcdee</run_address>
         <size>0x2</size>
         <input_file_ref idref="fl-2"/>
      </object_component>
      <object_component id="oc-1fe">
         <name>.ebss:_almin_filter_out</name>
         <uninitialized>true</uninitialized>
         <run_address>0xcdec</run_address>
         <size>0x2</size>
         <input_file_ref idref="fl-2"/>
      </object_component>
      <object_component id="oc-1d5">
         <name>.ebss:_SwGainPg</name>
         <uninitialized>true</uninitialized>
         <run_address>0xcde2</run_address>
         <size>0x2</size>
         <input_file_ref idref="fl-2"/>
      </object_component>
      <object_component id="oc-201">
         <name>.ebss:_Pg</name>
         <uninitialized>true</uninitialized>
         <run_address>0xcdde</run_address>
         <size>0x2</size>
         <input_file_ref idref="fl-2"/>
      </object_component>
      <object_component id="oc-1bf">
         <name>.ebss:_Pf</name>
         <uninitialized>true</uninitialized>
         <run_address>0xcdbe</run_address>
         <size>0x2</size>
         <input_file_ref idref="fl-2"/>
      </object_component>
      <object_component id="oc-264">
         <name>.ebss:_MPg</name>
         <uninitialized>true</uninitialized>
         <run_address>0xc7fe</run_address>
         <size>0x2</size>
         <input_file_ref idref="fl-2"/>
      </object_component>
      <object_component id="oc-1cf">
         <name>.ebss:_PGCNT</name>
         <uninitialized>true</uninitialized>
         <run_address>0xcd3e</run_address>
         <size>0x2</size>
         <input_file_ref idref="fl-2"/>
      </object_component>
      <object_component id="oc-26b">
         <name>.ebss:_jsgmacnt</name>
         <uninitialized>true</uninitialized>
         <run_address>0xcddb</run_address>
         <size>0x3</size>
         <input_file_ref idref="fl-2"/>
      </object_component>
      <object_component id="oc-25a">
         <name>.ebss:_absPos</name>
         <uninitialized>true</uninitialized>
         <run_address>0xcdc0</run_address>
         <size>0x4</size>
         <input_file_ref idref="fl-2"/>
      </object_component>
      <object_component id="oc-204">
         <name>.ebss:_SFiltIn</name>
         <uninitialized>true</uninitialized>
         <run_address>0xcdaa</run_address>
         <size>0x4</size>
         <input_file_ref idref="fl-2"/>
      </object_component>
      <object_component id="oc-216">
         <name>.ebss:_Xbuffer</name>
         <uninitialized>true</uninitialized>
         <run_address>0xcdba</run_address>
         <size>0x4</size>
         <input_file_ref idref="fl-2"/>
      </object_component>
      <object_component id="oc-1e5">
         <name>.ebss:_y1Iqrm</name>
         <uninitialized>true</uninitialized>
         <run_address>0xcdd0</run_address>
         <size>0x4</size>
         <input_file_ref idref="fl-2"/>
      </object_component>
      <object_component id="oc-1e7">
         <name>.ebss:_y2Iqrm</name>
         <uninitialized>true</uninitialized>
         <run_address>0xcdd4</run_address>
         <size>0x4</size>
         <input_file_ref idref="fl-2"/>
      </object_component>
      <object_component id="oc-251">
         <name>.ebss:_spgTime</name>
         <uninitialized>true</uninitialized>
         <run_address>0xcdc8</run_address>
         <size>0x4</size>
         <input_file_ref idref="fl-2"/>
      </object_component>
      <object_component id="oc-253">
         <name>.ebss:_spgTimeDelt</name>
         <uninitialized>true</uninitialized>
         <run_address>0xcdcc</run_address>
         <size>0x4</size>
         <input_file_ref idref="fl-2"/>
      </object_component>
      <object_component id="oc-25c">
         <name>.ebss:_Delt_speed</name>
         <uninitialized>true</uninitialized>
         <run_address>0xcda2</run_address>
         <size>0x4</size>
         <input_file_ref idref="fl-2"/>
      </object_component>
      <object_component id="oc-1cb">
         <name>.ebss:_Scur</name>
         <uninitialized>true</uninitialized>
         <run_address>0xcdb2</run_address>
         <size>0x4</size>
         <input_file_ref idref="fl-2"/>
      </object_component>
      <object_component id="oc-26d">
         <name>.ebss:_aveSgmaSpd</name>
         <uninitialized>true</uninitialized>
         <run_address>0xcdc4</run_address>
         <size>0x4</size>
         <input_file_ref idref="fl-2"/>
      </object_component>
      <object_component id="oc-20e">
         <name>.ebss:_Save32bit</name>
         <uninitialized>true</uninitialized>
         <run_address>0xcdae</run_address>
         <size>0x4</size>
         <input_file_ref idref="fl-2"/>
      </object_component>
      <object_component id="oc-1d2">
         <name>.ebss:_LedSegment</name>
         <uninitialized>true</uninitialized>
         <run_address>0xcd90</run_address>
         <size>0x5</size>
         <input_file_ref idref="fl-2"/>
      </object_component>
      <object_component id="oc-275">
         <name>.ebss:_BcdCode</name>
         <uninitialized>true</uninitialized>
         <run_address>0xcd8b</run_address>
         <size>0x5</size>
         <input_file_ref idref="fl-2"/>
      </object_component>
      <object_component id="oc-1dd">
         <name>.ebss:_yIqr</name>
         <uninitialized>true</uninitialized>
         <run_address>0xcd74</run_address>
         <size>0x6</size>
         <input_file_ref idref="fl-2"/>
      </object_component>
      <object_component id="oc-1d7">
         <name>.ebss:_xIqr</name>
         <uninitialized>true</uninitialized>
         <run_address>0xcd62</run_address>
         <size>0x6</size>
         <input_file_ref idref="fl-2"/>
      </object_component>
      <object_component id="oc-1df">
         <name>.ebss:_y1Iqr</name>
         <uninitialized>true</uninitialized>
         <run_address>0xcd68</run_address>
         <size>0x6</size>
         <input_file_ref idref="fl-2"/>
      </object_component>
      <object_component id="oc-1d9">
         <name>.ebss:_x1Iqr</name>
         <uninitialized>true</uninitialized>
         <run_address>0xcd56</run_address>
         <size>0x6</size>
         <input_file_ref idref="fl-2"/>
      </object_component>
      <object_component id="oc-1e1">
         <name>.ebss:_y2Iqr</name>
         <uninitialized>true</uninitialized>
         <run_address>0xcd6e</run_address>
         <size>0x6</size>
         <input_file_ref idref="fl-2"/>
      </object_component>
      <object_component id="oc-1db">
         <name>.ebss:_x2Iqr</name>
         <uninitialized>true</uninitialized>
         <run_address>0xcd5c</run_address>
         <size>0x6</size>
         <input_file_ref idref="fl-2"/>
      </object_component>
      <object_component id="oc-1e3">
         <name>.ebss:_yIqrm</name>
         <uninitialized>true</uninitialized>
         <run_address>0xcd7a</run_address>
         <size>0x6</size>
         <input_file_ref idref="fl-2"/>
      </object_component>
      <object_component id="oc-267">
         <name>.ebss:_SgmaSpd</name>
         <uninitialized>true</uninitialized>
         <run_address>0xcbfa</run_address>
         <size>0x6</size>
         <input_file_ref idref="fl-2"/>
      </object_component>
      <object_component id="oc-269">
         <name>.ebss:_SgmaIq</name>
         <uninitialized>true</uninitialized>
         <run_address>0xc6fa</run_address>
         <size>0x6</size>
         <input_file_ref idref="fl-2"/>
      </object_component>
      <object_component id="oc-1e9">
         <name>.ebss:_Speed</name>
         <uninitialized>true</uninitialized>
         <run_address>0xccfa</run_address>
         <size>0x6</size>
         <input_file_ref idref="fl-2"/>
      </object_component>
      <object_component id="oc-258">
         <name>.ebss:_EncData</name>
         <uninitialized>true</uninitialized>
         <run_address>0xcd48</run_address>
         <size>0x7</size>
         <input_file_ref idref="fl-2"/>
      </object_component>
      <object_component id="oc-22d">
         <name>.ebss:_rEncData</name>
         <uninitialized>true</uninitialized>
         <run_address>0xcd4f</run_address>
         <size>0x7</size>
         <input_file_ref idref="fl-2"/>
      </object_component>
      <object_component id="oc-256">
         <name>.ebss:_Au5561</name>
         <uninitialized>true</uninitialized>
         <run_address>0xc7f6</run_address>
         <size>0x8</size>
         <input_file_ref idref="fl-2"/>
      </object_component>
      <object_component id="oc-1f1">
         <name>.ebss:_Jiner</name>
         <uninitialized>true</uninitialized>
         <run_address>0xca76</run_address>
         <size>0x8</size>
         <input_file_ref idref="fl-2"/>
      </object_component>
      <object_component id="oc-1eb">
         <name>.ebss:_SpeedL</name>
         <uninitialized>true</uninitialized>
         <run_address>0xcd36</run_address>
         <size>0x8</size>
         <input_file_ref idref="fl-2"/>
      </object_component>
      <object_component id="oc-1ed">
         <name>.ebss:_SpeedLRm</name>
         <uninitialized>true</uninitialized>
         <run_address>0xcd40</run_address>
         <size>0x8</size>
         <input_file_ref idref="fl-2"/>
      </object_component>
      <object_component id="oc-260">
         <name>.ebss:_xMotor</name>
         <uninitialized>true</uninitialized>
         <run_address>0xcd00</run_address>
         <size>0x10</size>
         <input_file_ref idref="fl-2"/>
      </object_component>
      <object_component id="oc-262">
         <name>.ebss:_yMotor</name>
         <uninitialized>true</uninitialized>
         <run_address>0xcd10</run_address>
         <size>0x10</size>
         <input_file_ref idref="fl-2"/>
      </object_component>
      <object_component id="oc-209">
         <name>.ebss:_Un</name>
         <uninitialized>true</uninitialized>
         <run_address>0xca60</run_address>
         <size>0x16</size>
         <input_file_ref idref="fl-2"/>
      </object_component>
      <object_component id="oc-26f">
         <name>.ebss:_Jauto</name>
         <uninitialized>true</uninitialized>
         <run_address>0xcc00</run_address>
         <size>0x40</size>
         <input_file_ref idref="fl-2"/>
      </object_component>
      <object_component id="oc-25e">
         <name>.ebss:_slid_speed</name>
         <uninitialized>true</uninitialized>
         <run_address>0xc900</run_address>
         <size>0x80</size>
         <input_file_ref idref="fl-2"/>
      </object_component>
      <object_component id="oc-214">
         <name>.ebss:_Rxbuffer</name>
         <uninitialized>true</uninitialized>
         <run_address>0xc800</run_address>
         <size>0xc8</size>
         <input_file_ref idref="fl-2"/>
      </object_component>
      <object_component id="oc-1cd">
         <name>.ebss:_Pn</name>
         <uninitialized>true</uninitialized>
         <run_address>0xc380</run_address>
         <size>0x175</size>
         <input_file_ref idref="fl-2"/>
      </object_component>
      <object_component id="oc-53">
         <name>.ebss</name>
         <uninitialized>true</uninitialized>
         <run_address>0xcafd</run_address>
         <size>0x3</size>
         <input_file_ref idref="fl-3"/>
      </object_component>
      <object_component id="oc-22c">
         <name>.ebss:_reg</name>
         <uninitialized>true</uninitialized>
         <run_address>0xc4f5</run_address>
         <size>0xa</size>
         <input_file_ref idref="fl-3"/>
      </object_component>
      <object_component id="oc-fa">
         <name>.ebss</name>
         <uninitialized>true</uninitialized>
         <run_address>0xc6d8</run_address>
         <size>0x22</size>
         <input_file_ref idref="fl-1b"/>
      </object_component>
      <object_component id="oc-106">
         <name>.ebss</name>
         <uninitialized>true</uninitialized>
         <run_address>0xcdd8</run_address>
         <size>0x3</size>
         <input_file_ref idref="fl-1d"/>
      </object_component>
      <object_component id="oc-10d">
         <name>.ebss</name>
         <uninitialized>true</uninitialized>
         <run_address>0xcb74</run_address>
         <size>0xc</size>
         <input_file_ref idref="fl-1e"/>
      </object_component>
      <object_component id="oc-11b">
         <name>.ebss</name>
         <uninitialized>true</uninitialized>
         <run_address>0xcd86</run_address>
         <size>0x5</size>
         <input_file_ref idref="fl-20"/>
      </object_component>
      <object_component id="oc-123">
         <name>.ebss</name>
         <uninitialized>true</uninitialized>
         <run_address>0xc8c8</run_address>
         <size>0x1c</size>
         <input_file_ref idref="fl-21"/>
      </object_component>
      <object_component id="oc-12a">
         <name>.ebss</name>
         <uninitialized>true</uninitialized>
         <run_address>0xc600</run_address>
         <size>0xd8</size>
         <input_file_ref idref="fl-22"/>
      </object_component>
      <object_component id="oc-272">
         <name>.ebss:_abs_relative</name>
         <uninitialized>true</uninitialized>
         <run_address>0xcde8</run_address>
         <size>0x2</size>
         <input_file_ref idref="fl-22"/>
      </object_component>
      <object_component id="oc-131">
         <name>.ebss</name>
         <uninitialized>true</uninitialized>
         <run_address>0xc500</run_address>
         <size>0xda</size>
         <input_file_ref idref="fl-23"/>
      </object_component>
      <object_component id="oc-23f">
         <name>.ebss:_ODE_Consumer_Heartbeat_Time</name>
         <uninitialized>true</uninitialized>
         <run_address>0xca7e</run_address>
         <size>0x2</size>
         <input_file_ref idref="fl-23"/>
      </object_component>
      <object_component id="oc-23c">
         <name>.ebss:_ODE_RPDO_Mapping_NoOfEntries</name>
         <uninitialized>true</uninitialized>
         <run_address>0xcaf5</run_address>
         <size>0x8</size>
         <input_file_ref idref="fl-23"/>
      </object_component>
      <object_component id="oc-243">
         <name>.ebss:_ODE_TPDO_Mapping_NoOfEntries</name>
         <uninitialized>true</uninitialized>
         <run_address>0xcd2e</run_address>
         <size>0x8</size>
         <input_file_ref idref="fl-23"/>
      </object_component>
      <object_component id="oc-231">
         <name>.ebss:_ODE_Pre_Defined_Error_Field</name>
         <uninitialized>true</uninitialized>
         <run_address>0xcbca</run_address>
         <size>0x10</size>
         <input_file_ref idref="fl-23"/>
      </object_component>
      <object_component id="oc-282">
         <name>.ebss:_ODE_TPDO_MASK</name>
         <uninitialized>true</uninitialized>
         <run_address>0xcbda</run_address>
         <size>0x10</size>
         <input_file_ref idref="fl-23"/>
      </object_component>
      <object_component id="oc-288">
         <name>.ebss:_Drive_Manufacturer</name>
         <uninitialized>true</uninitialized>
         <run_address>0xcb60</run_address>
         <size>0x14</size>
         <input_file_ref idref="fl-23"/>
      </object_component>
      <object_component id="oc-28a">
         <name>.ebss:_Drive_Catalog_Address</name>
         <uninitialized>true</uninitialized>
[...]
      </symbol>
      <symbol id="sm-18f9">
         <name>_resver4</name>
         <value>0xcd23</value>
         <object_component_ref idref="oc-154"/>
      </symbol>
      <symbol id="sm-18fa">
         <name>_resver5</name>
         <value>0xcd2c</value>
         <object_component_ref idref="oc-154"/>
      </symbol>
      <symbol id="sm-18fb">
         <name>_DPRAM_memcpy1</name>
         <value>0x32c6e9</value>
         <object_component_ref idref="oc-255"/>
      </symbol>
      <symbol id="sm-18fc">
         <name>_DPRAM_CO_OD_NoOfElements</name>
         <value>0x33036f</value>
         <object_component_ref idref="oc-155"/>
      </symbol>
      <symbol id="sm-18fd">
         <name>_DPRAM_CO_OD_Write</name>
         <value>0x32c71f</value>
         <object_component_ref idref="oc-255"/>
      </symbol>
      <symbol id="sm-18fe">
         <name>_DPRAM_CO_OD</name>
         <value>0x330470</value>
         <object_component_ref idref="oc-28c"/>
      </symbol>
      <symbol id="sm-1986">
         <name>_PosSPEEDINS1</name>
         <value>0xcb82</value>
         <object_component_ref idref="oc-15c"/>
      </symbol>
      <symbol id="sm-1987">
         <name>_SpeedToPulse</name>
         <value>0x329d76</value>
         <object_component_ref idref="oc-1f0"/>
      </symbol>
      <symbol id="sm-1988">
         <name>_Init_TestData</name>
         <value>0x32a079</value>
         <object_component_ref idref="oc-1f0"/>
      </symbol>
      <symbol id="sm-1989">
         <name>_trap_speed_control1</name>
         <value>0x329cf9</value>
         <object_component_ref idref="oc-1f0"/>
      </symbol>
      <symbol id="sm-198a">
         <name>_Clear_Test_Data</name>
         <value>0x32a0cc</value>
         <object_component_ref idref="oc-1f0"/>
      </symbol>
      <symbol id="sm-198b">
         <name>_Test_Position_Step</name>
         <value>0x329b3d</value>
         <object_component_ref idref="oc-1f0"/>
      </symbol>
      <symbol id="sm-198c">
         <name>_test_pos_speed_plan1</name>
         <value>0x329f5d</value>
         <object_component_ref idref="oc-1f0"/>
      </symbol>
      <symbol id="sm-198d">
         <name>_Test_Position_Ramp</name>
         <value>0x329ab6</value>
         <object_component_ref idref="oc-1f0"/>
      </symbol>
      <symbol id="sm-198e">
         <name>_TEST_PP_velocity_plan_pars1</name>
         <value>0xcbc0</value>
         <object_component_ref idref="oc-15c"/>
      </symbol>
      <symbol id="sm-198f">
         <name>_Main_Test</name>
         <value>0x329a78</value>
         <object_component_ref idref="oc-1f0"/>
      </symbol>
      <symbol id="sm-1990">
         <name>_Test_Velocity_Trape</name>
         <value>0x329bb0</value>
         <object_component_ref idref="oc-1f0"/>
      </symbol>
      <symbol id="sm-1991">
         <name>_Caculate_Time</name>
         <value>0x329e3a</value>
         <object_component_ref idref="oc-1f0"/>
      </symbol>
      <symbol id="sm-1992">
         <name>_SigmaPgerr1</name>
         <value>0xcb86</value>
         <object_component_ref idref="oc-15c"/>
      </symbol>
      <symbol id="sm-1993">
         <name>_Pulse_give</name>
         <value>0x329c30</value>
         <object_component_ref idref="oc-1f0"/>
      </symbol>
      <symbol id="sm-1994">
         <name>_direction</name>
         <value>0xcb80</value>
         <object_component_ref idref="oc-15c"/>
      </symbol>
      <symbol id="sm-1995">
         <name>_dec_aster1more</name>
         <value>0xcb96</value>
         <object_component_ref idref="oc-15c"/>
      </symbol>
      <symbol id="sm-1996">
         <name>_acc_aster2more</name>
         <value>0xcba0</value>
         <object_component_ref idref="oc-15c"/>
      </symbol>
      <symbol id="sm-1997">
         <name>_inPgcnt1</name>
         <value>0xcb88</value>
         <object_component_ref idref="oc-15c"/>
      </symbol>
      <symbol id="sm-1998">
         <name>_acc_aster1more</name>
         <value>0xcb8c</value>
         <object_component_ref idref="oc-15c"/>
      </symbol>
      <symbol id="sm-1999">
         <name>_step_posmore</name>
         <value>0xcbb4</value>
         <object_component_ref idref="oc-15c"/>
      </symbol>
      <symbol id="sm-199a">
         <name>_PosSPEEDINSout1</name>
         <value>0xcb84</value>
         <object_component_ref idref="oc-15c"/>
      </symbol>
      <symbol id="sm-199b">
         <name>_acc_speed_unit_convers1</name>
         <value>0x329c88</value>
         <object_component_ref idref="oc-1f0"/>
      </symbol>
      <symbol id="sm-199c">
         <name>_Control_Use</name>
         <value>0x32a0b1</value>
         <object_component_ref idref="oc-1f0"/>
      </symbol>
      <symbol id="sm-199d">
         <name>_dec_aster2more</name>
         <value>0xcbaa</value>
         <object_component_ref idref="oc-15c"/>
      </symbol>
      <symbol id="sm-199e">
         <name>_Save_Data_Flag</name>
         <value>0x32a056</value>
         <object_component_ref idref="oc-1f0"/>
      </symbol>
      <symbol id="sm-199f">
         <name>_outPgerr</name>
         <value>0xcb8a</value>
         <object_component_ref idref="oc-15c"/>
      </symbol>
      <symbol id="sm-19a0">
         <name>_Test_Position_Sin</name>
         <value>0x329db0</value>
         <object_component_ref idref="oc-1f0"/>
      </symbol>
      <symbol id="sm-19a1">
         <name>_clear_remain_data</name>
         <value>0x32a152</value>
         <object_component_ref idref="oc-1f0"/>
      </symbol>
      <symbol id="sm-19a2">
         <name>_Test_Program</name>
         <value>0x329a91</value>
         <object_component_ref idref="oc-1f0"/>
      </symbol>
      <symbol id="sm-19ab">
         <name>__IQ16sinPU</name>
         <value>0x338042</value>
         <object_component_ref idref="oc-161"/>
      </symbol>
      <symbol id="sm-19b3">
         <name>__IQ1sqrt</name>
         <value>0x338000</value>
         <object_component_ref idref="oc-165"/>
      </symbol>
      <symbol id="sm-19b7">
         <name>_IQ4mpyRndSatTable</name>
         <value>0x3feb20</value>
         <object_component_ref idref="oc-169"/>
      </symbol>
      <symbol id="sm-19b8">
         <name>_IQ5mpyRndSatTable</name>
         <value>0x3feb14</value>
         <object_component_ref idref="oc-169"/>
      </symbol>
      <symbol id="sm-19b9">
         <name>_IQatan2Table</name>
         <value>0x3fe862</value>
         <object_component_ref idref="oc-169"/>
      </symbol>
      <symbol id="sm-19ba">
         <name>_IQisqrtTableEnd</name>
         <value>0x3fe824</value>
         <object_component_ref idref="oc-169"/>
      </symbol>
      <symbol id="sm-19bb">
         <name>_IQ8mpyRndSatTable</name>
         <value>0x3feaf0</value>
         <object_component_ref idref="oc-169"/>
      </symbol>
      <symbol id="sm-19bc">
         <name>_IQ9mpyRndSatTable</name>
         <value>0x3feae4</value>
         <object_component_ref idref="oc-169"/>
      </symbol>
      <symbol id="sm-19bd">
         <name>_IQsqrtTable</name>
         <value>0x3fe722</value>
         <object_component_ref idref="oc-169"/>
      </symbol>
      <symbol id="sm-19be">
         <name>_IQcosTableEnd</name>
         <value>0x3fe502</value>
         <object_component_ref idref="oc-169"/>
      </symbol>
      <symbol id="sm-19bf">
         <name>_IQatan2HalfPITable</name>
         <value>0x3fe824</value>
         <object_component_ref idref="oc-169"/>
      </symbol>
      <symbol id="sm-19c0">
         <name>_IQisqrtTable</name>
         <value>0x3fe722</value>
         <object_component_ref idref="oc-169"/>
      </symbol>
      <symbol id="sm-19c1">
         <name>_IQsqrtRoundSatTable</name>
         <value>0x3fe712</value>
         <object_component_ref idref="oc-169"/>
      </symbol>
      <symbol id="sm-19c2">
         <name>_IQsqrtTableEnd</name>
         <value>0x3fe824</value>
         <object_component_ref idref="oc-169"/>
      </symbol>
      <symbol id="sm-19c3">
         <name>_IQ30mpyRndSatTable</name>
         <value>0x3fe9e8</value>
         <object_component_ref idref="oc-169"/>
      </symbol>
      <symbol id="sm-19c4">
         <name>_IQ17mpyRndSatTable</name>
         <value>0x3fea84</value>
         <object_component_ref idref="oc-169"/>
      </symbol>
      <symbol id="sm-19c5">
         <name>_IQ16mpyRndSatTable</name>
         <value>0x3fea90</value>
         <object_component_ref idref="oc-169"/>
      </symbol>
      <symbol id="sm-19c6">
         <name>_IQ15mpyRndSatTable</name>
         <value>0x3fea9c</value>
         <object_component_ref idref="oc-169"/>
      </symbol>
      <symbol id="sm-19c7">
         <name>_IQ14mpyRndSatTable</name>
         <value>0x3feaa8</value>
         <object_component_ref idref="oc-169"/>
      </symbol>
      <symbol id="sm-19c8">
         <name>_IQ13mpyRndSatTable</name>
         <value>0x3feab4</value>
         <object_component_ref idref="oc-169"/>
      </symbol>
      <symbol id="sm-19c9">
         <name>_IQmpyRndSatTable</name>
         <value>0x3fe9e8</value>
         <object_component_ref idref="oc-169"/>
      </symbol>
      <symbol id="sm-19ca">
         <name>_IQ12mpyRndSatTable</name>
         <value>0x3feac0</value>
         <object_component_ref idref="oc-169"/>
      </symbol>
      <symbol id="sm-19cb">
         <name>_IQdivRoundSatTable</name>
         <value>0x3fe502</value>
         <object_component_ref idref="oc-169"/>
      </symbol>
      <symbol id="sm-19cc">
         <name>_IQisqrtRoundSatTable</name>
         <value>0x3fe712</value>
         <object_component_ref idref="oc-169"/>
      </symbol>
      <symbol id="sm-19cd">
         <name>_IQ11mpyRndSatTable</name>
         <value>0x3feacc</value>
         <object_component_ref idref="oc-169"/>
      </symbol>
      <symbol id="sm-19ce">
         <name>_IQcosTable</name>
         <value>0x3fe100</value>
         <object_component_ref idref="oc-169"/>
      </symbol>
      <symbol id="sm-19cf">
         <name>_IQ10mpyRndSatTable</name>
         <value>0x3fead8</value>
         <object_component_ref idref="oc-169"/>
      </symbol>
      <symbol id="sm-19d0">
         <name>_IQmpyRndSatTableEnd</name>
         <value>0x3feb50</value>
         <object_component_ref idref="oc-169"/>
      </symbol>
      <symbol id="sm-19d1">
         <name>_IQ19mpyRndSatTable</name>
         <value>0x3fea6c</value>
         <object_component_ref idref="oc-169"/>
      </symbol>
      <symbol id="sm-19d2">
         <name>_IQ27mpyRndSatTable</name>
         <value>0x3fea0c</value>
         <object_component_ref idref="oc-169"/>
      </symbol>
      <symbol id="sm-19d3">
         <name>_IQ18mpyRndSatTable</name>
         <value>0x3fea78</value>
         <object_component_ref idref="oc-169"/>
      </symbol>
      <symbol id="sm-19d4">
         <name>_IQ26mpyRndSatTable</name>
         <value>0x3fea18</value>
         <object_component_ref idref="oc-169"/>
      </symbol>
      <symbol id="sm-19d5">
         <name>_IQ25mpyRndSatTable</name>
         <value>0x3fea24</value>
         <object_component_ref idref="oc-169"/>
      </symbol>
      <symbol id="sm-19d6">
         <name>_IQsinTable</name>
         <value>0x3fe000</value>
         <object_component_ref idref="oc-169"/>
      </symbol>
      <symbol id="sm-19d7">
         <name>_IQ24mpyRndSatTable</name>
         <value>0x3fea30</value>
         <object_component_ref idref="oc-169"/>
      </symbol>
      <symbol id="sm-19d8">
         <name>_IQdivTableEnd</name>
         <value>0x3fe712</value>
         <object_component_ref idref="oc-169"/>
      </symbol>
      <symbol id="sm-19d9">
         <name>_IQ23mpyRndSatTable</name>
         <value>0x3fea3c</value>
         <object_component_ref idref="oc-169"/>
      </symbol>
      <symbol id="sm-19da">
         <name>_IQ22mpyRndSatTable</name>
         <value>0x3fea48</value>
         <object_component_ref idref="oc-169"/>
      </symbol>
      <symbol id="sm-19db">
         <name>_IQ21mpyRndSatTable</name>
         <value>0x3fea54</value>
         <object_component_ref idref="oc-169"/>
      </symbol>
      <symbol id="sm-19dc">
         <name>_IQ20mpyRndSatTable</name>
         <value>0x3fea60</value>
         <object_component_ref idref="oc-169"/>
      </symbol>
      <symbol id="sm-19dd">
         <name>_IQsinTableEnd</name>
         <value>0x3fe400</value>
         <object_component_ref idref="oc-169"/>
      </symbol>
      <symbol id="sm-19de">
         <name>_IQdivTable</name>
         <value>0x3fe510</value>
         <object_component_ref idref="oc-169"/>
      </symbol>
      <symbol id="sm-19df">
         <name>_IQ2mpyRndSatTable</name>
         <value>0x3feb38</value>
         <object_component_ref idref="oc-169"/>
      </symbol>
      <symbol id="sm-19e0">
         <name>_IQ3mpyRndSatTable</name>
         <value>0x3feb2c</value>
         <object_component_ref idref="oc-169"/>
      </symbol>
      <symbol id="sm-19e1">
         <name>_IQ1mpyRndSatTable</name>
         <value>0x3feb44</value>
         <object_component_ref idref="oc-169"/>
      </symbol>
      <symbol id="sm-19e2">
         <name>_IQ29mpyRndSatTable</name>
         <value>0x3fe9f4</value>
         <object_component_ref idref="oc-169"/>
      </symbol>
      <symbol id="sm-19e3">
         <name>_IQ6mpyRndSatTable</name>
         <value>0x3feb08</value>
         <object_component_ref idref="oc-169"/>
      </symbol>
      <symbol id="sm-19e4">
         <name>_IQatan2TableEnd</name>
         <value>0x3fe9e8</value>
         <object_component_ref idref="oc-169"/>
      </symbol>
      <symbol id="sm-19e5">
         <name>_IQ28mpyRndSatTable</name>
         <value>0x3fea00</value>
         <object_component_ref idref="oc-169"/>
      </symbol>
      <symbol id="sm-19e6">
         <name>_IQ7mpyRndSatTable</name>
         <value>0x3feafc</value>
         <object_component_ref idref="oc-169"/>
      </symbol>
      <symbol id="sm-1a01">
         <name>_c_int00</name>
         <value>0x32c831</value>
         <object_component_ref idref="oc-4a"/>
      </symbol>
      <symbol id="sm-1a02">
         <name>__stack</name>
         <value>0x400</value>
         <object_component_ref idref="oc-16a"/>
      </symbol>
      <symbol id="sm-1a0f">
         <name>LL$$ABS</name>
         <value>0x32cad9</value>
         <object_component_ref idref="oc-170"/>
      </symbol>
      <symbol id="sm-1a1d">
         <name>ULL$$CMP</name>
         <value>0x32ca36</value>
         <object_component_ref idref="oc-175"/>
      </symbol>
      <symbol id="sm-1a1e">
         <name>LL$$CMP</name>
         <value>0x32ca24</value>
         <object_component_ref idref="oc-175"/>
      </symbol>
      <symbol id="sm-1a4a">
         <name>ULL$$MOD</name>
         <value>0x32c43c</value>
         <object_component_ref idref="oc-17a"/>
      </symbol>
      <symbol id="sm-1a4b">
         <name>ULL$$DIV</name>
         <value>0x32c40d</value>
         <object_component_ref idref="oc-17a"/>
      </symbol>
      <symbol id="sm-1a4c">
         <name>LL$$MOD</name>
         <value>0x32c3d3</value>
         <object_component_ref idref="oc-17a"/>
      </symbol>
      <symbol id="sm-1a4d">
         <name>LL$$DIV</name>
         <value>0x32c397</value>
         <object_component_ref idref="oc-17a"/>
      </symbol>
      <symbol id="sm-1a59">
         <name>LL$$MPY</name>
         <value>0x32ca8f</value>
         <object_component_ref idref="oc-17f"/>
      </symbol>
      <symbol id="sm-1a67">
         <name>I$$MOD</name>
         <value>0x32c9f3</value>
         <object_component_ref idref="oc-184"/>
      </symbol>
      <symbol id="sm-1a68">
         <name>I$$DIV</name>
         <value>0x32c9e2</value>
         <object_component_ref idref="oc-184"/>
      </symbol>
      <symbol id="sm-1a74">
         <name>U$$MOD</name>
         <value>0x32cabb</value>
         <object_component_ref idref="oc-189"/>
      </symbol>
      <symbol id="sm-1a75">
         <name>U$$DIV</name>
         <value>0x32cab6</value>
         <object_component_ref idref="oc-189"/>
      </symbol>
      <symbol id="sm-1a81">
         <name>UL$$MOD</name>
         <value>0x32c967</value>
         <object_component_ref idref="oc-18e"/>
      </symbol>
      <symbol id="sm-1a82">
         <name>L$$MOD</name>
         <value>0x32c952</value>
         <object_component_ref idref="oc-18e"/>
      </symbol>
      <symbol id="sm-1a83">
         <name>L$$DIV</name>
         <value>0x32c943</value>
         <object_component_ref idref="oc-18e"/>
      </symbol>
      <symbol id="sm-1a84">
         <name>UL$$DIV</name>
         <value>0x32c960</value>
         <object_component_ref idref="oc-18e"/>
      </symbol>
      <symbol id="sm-1a93">
         <name>_copy_in</name>
         <value>0x32c9be</value>
         <object_component_ref idref="oc-1b9"/>
      </symbol>
      <symbol id="sm-1aa4">
         <name>_memcpy</name>
         <value>0x32ca42</value>
         <object_component_ref idref="oc-1c5"/>
      </symbol>
      <symbol id="sm-1ab0">
         <name>__system_pre_init</name>
         <value>0x32cae1</value>
         <object_component_ref idref="oc-1b8"/>
      </symbol>
      <symbol id="sm-1abd">
         <name>__system_post_cinit</name>
         <value>0x32cae3</value>
         <object_component_ref idref="oc-1ba"/>
      </symbol>
      <symbol id="sm-1ad1">
         <name>C$$EXIT</name>
         <value>0x32c96d</value>
         <object_component_ref idref="oc-1bc"/>
      </symbol>
      <symbol id="sm-1ad2">
         <name>_exit</name>
         <value>0x32c96f</value>
         <object_component_ref idref="oc-1bc"/>
      </symbol>
      <symbol id="sm-1ad3">
         <name>___TI_cleanup_ptr</name>
         <value>0xcd82</value>
         <object_component_ref idref="oc-1a9"/>
      </symbol>
      <symbol id="sm-1ad4">
         <name>___TI_enable_exit_profile_output</name>
         <value>0xcd80</value>
         <object_component_ref idref="oc-1a9"/>
      </symbol>
      <symbol id="sm-1ad5">
         <name>_abort</name>
         <value>0x32c96d</value>
         <object_component_ref idref="oc-1bc"/>
      </symbol>
      <symbol id="sm-1ad6">
         <name>___TI_dtors_ptr</name>
         <value>0xcd84</value>
         <object_component_ref idref="oc-1a9"/>
      </symbol>
      <symbol id="sm-1aea">
         <name>__unlock</name>
         <value>0xcde6</value>
         <object_component_ref idref="oc-27f"/>
      </symbol>
      <symbol id="sm-1aeb">
         <name>__lock</name>
         <value>0xcde4</value>
         <object_component_ref idref="oc-1c7"/>
      </symbol>
      <symbol id="sm-1aec">
         <name>__register_lock</name>
         <value>0x32cac5</value>
         <object_component_ref idref="oc-22f"/>
      </symbol>
      <symbol id="sm-1aed">
         <name>__nop</name>
         <value>0x32cac9</value>
         <object_component_ref idref="oc-22f"/>
      </symbol>
      <symbol id="sm-1aee">
         <name>__register_unlock</name>
         <value>0x32cac1</value>
         <object_component_ref idref="oc-22f"/>
      </symbol>
      <symbol id="sm-1afd">
         <name>__args_main</name>
         <value>0x32ca5f</value>
         <object_component_ref idref="oc-1bb"/>
      </symbol>
   </symbol_table>
   <title>Link successful</title>
</link_info>
